Archive member included to satisfy reference by file (symbol)

/home/arjun/flipperzero-firmware/toolchain/x86_64-linux/bin/../lib/gcc/arm-none-eabi/12.3.1/thumb/v7e-m+fp/hard/libgcc.a(_arm_addsubdf3.o)
                              build/f7-firmware-D/.extapps/cli_subghz/subghz_cli.o (__aeabi_f2d)

Discarded input sections

 .text          0x00000000        0x0 build/f7-firmware-D/.extapps/cli_subghz/subghz_cli.o
 .data          0x00000000        0x0 build/f7-firmware-D/.extapps/cli_subghz/subghz_cli.o
 .bss           0x00000000        0x0 build/f7-firmware-D/.extapps/cli_subghz/subghz_cli.o
 .comment       0x00000000       0x1c build/f7-firmware-D/.extapps/cli_subghz/subghz_cli.o
 .text          0x00000000        0x0 build/f7-firmware-D/.extapps/cli_subghz/helpers/subghz_chat.o
 .data          0x00000000        0x0 build/f7-firmware-D/.extapps/cli_subghz/helpers/subghz_chat.o
 .bss           0x00000000        0x0 build/f7-firmware-D/.extapps/cli_subghz/helpers/subghz_chat.o
 .comment       0x00000000       0x1c build/f7-firmware-D/.extapps/cli_subghz/helpers/subghz_chat.o
 .data          0x00000000        0x0 /home/arjun/flipperzero-firmware/toolchain/x86_64-linux/bin/../lib/gcc/arm-none-eabi/12.3.1/thumb/v7e-m+fp/hard/libgcc.a(_arm_addsubdf3.o)
 .bss           0x00000000        0x0 /home/arjun/flipperzero-firmware/toolchain/x86_64-linux/bin/../lib/gcc/arm-none-eabi/12.3.1/thumb/v7e-m+fp/hard/libgcc.a(_arm_addsubdf3.o)

Memory Configuration

Name             Origin             Length             Attributes
*default*        0x00000000         0xffffffff

Linker script and memory map

LOAD build/f7-firmware-D/.extapps/cli_subghz/subghz_cli.o
LOAD build/f7-firmware-D/.extapps/cli_subghz/helpers/subghz_chat.o
LOAD /home/arjun/flipperzero-firmware/toolchain/x86_64-linux/bin/../lib/gcc/arm-none-eabi/12.3.1/../../../../arm-none-eabi/lib/thumb/v7e-m+fp/hard/libm.a
LOAD /home/arjun/flipperzero-firmware/toolchain/x86_64-linux/bin/../lib/gcc/arm-none-eabi/12.3.1/thumb/v7e-m+fp/hard/libgcc.a
LOAD /home/arjun/flipperzero-firmware/toolchain/x86_64-linux/bin/../lib/gcc/arm-none-eabi/12.3.1/../../../../arm-none-eabi/lib/thumb/v7e-m+fp/hard/libstdc++_nano.a
LOAD /home/arjun/flipperzero-firmware/toolchain/x86_64-linux/bin/../lib/gcc/arm-none-eabi/12.3.1/../../../../arm-none-eabi/lib/thumb/v7e-m+fp/hard/libsupc++_nano.a

.text           0x00000000     0x21c4
 *(.text)
 .text          0x00000000      0x378 /home/arjun/flipperzero-firmware/toolchain/x86_64-linux/bin/../lib/gcc/arm-none-eabi/12.3.1/thumb/v7e-m+fp/hard/libgcc.a(_arm_addsubdf3.o)
                0x00000000                __aeabi_drsub
                0x00000008                __aeabi_dsub
                0x00000008                __subdf3
                0x0000000c                __adddf3
                0x0000000c                __aeabi_dadd
                0x00000284                __aeabi_ui2d
                0x00000284                __floatunsidf
                0x000002a4                __floatsidf
                0x000002a4                __aeabi_i2d
                0x000002c8                __extendsfdf2
                0x000002c8                __aeabi_f2d
                0x0000030c                __aeabi_ul2d
                0x0000030c                __floatundidf
                0x0000031c                __floatdidf
                0x0000031c                __aeabi_l2d
 *(.stub)
 *(.text*)
 .text.subghz_cli_radio_device_power_on
                0x00000378       0x28 build/f7-firmware-D/.extapps/cli_subghz/subghz_cli.o
 .text.subghz_cli_radio_device_power_off
                0x000003a0       0x28 build/f7-firmware-D/.extapps/cli_subghz/subghz_cli.o
 .text.subghz_cli_command_get_device
                0x000003c8       0x58 build/f7-firmware-D/.extapps/cli_subghz/subghz_cli.o
 .text.subghz_cli_command_rx_capture_callback
                0x00000420       0x48 build/f7-firmware-D/.extapps/cli_subghz/subghz_cli.o
 .text.subghz_cli_command_rx_callback
                0x00000468       0x54 build/f7-firmware-D/.extapps/cli_subghz/subghz_cli.o
 .text.subghz_cli_environment_init
                0x000004bc       0xa0 build/f7-firmware-D/.extapps/cli_subghz/subghz_cli.o
 .text.subghz_cli_get_preset_name
                0x0000055c       0x74 build/f7-firmware-D/.extapps/cli_subghz/subghz_cli.o
 .text.subghz_cli_command_print_usage
                0x000005d0       0x90 build/f7-firmware-D/.extapps/cli_subghz/subghz_cli.o
 .text.subghz_cli_command_chat
                0x00000660      0x550 build/f7-firmware-D/.extapps/cli_subghz/subghz_cli.o
 .text.subghz_cli_command_encrypt_keeloq
                0x00000bb0       0xc4 build/f7-firmware-D/.extapps/cli_subghz/subghz_cli.o
 .text.subghz_cli_command_encrypt_raw
                0x00000c74       0x94 build/f7-firmware-D/.extapps/cli_subghz/subghz_cli.o
 .text.subghz_cli_command_tx_carrier
                0x00000d08      0x128 build/f7-firmware-D/.extapps/cli_subghz/subghz_cli.o
                0x00000d08                subghz_cli_command_tx_carrier
 .text.subghz_cli_command_rx_carrier
                0x00000e30      0x12c build/f7-firmware-D/.extapps/cli_subghz/subghz_cli.o
                0x00000e30                subghz_cli_command_rx_carrier
 .text.subghz_cli_command_tx
                0x00000f5c      0x280 build/f7-firmware-D/.extapps/cli_subghz/subghz_cli.o
                0x00000f5c                subghz_cli_command_tx
 .text.subghz_cli_command_rx
                0x000011dc      0x224 build/f7-firmware-D/.extapps/cli_subghz/subghz_cli.o
                0x000011dc                subghz_cli_command_rx
 .text.subghz_cli_command_rx_raw
                0x00001400      0x1a8 build/f7-firmware-D/.extapps/cli_subghz/subghz_cli.o
                0x00001400                subghz_cli_command_rx_raw
 .text.subghz_cli_command_decode_raw
                0x000015a8      0x23c build/f7-firmware-D/.extapps/cli_subghz/subghz_cli.o
                0x000015a8                subghz_cli_command_decode_raw
 .text.subghz_cli_command_tx_from_file
                0x000017e4      0x57c build/f7-firmware-D/.extapps/cli_subghz/subghz_cli.o
                0x000017e4                subghz_cli_command_tx_from_file
 .text.execute  0x00001d60      0x170 build/f7-firmware-D/.extapps/cli_subghz/subghz_cli.o
 .text.cli_subghz_ep
                0x00001ed0        0x8 build/f7-firmware-D/.extapps/cli_subghz/subghz_cli.o
                0x00001ed0                cli_subghz_ep
 .text.subghz_chat_worker_thread
                0x00001ed8       0x78 build/f7-firmware-D/.extapps/cli_subghz/helpers/subghz_chat.o
 .text.subghz_chat_worker_update_rx_event_chat
                0x00001f50       0x5c build/f7-firmware-D/.extapps/cli_subghz/helpers/subghz_chat.o
 .text.subghz_chat_worker_alloc
                0x00001fac       0x4c build/f7-firmware-D/.extapps/cli_subghz/helpers/subghz_chat.o
                0x00001fac                subghz_chat_worker_alloc
 .text.subghz_chat_worker_free
                0x00001ff8       0x48 build/f7-firmware-D/.extapps/cli_subghz/helpers/subghz_chat.o
                0x00001ff8                subghz_chat_worker_free
 .text.subghz_chat_worker_start
                0x00002040       0x60 build/f7-firmware-D/.extapps/cli_subghz/helpers/subghz_chat.o
                0x00002040                subghz_chat_worker_start
 .text.subghz_chat_worker_stop
                0x000020a0       0x48 build/f7-firmware-D/.extapps/cli_subghz/helpers/subghz_chat.o
                0x000020a0                subghz_chat_worker_stop
 .text.subghz_chat_worker_is_running
                0x000020e8       0x14 build/f7-firmware-D/.extapps/cli_subghz/helpers/subghz_chat.o
                0x000020e8                subghz_chat_worker_is_running
 .text.subghz_chat_worker_get_event_chat
                0x000020fc       0x54 build/f7-firmware-D/.extapps/cli_subghz/helpers/subghz_chat.o
                0x000020fc                subghz_chat_worker_get_event_chat
 .text.subghz_chat_worker_put_event_chat
                0x00002150       0x20 build/f7-firmware-D/.extapps/cli_subghz/helpers/subghz_chat.o
                0x00002150                subghz_chat_worker_put_event_chat
 .text.subghz_chat_worker_available
                0x00002170       0x1c build/f7-firmware-D/.extapps/cli_subghz/helpers/subghz_chat.o
                0x00002170                subghz_chat_worker_available
 .text.subghz_chat_worker_read
                0x0000218c       0x1c build/f7-firmware-D/.extapps/cli_subghz/helpers/subghz_chat.o
                0x0000218c                subghz_chat_worker_read
 .text.subghz_chat_worker_write
                0x000021a8       0x1c build/f7-firmware-D/.extapps/cli_subghz/helpers/subghz_chat.o
                0x000021a8                subghz_chat_worker_write
 *(.text.*)
 *(.text._*)
 *(.init)
 *(.fini)

.rodata         0x000021c4     0x1118
 *(.rodata)
 *(.rodata1)
 *(.rodata.*)
 .rodata.subghz_cli_radio_device_power_on.str1.4
                0x000021c4        0x6 build/f7-firmware-D/.extapps/cli_subghz/subghz_cli.o
 *fill*         0x000021ca        0x2 
 .rodata.subghz_cli_command_get_device.str1.4
                0x000021cc       0x17 build/f7-firmware-D/.extapps/cli_subghz/subghz_cli.o
 *fill*         0x000021e3        0x1 
 .rodata.subghz_cli_command_rx_callback.str1.4
                0x000021e4        0x3 build/f7-firmware-D/.extapps/cli_subghz/subghz_cli.o
 *fill*         0x000021e7        0x1 
 .rodata.subghz_cli_environment_init.str1.4
                0x000021e8      0x177 build/f7-firmware-D/.extapps/cli_subghz/subghz_cli.o
 *fill*         0x0000235f        0x1 
 .rodata.subghz_cli_get_preset_name.str1.4
                0x00002360       0xc8 build/f7-firmware-D/.extapps/cli_subghz/subghz_cli.o
 .rodata.subghz_cli_command_print_usage.str1.4
                0x00002428      0x393 build/f7-firmware-D/.extapps/cli_subghz/subghz_cli.o
 *fill*         0x000027bb        0x1 
 .rodata.subghz_cli_command_chat.str1.4
                0x000027bc      0x221 build/f7-firmware-D/.extapps/cli_subghz/subghz_cli.o
 *fill*         0x000029dd        0x3 
 .rodata.subghz_cli_command_encrypt_keeloq.str1.4
                0x000029e0       0x30 build/f7-firmware-D/.extapps/cli_subghz/subghz_cli.o
 .rodata.subghz_cli_command_tx_carrier.str1.4
                0x00002a10       0x83 build/f7-firmware-D/.extapps/cli_subghz/subghz_cli.o
 *fill*         0x00002a93        0x1 
 .rodata.subghz_cli_command_rx_carrier.str1.4
                0x00002a94       0x25 build/f7-firmware-D/.extapps/cli_subghz/subghz_cli.o
 *fill*         0x00002ab9        0x3 
 .rodata.subghz_cli_command_tx.str1.4
                0x00002abc      0x165 build/f7-firmware-D/.extapps/cli_subghz/subghz_cli.o
 *fill*         0x00002c21        0x3 
 .rodata.subghz_cli_command_rx.str1.4
                0x00002c24       0x65 build/f7-firmware-D/.extapps/cli_subghz/subghz_cli.o
 *fill*         0x00002c89        0x3 
 .rodata.subghz_cli_command_rx_raw.str1.4
                0x00002c8c       0x4b build/f7-firmware-D/.extapps/cli_subghz/subghz_cli.o
 *fill*         0x00002cd7        0x1 
 .rodata.subghz_cli_command_decode_raw.str1.4
                0x00002cd8      0x16c build/f7-firmware-D/.extapps/cli_subghz/subghz_cli.o
 .rodata.subghz_cli_command_tx_from_file.str1.4
                0x00002e44      0x3df build/f7-firmware-D/.extapps/cli_subghz/subghz_cli.o
 *fill*         0x00003223        0x1 
 .rodata.execute.str1.4
                0x00003224       0x67 build/f7-firmware-D/.extapps/cli_subghz/subghz_cli.o
 *fill*         0x0000328b        0x1 
 .rodata.str1.4
                0x0000328c        0xb build/f7-firmware-D/.extapps/cli_subghz/subghz_cli.o
 *fill*         0x00003297        0x1 
 .rodata.plugin_descriptor
                0x00003298        0xc build/f7-firmware-D/.extapps/cli_subghz/subghz_cli.o
 .rodata.cli_subghz_desc
                0x000032a4       0x10 build/f7-firmware-D/.extapps/cli_subghz/subghz_cli.o
 .rodata.subghz_chat_worker_thread.str1.4
                0x000032b4       0x28 build/f7-firmware-D/.extapps/cli_subghz/helpers/subghz_chat.o

.data
 *(.data)
 *(.data1)
 *(.data.*)

.bss
 *(.bss)
 *(.bss*)
 *(.sbss)
 *(.sbss*)
 *(COMMON)

.stab
 *(.stab)

.stabstr
 *(.stabstr)

.stab.excl
 *(.stab.excl)

.stab.exclstr
 *(.stab.exclstr)

.stab.index
 *(.stab.index)

.stab.indexstr
 *(.stab.indexstr)

.gnu.build.attributes
 *(.gnu.build.attributes .gnu.build.attributes.*)

.debug
 *(.debug)

.line
 *(.line)

.debug_srcinfo
 *(.debug_srcinfo)

.debug_sfnames
 *(.debug_sfnames)

.debug_aranges  0x00000000      0x130
 *(.debug_aranges)
 .debug_aranges
                0x00000000       0xb8 build/f7-firmware-D/.extapps/cli_subghz/subghz_cli.o
 .debug_aranges
                0x000000b8       0x78 build/f7-firmware-D/.extapps/cli_subghz/helpers/subghz_chat.o

.debug_pubnames
 *(.debug_pubnames)

.debug_info     0x00000000     0x7418
 *(.debug_info .gnu.linkonce.wi.*)
 .debug_info    0x00000000     0x60ff build/f7-firmware-D/.extapps/cli_subghz/subghz_cli.o
 .debug_info    0x000060ff     0x1319 build/f7-firmware-D/.extapps/cli_subghz/helpers/subghz_chat.o

.debug_abbrev   0x00000000      0x899
 *(.debug_abbrev)
 .debug_abbrev  0x00000000      0x572 build/f7-firmware-D/.extapps/cli_subghz/subghz_cli.o
 .debug_abbrev  0x00000572      0x327 build/f7-firmware-D/.extapps/cli_subghz/helpers/subghz_chat.o

.debug_line     0x00000000     0x217e
 *(.debug_line .debug_line.* .debug_line_end)
 .debug_line    0x00000000      0x6e2 build/f7-firmware-D/.extapps/cli_subghz/subghz_cli.o
 .debug_line.text.subghz_cli_radio_device_power_on
                0x000006e2       0x21 build/f7-firmware-D/.extapps/cli_subghz/subghz_cli.o
 .debug_line.text.subghz_cli_radio_device_power_off
                0x00000703       0x21 build/f7-firmware-D/.extapps/cli_subghz/subghz_cli.o
 .debug_line.text.subghz_cli_command_get_device
                0x00000724       0x60 build/f7-firmware-D/.extapps/cli_subghz/subghz_cli.o
 .debug_line.text.subghz_cli_command_rx_capture_callback
                0x00000784       0xa7 build/f7-firmware-D/.extapps/cli_subghz/subghz_cli.o
 .debug_line.text.subghz_cli_command_rx_callback
                0x0000082b       0x39 build/f7-firmware-D/.extapps/cli_subghz/subghz_cli.o
 .debug_line.text.subghz_cli_environment_init
                0x00000864       0x47 build/f7-firmware-D/.extapps/cli_subghz/subghz_cli.o
 .debug_line.text.subghz_cli_get_preset_name
                0x000008ab       0x6d build/f7-firmware-D/.extapps/cli_subghz/subghz_cli.o
 .debug_line.text.subghz_cli_command_print_usage
                0x00000918       0x39 build/f7-firmware-D/.extapps/cli_subghz/subghz_cli.o
 .debug_line.text.subghz_cli_command_chat
                0x00000951      0x30d build/f7-firmware-D/.extapps/cli_subghz/subghz_cli.o
 .debug_line.text.subghz_cli_command_encrypt_keeloq
                0x00000c5e       0x97 build/f7-firmware-D/.extapps/cli_subghz/subghz_cli.o
 .debug_line.text.subghz_cli_command_encrypt_raw
                0x00000cf5       0x7f build/f7-firmware-D/.extapps/cli_subghz/subghz_cli.o
 .debug_line.text.subghz_cli_command_tx_carrier
                0x00000d74       0xba build/f7-firmware-D/.extapps/cli_subghz/subghz_cli.o
 .debug_line.text.subghz_cli_command_rx_carrier
                0x00000e2e       0x8d build/f7-firmware-D/.extapps/cli_subghz/subghz_cli.o
 .debug_line.text.subghz_cli_command_tx
                0x00000ebb      0x149 build/f7-firmware-D/.extapps/cli_subghz/subghz_cli.o
 .debug_line.text.subghz_cli_command_rx
                0x00001004      0x148 build/f7-firmware-D/.extapps/cli_subghz/subghz_cli.o
 .debug_line.text.subghz_cli_command_rx_raw
                0x0000114c      0x142 build/f7-firmware-D/.extapps/cli_subghz/subghz_cli.o
 .debug_line.text.subghz_cli_command_decode_raw
                0x0000128e      0x17e build/f7-firmware-D/.extapps/cli_subghz/subghz_cli.o
 .debug_line.text.subghz_cli_command_tx_from_file
                0x0000140c      0x3bd build/f7-firmware-D/.extapps/cli_subghz/subghz_cli.o
 .debug_line.text.execute
                0x000017c9       0xe5 build/f7-firmware-D/.extapps/cli_subghz/subghz_cli.o
 .debug_line.text.cli_subghz_ep
                0x000018ae       0x13 build/f7-firmware-D/.extapps/cli_subghz/subghz_cli.o
 .debug_line_end
                0x000018c1        0x0 build/f7-firmware-D/.extapps/cli_subghz/subghz_cli.o
 .debug_line    0x000018c1      0x370 build/f7-firmware-D/.extapps/cli_subghz/helpers/subghz_chat.o
 .debug_line.text.subghz_chat_worker_thread
                0x00001c31       0x59 build/f7-firmware-D/.extapps/cli_subghz/helpers/subghz_chat.o
 .debug_line.text.subghz_chat_worker_update_rx_event_chat
                0x00001c8a       0x94 build/f7-firmware-D/.extapps/cli_subghz/helpers/subghz_chat.o
 .debug_line.text.subghz_chat_worker_alloc
                0x00001d1e       0x50 build/f7-firmware-D/.extapps/cli_subghz/helpers/subghz_chat.o
 .debug_line.text.subghz_chat_worker_free
                0x00001d6e       0x94 build/f7-firmware-D/.extapps/cli_subghz/helpers/subghz_chat.o
 .debug_line.text.subghz_chat_worker_start
                0x00001e02       0xb2 build/f7-firmware-D/.extapps/cli_subghz/helpers/subghz_chat.o
 .debug_line.text.subghz_chat_worker_stop
                0x00001eb4       0x9e build/f7-firmware-D/.extapps/cli_subghz/helpers/subghz_chat.o
 .debug_line.text.subghz_chat_worker_is_running
                0x00001f52       0x54 build/f7-firmware-D/.extapps/cli_subghz/helpers/subghz_chat.o
 .debug_line.text.subghz_chat_worker_get_event_chat
                0x00001fa6       0x7b build/f7-firmware-D/.extapps/cli_subghz/helpers/subghz_chat.o
 .debug_line.text.subghz_chat_worker_put_event_chat
                0x00002021       0x52 build/f7-firmware-D/.extapps/cli_subghz/helpers/subghz_chat.o
 .debug_line.text.subghz_chat_worker_available
                0x00002073       0x59 build/f7-firmware-D/.extapps/cli_subghz/helpers/subghz_chat.o
 .debug_line.text.subghz_chat_worker_read
                0x000020cc       0x59 build/f7-firmware-D/.extapps/cli_subghz/helpers/subghz_chat.o
 .debug_line.text.subghz_chat_worker_write
                0x00002125       0x59 build/f7-firmware-D/.extapps/cli_subghz/helpers/subghz_chat.o
 .debug_line_end
                0x0000217e        0x0 build/f7-firmware-D/.extapps/cli_subghz/helpers/subghz_chat.o

.debug_frame    0x00000000      0x404
 *(.debug_frame)
 .debug_frame   0x00000000      0x2b4 build/f7-firmware-D/.extapps/cli_subghz/subghz_cli.o
 .debug_frame   0x000002b4      0x150 build/f7-firmware-D/.extapps/cli_subghz/helpers/subghz_chat.o

.debug_str      0x00000000     0x3d78
 *(.debug_str)
 .debug_str     0x00000000     0x2fe8 build/f7-firmware-D/.extapps/cli_subghz/subghz_cli.o
 .debug_str     0x00002fe8      0xd90 build/f7-firmware-D/.extapps/cli_subghz/helpers/subghz_chat.o

.debug_loc
 *(.debug_loc)

.debug_macinfo
 *(.debug_macinfo)

.debug_weaknames
 *(.debug_weaknames)

.debug_funcnames
 *(.debug_funcnames)

.debug_typenames
 *(.debug_typenames)

.debug_varnames
 *(.debug_varnames)

.debug_pubtypes
 *(.debug_pubtypes)

.debug_ranges
 *(.debug_ranges)

.debug_addr
 *(.debug_addr)

.debug_line_str
                0x00000000       0xa8
 *(.debug_line_str)
 .debug_line_str
                0x00000000       0xa8 /home/arjun/flipperzero-firmware/toolchain/x86_64-linux/bin/../lib/gcc/arm-none-eabi/12.3.1/thumb/v7e-m+fp/hard/libgcc.a(_arm_addsubdf3.o)

.debug_loclists
                0x00000000     0x1252
 *(.debug_loclists)
 .debug_loclists
                0x00000000      0xe93 build/f7-firmware-D/.extapps/cli_subghz/subghz_cli.o
 .debug_loclists
                0x00000e93      0x3bf build/f7-firmware-D/.extapps/cli_subghz/helpers/subghz_chat.o

.debug_macro
 *(.debug_macro)

.debug_names
 *(.debug_names)

.debug_rnglists
                0x00000000      0x1d3
 *(.debug_rnglists)
 .debug_rnglists
                0x00000000      0x17e build/f7-firmware-D/.extapps/cli_subghz/subghz_cli.o
 .debug_rnglists
                0x0000017e       0x55 build/f7-firmware-D/.extapps/cli_subghz/helpers/subghz_chat.o

.debug_str_offsets
 *(.debug_str_offsets)

.debug_sup
 *(.debug_sup)

.ARM.attributes
                0x00000000       0x34
 *(.ARM.attributes)
 .ARM.attributes
                0x00000000       0x34 build/f7-firmware-D/.extapps/cli_subghz/subghz_cli.o
 .ARM.attributes
                0x00000034       0x34 build/f7-firmware-D/.extapps/cli_subghz/helpers/subghz_chat.o
 .ARM.attributes
                0x00000068       0x22 /home/arjun/flipperzero-firmware/toolchain/x86_64-linux/bin/../lib/gcc/arm-none-eabi/12.3.1/thumb/v7e-m+fp/hard/libgcc.a(_arm_addsubdf3.o)
 *(.gnu.attributes)

.note.gnu.arm.ident
 *(.note.gnu.arm.ident)

/DISCARD/
 *(.note.GNU-stack)
 *(.gnu_debuglink)
 *(.gnu.lto_*)

/DISCARD/
 *(.comment)
 *(.comment.*)
 *(.llvmbc)
 *(.llvmcmd)
OUTPUT(build/f7-firmware-D/.extapps/cli_subghz_d.elf elf32-littlearm)
LOAD linker stubs
