Archive member included to satisfy reference by file (symbol)

/home/arjun/flipperzero-firmware/toolchain/x86_64-linux/bin/../lib/gcc/arm-none-eabi/12.3.1/thumb/v7e-m+fp/hard/libgcc.a(_aeabi_uldivmod.o)
                              build/f7-firmware-D/.extapps/cli_neofetch/commands/neofetch.o (__aeabi_uldivmod)
/home/arjun/flipperzero-firmware/toolchain/x86_64-linux/bin/../lib/gcc/arm-none-eabi/12.3.1/thumb/v7e-m+fp/hard/libgcc.a(_udivmoddi4.o)
                              /home/arjun/flipperzero-firmware/toolchain/x86_64-linux/bin/../lib/gcc/arm-none-eabi/12.3.1/thumb/v7e-m+fp/hard/libgcc.a(_aeabi_uldivmod.o) (__udivmoddi4)
/home/arjun/flipperzero-firmware/toolchain/x86_64-linux/bin/../lib/gcc/arm-none-eabi/12.3.1/thumb/v7e-m+fp/hard/libgcc.a(_dvmd_tls.o)
                              /home/arjun/flipperzero-firmware/toolchain/x86_64-linux/bin/../lib/gcc/arm-none-eabi/12.3.1/thumb/v7e-m+fp/hard/libgcc.a(_aeabi_uldivmod.o) (__aeabi_ldiv0)

Discarded input sections

 .text          0x00000000        0x0 build/f7-firmware-D/.extapps/cli_neofetch/commands/neofetch.o
 .data          0x00000000        0x0 build/f7-firmware-D/.extapps/cli_neofetch/commands/neofetch.o
 .bss           0x00000000        0x0 build/f7-firmware-D/.extapps/cli_neofetch/commands/neofetch.o
 .comment       0x00000000       0x1c build/f7-firmware-D/.extapps/cli_neofetch/commands/neofetch.o
 .data          0x00000000        0x0 /home/arjun/flipperzero-firmware/toolchain/x86_64-linux/bin/../lib/gcc/arm-none-eabi/12.3.1/thumb/v7e-m+fp/hard/libgcc.a(_aeabi_uldivmod.o)
 .bss           0x00000000        0x0 /home/arjun/flipperzero-firmware/toolchain/x86_64-linux/bin/../lib/gcc/arm-none-eabi/12.3.1/thumb/v7e-m+fp/hard/libgcc.a(_aeabi_uldivmod.o)
 .data          0x00000000        0x0 /home/arjun/flipperzero-firmware/toolchain/x86_64-linux/bin/../lib/gcc/arm-none-eabi/12.3.1/thumb/v7e-m+fp/hard/libgcc.a(_udivmoddi4.o)
 .bss           0x00000000        0x0 /home/arjun/flipperzero-firmware/toolchain/x86_64-linux/bin/../lib/gcc/arm-none-eabi/12.3.1/thumb/v7e-m+fp/hard/libgcc.a(_udivmoddi4.o)
 .ARM.extab     0x00000000        0x0 /home/arjun/flipperzero-firmware/toolchain/x86_64-linux/bin/../lib/gcc/arm-none-eabi/12.3.1/thumb/v7e-m+fp/hard/libgcc.a(_udivmoddi4.o)
 .data          0x00000000        0x0 /home/arjun/flipperzero-firmware/toolchain/x86_64-linux/bin/../lib/gcc/arm-none-eabi/12.3.1/thumb/v7e-m+fp/hard/libgcc.a(_dvmd_tls.o)
 .bss           0x00000000        0x0 /home/arjun/flipperzero-firmware/toolchain/x86_64-linux/bin/../lib/gcc/arm-none-eabi/12.3.1/thumb/v7e-m+fp/hard/libgcc.a(_dvmd_tls.o)

Memory Configuration

Name             Origin             Length             Attributes
*default*        0x00000000         0xffffffff

Linker script and memory map

LOAD build/f7-firmware-D/.extapps/cli_neofetch/commands/neofetch.o
LOAD /home/arjun/flipperzero-firmware/toolchain/x86_64-linux/bin/../lib/gcc/arm-none-eabi/12.3.1/../../../../arm-none-eabi/lib/thumb/v7e-m+fp/hard/libm.a
LOAD /home/arjun/flipperzero-firmware/toolchain/x86_64-linux/bin/../lib/gcc/arm-none-eabi/12.3.1/thumb/v7e-m+fp/hard/libgcc.a
LOAD /home/arjun/flipperzero-firmware/toolchain/x86_64-linux/bin/../lib/gcc/arm-none-eabi/12.3.1/../../../../arm-none-eabi/lib/thumb/v7e-m+fp/hard/libstdc++_nano.a
LOAD /home/arjun/flipperzero-firmware/toolchain/x86_64-linux/bin/../lib/gcc/arm-none-eabi/12.3.1/../../../../arm-none-eabi/lib/thumb/v7e-m+fp/hard/libsupc++_nano.a

.text           0x00000000      0x69c
 *(.text)
 .text          0x00000000       0x30 /home/arjun/flipperzero-firmware/toolchain/x86_64-linux/bin/../lib/gcc/arm-none-eabi/12.3.1/thumb/v7e-m+fp/hard/libgcc.a(_aeabi_uldivmod.o)
                0x00000000                __aeabi_uldivmod
 .text          0x00000030      0x2bc /home/arjun/flipperzero-firmware/toolchain/x86_64-linux/bin/../lib/gcc/arm-none-eabi/12.3.1/thumb/v7e-m+fp/hard/libgcc.a(_udivmoddi4.o)
                0x00000030                __udivmoddi4
 .text          0x000002ec        0x4 /home/arjun/flipperzero-firmware/toolchain/x86_64-linux/bin/../lib/gcc/arm-none-eabi/12.3.1/thumb/v7e-m+fp/hard/libgcc.a(_dvmd_tls.o)
                0x000002ec                __aeabi_ldiv0
                0x000002ec                __aeabi_idiv0
 *(.stub)
 *(.text*)
 .text.execute  0x000002f0      0x3a4 build/f7-firmware-D/.extapps/cli_neofetch/commands/neofetch.o
 .text.cli_neofetch_ep
                0x00000694        0x8 build/f7-firmware-D/.extapps/cli_neofetch/commands/neofetch.o
                0x00000694                cli_neofetch_ep
 *(.text.*)
 *(.text._*)
 *(.init)
 *(.fini)

.rodata         0x0000069c      0x3f0
 *(.rodata)
 *(.rodata1)
 *(.rodata.*)
 .rodata.execute.str1.4
                0x0000069c      0x1d5 build/f7-firmware-D/.extapps/cli_neofetch/commands/neofetch.o
 *fill*         0x00000871        0x3 
 .rodata.str1.4
                0x00000874      0x1d1 build/f7-firmware-D/.extapps/cli_neofetch/commands/neofetch.o
 *fill*         0x00000a45        0x3 
 .rodata.neofetch_logo.0
                0x00000a48       0x28 build/f7-firmware-D/.extapps/cli_neofetch/commands/neofetch.o
 .rodata.plugin_descriptor
                0x00000a70        0xc build/f7-firmware-D/.extapps/cli_neofetch/commands/neofetch.o
 .rodata.cli_neofetch_desc
                0x00000a7c       0x10 build/f7-firmware-D/.extapps/cli_neofetch/commands/neofetch.o

.ARM.exidx      0x00000000        0x8
 .ARM.exidx     0x00000000        0x8 /home/arjun/flipperzero-firmware/toolchain/x86_64-linux/bin/../lib/gcc/arm-none-eabi/12.3.1/thumb/v7e-m+fp/hard/libgcc.a(_udivmoddi4.o)

.data
 *(.data)
 *(.data1)
 *(.data.*)

.bss
 *(.bss)
 *(.bss*)
 *(.sbss)
 *(.sbss*)
 *(COMMON)

.stab
 *(.stab)

.stabstr
 *(.stabstr)

.stab.excl
 *(.stab.excl)

.stab.exclstr
 *(.stab.exclstr)

.stab.index
 *(.stab.index)

.stab.indexstr
 *(.stab.indexstr)

.gnu.build.attributes
 *(.gnu.build.attributes .gnu.build.attributes.*)

.debug
 *(.debug)

.line
 *(.line)

.debug_srcinfo
 *(.debug_srcinfo)

.debug_sfnames
 *(.debug_sfnames)

.debug_aranges  0x00000000       0x28
 *(.debug_aranges)
 .debug_aranges
                0x00000000       0x28 build/f7-firmware-D/.extapps/cli_neofetch/commands/neofetch.o

.debug_pubnames
 *(.debug_pubnames)

.debug_info     0x00000000      0xce3
 *(.debug_info .gnu.linkonce.wi.*)
 .debug_info    0x00000000      0xce3 build/f7-firmware-D/.extapps/cli_neofetch/commands/neofetch.o

.debug_abbrev   0x00000000      0x252
 *(.debug_abbrev)
 .debug_abbrev  0x00000000      0x252 build/f7-firmware-D/.extapps/cli_neofetch/commands/neofetch.o

.debug_line     0x00000000      0x58e
 *(.debug_line .debug_line.* .debug_line_end)
 .debug_line    0x00000000      0x381 build/f7-firmware-D/.extapps/cli_neofetch/commands/neofetch.o
 .debug_line.text.execute
                0x00000381      0x1fa build/f7-firmware-D/.extapps/cli_neofetch/commands/neofetch.o
 .debug_line.text.cli_neofetch_ep
                0x0000057b       0x13 build/f7-firmware-D/.extapps/cli_neofetch/commands/neofetch.o
 .debug_line_end
                0x0000058e        0x0 build/f7-firmware-D/.extapps/cli_neofetch/commands/neofetch.o

.debug_frame    0x00000000       0x50
 *(.debug_frame)
 .debug_frame   0x00000000       0x50 build/f7-firmware-D/.extapps/cli_neofetch/commands/neofetch.o

.debug_str      0x00000000      0x7c6
 *(.debug_str)
 .debug_str     0x00000000      0x7c6 build/f7-firmware-D/.extapps/cli_neofetch/commands/neofetch.o

.debug_loc
 *(.debug_loc)

.debug_macinfo
 *(.debug_macinfo)

.debug_weaknames
 *(.debug_weaknames)

.debug_funcnames
 *(.debug_funcnames)

.debug_typenames
 *(.debug_typenames)

.debug_varnames
 *(.debug_varnames)

.debug_pubtypes
 *(.debug_pubtypes)

.debug_ranges
 *(.debug_ranges)

.debug_addr
 *(.debug_addr)

.debug_line_str
                0x00000000      0x14a
 *(.debug_line_str)
 .debug_line_str
                0x00000000       0xa3 /home/arjun/flipperzero-firmware/toolchain/x86_64-linux/bin/../lib/gcc/arm-none-eabi/12.3.1/thumb/v7e-m+fp/hard/libgcc.a(_aeabi_uldivmod.o)
 .debug_line_str
                0x000000a3       0xa7 /home/arjun/flipperzero-firmware/toolchain/x86_64-linux/bin/../lib/gcc/arm-none-eabi/12.3.1/thumb/v7e-m+fp/hard/libgcc.a(_dvmd_tls.o)

.debug_loclists
                0x00000000      0x243
 *(.debug_loclists)
 .debug_loclists
                0x00000000      0x243 build/f7-firmware-D/.extapps/cli_neofetch/commands/neofetch.o

.debug_macro
 *(.debug_macro)

.debug_names
 *(.debug_names)

.debug_rnglists
                0x00000000       0x36
 *(.debug_rnglists)
 .debug_rnglists
                0x00000000       0x36 build/f7-firmware-D/.extapps/cli_neofetch/commands/neofetch.o

.debug_str_offsets
 *(.debug_str_offsets)

.debug_sup
 *(.debug_sup)

.ARM.attributes
                0x00000000       0x34
 *(.ARM.attributes)
 .ARM.attributes
                0x00000000       0x34 build/f7-firmware-D/.extapps/cli_neofetch/commands/neofetch.o
 .ARM.attributes
                0x00000034       0x22 /home/arjun/flipperzero-firmware/toolchain/x86_64-linux/bin/../lib/gcc/arm-none-eabi/12.3.1/thumb/v7e-m+fp/hard/libgcc.a(_aeabi_uldivmod.o)
 .ARM.attributes
                0x00000056       0x34 /home/arjun/flipperzero-firmware/toolchain/x86_64-linux/bin/../lib/gcc/arm-none-eabi/12.3.1/thumb/v7e-m+fp/hard/libgcc.a(_udivmoddi4.o)
 .ARM.attributes
                0x0000008a       0x22 /home/arjun/flipperzero-firmware/toolchain/x86_64-linux/bin/../lib/gcc/arm-none-eabi/12.3.1/thumb/v7e-m+fp/hard/libgcc.a(_dvmd_tls.o)
 *(.gnu.attributes)

.note.gnu.arm.ident
 *(.note.gnu.arm.ident)

/DISCARD/
 *(.note.GNU-stack)
 *(.gnu_debuglink)
 *(.gnu.lto_*)

/DISCARD/
 *(.comment)
 *(.comment.*)
 *(.llvmbc)
 *(.llvmcmd)
OUTPUT(build/f7-firmware-D/.extapps/cli_neofetch_d.elf elf32-littlearm)
LOAD linker stubs
