Archive member included to satisfy reference by file (symbol)

build/f7-firmware-D/lib/libinfrared.a(infrared.o)
                              build/f7-firmware-D/.extapps/cli_ir/infrared_cli.o (infrared_decode)
build/f7-firmware-D/lib/libinfrared.a(infrared_brute_force.o)
                              build/f7-firmware-D/.extapps/cli_ir/infrared_cli.o (infrared_brute_force_alloc)
build/f7-firmware-D/lib/libinfrared.a(infrared_signal.o)
                              build/f7-firmware-D/.extapps/cli_ir/infrared_cli.o (infrared_signal_alloc)
build/f7-firmware-D/lib/libinfrared.a(infrared_transmit.o)
                              build/f7-firmware-D/lib/libinfrared.a(infrared_signal.o) (infrared_send_raw_ext)
build/f7-firmware-D/lib/libinfrared.a(infrared_worker.o)
                              build/f7-firmware-D/.extapps/cli_ir/infrared_cli.o (infrared_worker_rx_set_received_signal_callback)
build/f7-firmware-D/lib/libinfrared.a(infrared_decoder_kaseikyo.o)
                              build/f7-firmware-D/lib/libinfrared.a(infrared.o) (infrared_decoder_kaseikyo_check_ready)
build/f7-firmware-D/lib/libinfrared.a(infrared_encoder_kaseikyo.o)
                              build/f7-firmware-D/lib/libinfrared.a(infrared.o) (infrared_encoder_kaseikyo_reset)
build/f7-firmware-D/lib/libinfrared.a(infrared_protocol_kaseikyo.o)
                              build/f7-firmware-D/lib/libinfrared.a(infrared.o) (infrared_protocol_kaseikyo_get_variant)
build/f7-firmware-D/lib/libinfrared.a(infrared_decoder_nec.o)
                              build/f7-firmware-D/lib/libinfrared.a(infrared.o) (infrared_decoder_nec_check_ready)
build/f7-firmware-D/lib/libinfrared.a(infrared_encoder_nec.o)
                              build/f7-firmware-D/lib/libinfrared.a(infrared.o) (infrared_encoder_nec_reset)
build/f7-firmware-D/lib/libinfrared.a(infrared_protocol_nec.o)
                              build/f7-firmware-D/lib/libinfrared.a(infrared.o) (infrared_protocol_nec_get_variant)
build/f7-firmware-D/lib/libinfrared.a(infrared_decoder_pioneer.o)
                              build/f7-firmware-D/lib/libinfrared.a(infrared.o) (infrared_decoder_pioneer_check_ready)
build/f7-firmware-D/lib/libinfrared.a(infrared_encoder_pioneer.o)
                              build/f7-firmware-D/lib/libinfrared.a(infrared.o) (infrared_encoder_pioneer_reset)
build/f7-firmware-D/lib/libinfrared.a(infrared_protocol_pioneer.o)
                              build/f7-firmware-D/lib/libinfrared.a(infrared.o) (infrared_protocol_pioneer_get_variant)
build/f7-firmware-D/lib/libinfrared.a(infrared_decoder_rc5.o)
                              build/f7-firmware-D/lib/libinfrared.a(infrared.o) (infrared_decoder_rc5_check_ready)
build/f7-firmware-D/lib/libinfrared.a(infrared_encoder_rc5.o)
                              build/f7-firmware-D/lib/libinfrared.a(infrared.o) (infrared_encoder_rc5_reset)
build/f7-firmware-D/lib/libinfrared.a(infrared_protocol_rc5.o)
                              build/f7-firmware-D/lib/libinfrared.a(infrared.o) (infrared_protocol_rc5_get_variant)
build/f7-firmware-D/lib/libinfrared.a(infrared_decoder_rc6.o)
                              build/f7-firmware-D/lib/libinfrared.a(infrared.o) (infrared_decoder_rc6_check_ready)
build/f7-firmware-D/lib/libinfrared.a(infrared_encoder_rc6.o)
                              build/f7-firmware-D/lib/libinfrared.a(infrared.o) (infrared_encoder_rc6_reset)
build/f7-firmware-D/lib/libinfrared.a(infrared_protocol_rc6.o)
                              build/f7-firmware-D/lib/libinfrared.a(infrared.o) (infrared_protocol_rc6_get_variant)
build/f7-firmware-D/lib/libinfrared.a(infrared_decoder_rca.o)
                              build/f7-firmware-D/lib/libinfrared.a(infrared.o) (infrared_decoder_rca_check_ready)
build/f7-firmware-D/lib/libinfrared.a(infrared_encoder_rca.o)
                              build/f7-firmware-D/lib/libinfrared.a(infrared.o) (infrared_encoder_rca_reset)
build/f7-firmware-D/lib/libinfrared.a(infrared_protocol_rca.o)
                              build/f7-firmware-D/lib/libinfrared.a(infrared.o) (infrared_protocol_rca_get_variant)
build/f7-firmware-D/lib/libinfrared.a(infrared_decoder_samsung.o)
                              build/f7-firmware-D/lib/libinfrared.a(infrared.o) (infrared_decoder_samsung32_check_ready)
build/f7-firmware-D/lib/libinfrared.a(infrared_encoder_samsung.o)
                              build/f7-firmware-D/lib/libinfrared.a(infrared.o) (infrared_encoder_samsung32_reset)
build/f7-firmware-D/lib/libinfrared.a(infrared_protocol_samsung.o)
                              build/f7-firmware-D/lib/libinfrared.a(infrared.o) (infrared_protocol_samsung32_get_variant)
build/f7-firmware-D/lib/libinfrared.a(infrared_decoder_sirc.o)
                              build/f7-firmware-D/lib/libinfrared.a(infrared.o) (infrared_decoder_sirc_check_ready)
build/f7-firmware-D/lib/libinfrared.a(infrared_encoder_sirc.o)
[...]
Memory Configuration

Name             Origin             Length             Attributes
*default*        0x00000000         0xffffffff

Linker script and memory map

LOAD build/f7-firmware-D/.extapps/cli_ir/infrared_cli.o
LOAD /home/arjun/flipperzero-firmware/toolchain/x86_64-linux/bin/../lib/gcc/arm-none-eabi/12.3.1/../../../../arm-none-eabi/lib/thumb/v7e-m+fp/hard/libm.a
LOAD /home/arjun/flipperzero-firmware/toolchain/x86_64-linux/bin/../lib/gcc/arm-none-eabi/12.3.1/thumb/v7e-m+fp/hard/libgcc.a
LOAD /home/arjun/flipperzero-firmware/toolchain/x86_64-linux/bin/../lib/gcc/arm-none-eabi/12.3.1/../../../../arm-none-eabi/lib/thumb/v7e-m+fp/hard/libstdc++_nano.a
LOAD /home/arjun/flipperzero-firmware/toolchain/x86_64-linux/bin/../lib/gcc/arm-none-eabi/12.3.1/../../../../arm-none-eabi/lib/thumb/v7e-m+fp/hard/libsupc++_nano.a
LOAD build/f7-firmware-D/lib/libinfrared.a
LOAD build/f7-firmware-D/lib/libinfrared.a

.text           0x00000000     0x3384
 *(.text)
 *(.stub)
 *(.text*)
 .text.dict_signals_next
                0x00000000       0x2a build/f7-firmware-D/.extapps/cli_ir/infrared_cli.o
 .text.dict_signals_it
                0x0000002a       0x2c build/f7-firmware-D/.extapps/cli_ir/infrared_cli.o
 *fill*         0x00000056        0x2 
 .text.dict_signals_list_pair_reset
                0x00000058       0x28 build/f7-firmware-D/.extapps/cli_ir/infrared_cli.o
 .text.dict_signals_array_list_pair_resize
                0x00000080       0x70 build/f7-firmware-D/.extapps/cli_ir/infrared_cli.o
 .text.dict_signals_init
                0x000000f0       0x24 build/f7-firmware-D/.extapps/cli_ir/infrared_cli.o
 .text.dict_signals_array_list_pair_reset
                0x00000114       0x24 build/f7-firmware-D/.extapps/cli_ir/infrared_cli.o
 .text.dict_signals_array_list_pair_clear
                0x00000138       0x20 build/f7-firmware-D/.extapps/cli_ir/infrared_cli.o
 .text.m_d1ct_dict_signals_resize_up
                0x00000158       0xb0 build/f7-firmware-D/.extapps/cli_ir/infrared_cli.o
 .text.dict_signals_get
                0x00000208       0x48 build/f7-firmware-D/.extapps/cli_ir/infrared_cli.o
 .text.dict_signals_list_pair_push_raw
                0x00000250       0x24 build/f7-firmware-D/.extapps/cli_ir/infrared_cli.o
 .text.dict_signals_set_at
                0x00000274       0x84 build/f7-firmware-D/.extapps/cli_ir/infrared_cli.o
 .text.infrared_cli_list_remote_signals
                0x000002f8      0x158 build/f7-firmware-D/.extapps/cli_ir/infrared_cli.o
 .text.infrared_cli_brute_force_signals
                0x00000450      0x160 build/f7-firmware-D/.extapps/cli_ir/infrared_cli.o
 .text.infrared_cli_save_signal
                0x000005b0       0x30 build/f7-firmware-D/.extapps/cli_ir/infrared_cli.o
 .text.infrared_cli_decode_raw_signal
                0x000005e0      0x10c build/f7-firmware-D/.extapps/cli_ir/infrared_cli.o
 .text.infrared_cli_decode_file
                0x000006ec      0x104 build/f7-firmware-D/.extapps/cli_ir/infrared_cli.o
 .text.infrared_cli_parse_message
                0x000007f0       0x54 build/f7-firmware-D/.extapps/cli_ir/infrared_cli.o
 .text.infrared_cli_parse_raw
                0x00000844       0xe0 build/f7-firmware-D/.extapps/cli_ir/infrared_cli.o
 .text.signal_received_callback
                0x00000924      0x144 build/f7-firmware-D/.extapps/cli_ir/infrared_cli.o
 .text.infrared_cli_print_universal_remotes
                0x00000a68       0xac build/f7-firmware-D/.extapps/cli_ir/infrared_cli.o
 .text.infrared_cli_print_usage
                0x00000b14       0xbc build/f7-firmware-D/.extapps/cli_ir/infrared_cli.o
 .text.execute  0x00000bd0       0x9c build/f7-firmware-D/.extapps/cli_ir/infrared_cli.o
 .text.infrared_cli_process_universal
                0x00000c6c       0x8c build/f7-firmware-D/.extapps/cli_ir/infrared_cli.o
 .text.infrared_cli_process_decode
                0x00000cf8      0x1bc build/f7-firmware-D/.extapps/cli_ir/infrared_cli.o
 .text.infrared_cli_start_ir_tx
                0x00000eb4       0x64 build/f7-firmware-D/.extapps/cli_ir/infrared_cli.o
 .text.infrared_cli_start_ir_rx
                0x00000f18       0xbc build/f7-firmware-D/.extapps/cli_ir/infrared_cli.o
 .text.cli_ir_ep
                0x00000fd4        0x8 build/f7-firmware-D/.extapps/cli_ir/infrared_cli.o
                0x00000fd4                cli_ir_ep
 .text.infrared_find_index_by_protocol
                0x00000fdc       0x28 build/f7-firmware-D/lib/libinfrared.a(infrared.o)
 .text.infrared_get_variant_by_protocol
                0x00001004       0x2c build/f7-firmware-D/lib/libinfrared.a(infrared.o)
 .text.infrared_decode
                0x00001030       0x44 build/f7-firmware-D/lib/libinfrared.a(infrared.o)
                0x00001030                infrared_decode
 .text.infrared_free_decoder
                0x00001074       0x40 build/f7-firmware-D/lib/libinfrared.a(infrared.o)
                0x00001074                infrared_free_decoder
 .text.infrared_reset_decoder
                0x000010b4       0x2c build/f7-firmware-D/lib/libinfrared.a(infrared.o)
                0x000010b4                infrared_reset_decoder
 .text.infrared_alloc_decoder
                0x000010e0       0x44 build/f7-firmware-D/lib/libinfrared.a(infrared.o)
                0x000010e0                infrared_alloc_decoder
 .text.infrared_check_decoder_ready
                0x00001124       0x38 build/f7-firmware-D/lib/libinfrared.a(infrared.o)
                0x00001124                infrared_check_decoder_ready
 .text.infrared_alloc_encoder
                0x0000115c       0x10 build/f7-firmware-D/lib/libinfrared.a(infrared.o)
                0x0000115c                infrared_alloc_encoder
 .text.infrared_free_encoder
                0x0000116c       0x30 build/f7-firmware-D/lib/libinfrared.a(infrared.o)
                0x0000116c                infrared_free_encoder
 .text.infrared_reset_encoder
                0x0000119c       0x60 build/f7-firmware-D/lib/libinfrared.a(infrared.o)
                0x0000119c                infrared_reset_encoder
 .text.infrared_encode
                0x000011fc       0x2a build/f7-firmware-D/lib/libinfrared.a(infrared.o)
                0x000011fc                infrared_encode
 .text.infrared_is_protocol_valid
                0x00001226        0xc build/f7-firmware-D/lib/libinfrared.a(infrared.o)
                0x00001226                infrared_is_protocol_valid
 .text.infrared_get_protocol_name
                0x00001232        0xa build/f7-firmware-D/lib/libinfrared.a(infrared.o)
                0x00001232                infrared_get_protocol_name
 .text.infrared_get_protocol_by_name
                0x0000123c       0x2e build/f7-firmware-D/lib/libinfrared.a(infrared.o)
                0x0000123c                infrared_get_protocol_by_name
 .text.infrared_get_protocol_address_length
                0x0000126a        0xa build/f7-firmware-D/lib/libinfrared.a(infrared.o)
                0x0000126a                infrared_get_protocol_address_length
 .text.infrared_get_protocol_command_length
                0x00001274        0xa build/f7-firmware-D/lib/libinfrared.a(infrared.o)
                0x00001274                infrared_get_protocol_command_length
 .text.infrared_get_protocol_frequency
                0x0000127e        0xa build/f7-firmware-D/lib/libinfrared.a(infrared.o)
                0x0000127e                infrared_get_protocol_frequency
 .text.infrared_get_protocol_duty_cycle
                0x00001288        0xc build/f7-firmware-D/lib/libinfrared.a(infrared.o)
                0x00001288                infrared_get_protocol_duty_cycle
 .text.infrared_get_protocol_min_repeat_count
                0x00001294        0xa build/f7-firmware-D/lib/libinfrared.a(infrared.o)
                0x00001294                infrared_get_protocol_min_repeat_count
 .text.SignalPositionArray_set
                0x0000129e       0x66 build/f7-firmware-D/lib/libinfrared.a(infrared_brute_force.o)
 .text.InfraredBruteForceRecordDict_list_pair_reset
                0x00001304       0x24 build/f7-firmware-D/lib/libinfrared.a(infrared_brute_force.o)
 .text.InfraredBruteForceRecordDict_array_list_pair_reset
                0x00001328       0x20 build/f7-firmware-D/lib/libinfrared.a(infrared_brute_force.o)
 .text.InfraredBruteForceRecordDict_array_list_pair_resize
                0x00001348       0x5a build/f7-firmware-D/lib/libinfrared.a(infrared_brute_force.o)
 .text.infrared_brute_force_alloc
                0x000013a2       0x38 build/f7-firmware-D/lib/libinfrared.a(infrared_brute_force.o)
                0x000013a2                infrared_brute_force_alloc
 .text.infrared_brute_force_free
                0x000013da       0x32 build/f7-firmware-D/lib/libinfrared.a(infrared_brute_force.o)
                0x000013da                infrared_brute_force_free
 .text.infrared_brute_force_set_db_filename
                0x0000140c       0x10 build/f7-firmware-D/lib/libinfrared.a(infrared_brute_force.o)
                0x0000140c                infrared_brute_force_set_db_filename
 .text.infrared_brute_force_calculate_messages
                0x0000141c       0xf8 build/f7-firmware-D/lib/libinfrared.a(infrared_brute_force.o)
                0x0000141c                infrared_brute_force_calculate_messages
 .text.infrared_brute_force_stop
                0x00001514       0x38 build/f7-firmware-D/lib/libinfrared.a(infrared_brute_force.o)
                0x00001514                infrared_brute_force_stop
 .text.infrared_brute_force_start
                0x0000154c       0x98 build/f7-firmware-D/lib/libinfrared.a(infrared_brute_force.o)
                0x0000154c                infrared_brute_force_start
 .text.infrared_brute_force_send
                0x000015e4       0x42 build/f7-firmware-D/lib/libinfrared.a(infrared_brute_force.o)
                0x000015e4                infrared_brute_force_send
 .text.infrared_brute_force_add_record
                0x00001626      0x12a build/f7-firmware-D/lib/libinfrared.a(infrared_brute_force.o)
                0x00001626                infrared_brute_force_add_record
 .text.infrared_brute_force_reset
                0x00001750       0x22 build/f7-firmware-D/lib/libinfrared.a(infrared_brute_force.o)
                0x00001750                infrared_brute_force_reset
 *fill*         0x00001772        0x2 
 .text.infrared_signal_is_message_valid
                0x00001774       0x74 build/f7-firmware-D/lib/libinfrared.a(infrared_signal.o)
 .text.infrared_signal_clear_timings
                0x000017e8       0x16 build/f7-firmware-D/lib/libinfrared.a(infrared_signal.o)
 .text.infrared_signal_alloc
                0x000017fe       0x12 build/f7-firmware-D/lib/libinfrared.a(infrared_signal.o)
                0x000017fe                infrared_signal_alloc
 .text.infrared_signal_free
                0x00001810       0x12 build/f7-firmware-D/lib/libinfrared.a(infrared_signal.o)
                0x00001810                infrared_signal_free
 .text.infrared_signal_is_raw
                0x00001822        0x4 build/f7-firmware-D/lib/libinfrared.a(infrared_signal.o)
                0x00001822                infrared_signal_is_raw
 *fill*         0x00001826        0x2 
 .text.infrared_signal_is_valid
                0x00001828       0xa8 build/f7-firmware-D/lib/libinfrared.a(infrared_signal.o)
                0x00001828                infrared_signal_is_valid
 .text.infrared_signal_set_raw_signal
                0x000018d0       0x3c build/f7-firmware-D/lib/libinfrared.a(infrared_signal.o)
                0x000018d0                infrared_signal_set_raw_signal
 .text.infrared_signal_get_raw_signal
                0x0000190c        0x4 build/f7-firmware-D/lib/libinfrared.a(infrared_signal.o)
                0x0000190c                infrared_signal_get_raw_signal
 .text.infrared_signal_set_message
                0x00001910       0x1a build/f7-firmware-D/lib/libinfrared.a(infrared_signal.o)
                0x00001910                infrared_signal_set_message
 *fill*         0x0000192a        0x2 
 .text.infrared_signal_read_body
                0x0000192c      0x194 build/f7-firmware-D/lib/libinfrared.a(infrared_signal.o)
                0x0000192c                infrared_signal_read_body
 .text.infrared_signal_save
                0x00001ac0      0x114 build/f7-firmware-D/lib/libinfrared.a(infrared_signal.o)
                0x00001ac0                infrared_signal_save
 .text.infrared_signal_read_name
                0x00001bd4       0x1c build/f7-firmware-D/lib/libinfrared.a(infrared_signal.o)
                0x00001bd4                infrared_signal_read_name
 .text.infrared_signal_read
                0x00001bf0       0x20 build/f7-firmware-D/lib/libinfrared.a(infrared_signal.o)
                0x00001bf0                infrared_signal_read
 .text.infrared_signal_transmit
                0x00001c10       0x1c build/f7-firmware-D/lib/libinfrared.a(infrared_signal.o)
                0x00001c10                infrared_signal_transmit
 .text.infrared_get_raw_data_callback
                0x00001c2c       0x54 build/f7-firmware-D/lib/libinfrared.a(infrared_transmit.o)
                0x00001c2c                infrared_get_raw_data_callback
 .text.infrared_get_data_callback
                0x00001c80       0x44 build/f7-firmware-D/lib/libinfrared.a(infrared_transmit.o)
                0x00001c80                infrared_get_data_callback
 .text.infrared_send_raw_ext
                0x00001cc4       0x64 build/f7-firmware-D/lib/libinfrared.a(infrared_transmit.o)
                0x00001cc4                infrared_send_raw_ext
 .text.infrared_send
                0x00001d28       0x8c build/f7-firmware-D/lib/libinfrared.a(infrared_transmit.o)
                0x00001d28                infrared_send
 .text.infrared_worker_rx_callback
                0x00001db4       0x42 build/f7-firmware-D/lib/libinfrared.a(infrared_worker.o)
 *fill*         0x00001df6        0x2 
 .text.infrared_worker_rx_thread
                0x00001df8      0x1a4 build/f7-firmware-D/lib/libinfrared.a(infrared_worker.o)
 .text.infrared_worker_rx_timeout_callback
                0x00001f9c       0x1c build/f7-firmware-D/lib/libinfrared.a(infrared_worker.o)
 .text.infrared_worker_rx_set_received_signal_callback
                0x00001fb8       0x16 build/f7-firmware-D/lib/libinfrared.a(infrared_worker.o)
                0x00001fb8                infrared_worker_rx_set_received_signal_callback
 *fill*         0x00001fce        0x2 
 .text.infrared_worker_alloc
                0x00001fd0       0x58 build/f7-firmware-D/lib/libinfrared.a(infrared_worker.o)
                0x00001fd0                infrared_worker_alloc
 .text.infrared_worker_free
                0x00002028       0x44 build/f7-firmware-D/lib/libinfrared.a(infrared_worker.o)
                0x00002028                infrared_worker_free
 .text.infrared_worker_rx_start
                0x0000206c       0x64 build/f7-firmware-D/lib/libinfrared.a(infrared_worker.o)
                0x0000206c                infrared_worker_rx_start
 .text.infrared_worker_rx_stop
                0x000020d0       0x4c build/f7-firmware-D/lib/libinfrared.a(infrared_worker.o)
                0x000020d0                infrared_worker_rx_stop
 .text.infrared_worker_signal_is_decoded
                0x0000211c       0x10 build/f7-firmware-D/lib/libinfrared.a(infrared_worker.o)
                0x0000211c                infrared_worker_signal_is_decoded
 .text.infrared_worker_get_raw_signal
                0x0000212c       0x20 build/f7-firmware-D/lib/libinfrared.a(infrared_worker.o)
                0x0000212c                infrared_worker_get_raw_signal
 .text.infrared_worker_get_decoded_signal
                0x0000214c       0x10 build/f7-firmware-D/lib/libinfrared.a(infrared_worker.o)
                0x0000214c                infrared_worker_get_decoded_signal
 .text.infrared_worker_rx_enable_signal_decoding
                0x0000215c       0x16 build/f7-firmware-D/lib/libinfrared.a(infrared_worker.o)
                0x0000215c                infrared_worker_rx_enable_signal_decoding
 .text.infrared_decoder_kaseikyo_check_ready
                0x00002172        0x4 build/f7-firmware-D/lib/libinfrared.a(infrared_decoder_kaseikyo.o)
                0x00002172                infrared_decoder_kaseikyo_check_ready
 .text.infrared_decoder_kaseikyo_interpret
                0x00002176       0x6e build/f7-firmware-D/lib/libinfrared.a(infrared_decoder_kaseikyo.o)
                0x00002176                infrared_decoder_kaseikyo_interpret
 .text.infrared_decoder_kaseikyo_alloc
                0x000021e4        0xc build/f7-firmware-D/lib/libinfrared.a(infrared_decoder_kaseikyo.o)
                0x000021e4                infrared_decoder_kaseikyo_alloc
 .text.infrared_decoder_kaseikyo_decode
                0x000021f0        0x4 build/f7-firmware-D/lib/libinfrared.a(infrared_decoder_kaseikyo.o)
                0x000021f0                infrared_decoder_kaseikyo_decode
 .text.infrared_decoder_kaseikyo_free
                0x000021f4        0x4 build/f7-firmware-D/lib/libinfrared.a(infrared_decoder_kaseikyo.o)
                0x000021f4                infrared_decoder_kaseikyo_free
 .text.infrared_decoder_kaseikyo_reset
                0x000021f8        0x4 build/f7-firmware-D/lib/libinfrared.a(infrared_decoder_kaseikyo.o)
                0x000021f8                infrared_decoder_kaseikyo_reset
 .text.infrared_encoder_kaseikyo_reset
                0x000021fc       0x58 build/f7-firmware-D/lib/libinfrared.a(infrared_encoder_kaseikyo.o)
                0x000021fc                infrared_encoder_kaseikyo_reset
 .text.infrared_encoder_kaseikyo_alloc
                0x00002254        0xc build/f7-firmware-D/lib/libinfrared.a(infrared_encoder_kaseikyo.o)
                0x00002254                infrared_encoder_kaseikyo_alloc
 .text.infrared_encoder_kaseikyo_free
                0x00002260        0x4 build/f7-firmware-D/lib/libinfrared.a(infrared_encoder_kaseikyo.o)
                0x00002260                infrared_encoder_kaseikyo_free
 .text.infrared_encoder_kaseikyo_encode
                0x00002264        0x4 build/f7-firmware-D/lib/libinfrared.a(infrared_encoder_kaseikyo.o)
                0x00002264                infrared_encoder_kaseikyo_encode
 .text.infrared_protocol_kaseikyo_get_variant
                0x00002268       0x10 build/f7-firmware-D/lib/libinfrared.a(infrared_protocol_kaseikyo.o)
                0x00002268                infrared_protocol_kaseikyo_get_variant
 .text.infrared_decoder_nec_check_ready
                0x00002278        0x4 build/f7-firmware-D/lib/libinfrared.a(infrared_decoder_nec.o)
                0x00002278                infrared_decoder_nec_check_ready
 .text.infrared_decoder_nec_interpret
                0x0000227c       0x8e build/f7-firmware-D/lib/libinfrared.a(infrared_decoder_nec.o)
                0x0000227c                infrared_decoder_nec_interpret
 *fill*         0x0000230a        0x2 
 .text.infrared_decoder_nec_decode_repeat
                0x0000230c       0xa8 build/f7-firmware-D/lib/libinfrared.a(infrared_decoder_nec.o)
                0x0000230c                infrared_decoder_nec_decode_repeat
 .text.infrared_decoder_nec_alloc
                0x000023b4        0xc build/f7-firmware-D/lib/libinfrared.a(infrared_decoder_nec.o)
                0x000023b4                infrared_decoder_nec_alloc
 .text.infrared_decoder_nec_decode
                0x000023c0        0x4 build/f7-firmware-D/lib/libinfrared.a(infrared_decoder_nec.o)
                0x000023c0                infrared_decoder_nec_decode
 .text.infrared_decoder_nec_free
                0x000023c4        0x4 build/f7-firmware-D/lib/libinfrared.a(infrared_decoder_nec.o)
                0x000023c4                infrared_decoder_nec_free
 .text.infrared_decoder_nec_reset
                0x000023c8        0x4 build/f7-firmware-D/lib/libinfrared.a(infrared_decoder_nec.o)
                0x000023c8                infrared_decoder_nec_reset
 .text.infrared_encoder_nec_reset
                0x000023cc       0xa8 build/f7-firmware-D/lib/libinfrared.a(infrared_encoder_nec.o)
                0x000023cc                infrared_encoder_nec_reset
 .text.infrared_encoder_nec_encode_repeat
                0x00002474       0x54 build/f7-firmware-D/lib/libinfrared.a(infrared_encoder_nec.o)
                0x00002474                infrared_encoder_nec_encode_repeat
 .text.infrared_encoder_nec_alloc
                0x000024c8        0xc build/f7-firmware-D/lib/libinfrared.a(infrared_encoder_nec.o)
                0x000024c8                infrared_encoder_nec_alloc
 .text.infrared_encoder_nec_free
                0x000024d4        0x4 build/f7-firmware-D/lib/libinfrared.a(infrared_encoder_nec.o)
                0x000024d4                infrared_encoder_nec_free
 .text.infrared_encoder_nec_encode
                0x000024d8        0x4 build/f7-firmware-D/lib/libinfrared.a(infrared_encoder_nec.o)
                0x000024d8                infrared_encoder_nec_encode
 .text.infrared_protocol_nec_get_variant
                0x000024dc       0x14 build/f7-firmware-D/lib/libinfrared.a(infrared_protocol_nec.o)
                0x000024dc                infrared_protocol_nec_get_variant
 .text.infrared_decoder_pioneer_check_ready
                0x000024f0        0x4 build/f7-firmware-D/lib/libinfrared.a(infrared_decoder_pioneer.o)
                0x000024f0                infrared_decoder_pioneer_check_ready
 .text.infrared_decoder_pioneer_interpret
                0x000024f4       0x4c build/f7-firmware-D/lib/libinfrared.a(infrared_decoder_pioneer.o)
                0x000024f4                infrared_decoder_pioneer_interpret
 .text.infrared_decoder_pioneer_alloc
                0x00002540        0xc build/f7-firmware-D/lib/libinfrared.a(infrared_decoder_pioneer.o)
                0x00002540                infrared_decoder_pioneer_alloc
 .text.infrared_decoder_pioneer_decode
                0x0000254c        0x4 build/f7-firmware-D/lib/libinfrared.a(infrared_decoder_pioneer.o)
                0x0000254c                infrared_decoder_pioneer_decode
 .text.infrared_decoder_pioneer_free
                0x00002550        0x4 build/f7-firmware-D/lib/libinfrared.a(infrared_decoder_pioneer.o)
                0x00002550                infrared_decoder_pioneer_free
 .text.infrared_decoder_pioneer_reset
                0x00002554        0x4 build/f7-firmware-D/lib/libinfrared.a(infrared_decoder_pioneer.o)
                0x00002554                infrared_decoder_pioneer_reset
 .text.infrared_encoder_pioneer_reset
                0x00002558       0x3a build/f7-firmware-D/lib/libinfrared.a(infrared_encoder_pioneer.o)
                0x00002558                infrared_encoder_pioneer_reset
 *fill*         0x00002592        0x2 
 .text.infrared_encoder_pioneer_alloc
                0x00002594        0xc build/f7-firmware-D/lib/libinfrared.a(infrared_encoder_pioneer.o)
                0x00002594                infrared_encoder_pioneer_alloc
 .text.infrared_encoder_pioneer_free
                0x000025a0        0x4 build/f7-firmware-D/lib/libinfrared.a(infrared_encoder_pioneer.o)
                0x000025a0                infrared_encoder_pioneer_free
 .text.infrared_encoder_pioneer_encode_repeat
                0x000025a4       0x18 build/f7-firmware-D/lib/libinfrared.a(infrared_encoder_pioneer.o)
                0x000025a4                infrared_encoder_pioneer_encode_repeat
 .text.infrared_encoder_pioneer_encode
                0x000025bc       0x1c build/f7-firmware-D/lib/libinfrared.a(infrared_encoder_pioneer.o)
                0x000025bc                infrared_encoder_pioneer_encode
 .text.infrared_protocol_pioneer_get_variant
                0x000025d8       0x10 build/f7-firmware-D/lib/libinfrared.a(infrared_protocol_pioneer.o)
                0x000025d8                infrared_protocol_pioneer_get_variant
 .text.reverse  0x000025e8       0x2a build/f7-firmware-D/lib/libinfrared.a(infrared_decoder_rc5.o)
 .text.infrared_decoder_rc5_check_ready
                0x00002612        0x6 build/f7-firmware-D/lib/libinfrared.a(infrared_decoder_rc5.o)
                0x00002612                infrared_decoder_rc5_check_ready
 .text.infrared_decoder_rc5_interpret
                0x00002618       0x8e build/f7-firmware-D/lib/libinfrared.a(infrared_decoder_rc5.o)
                0x00002618                infrared_decoder_rc5_interpret
 *fill*         0x000026a6        0x2 
 .text.infrared_decoder_rc5_alloc
                0x000026a8       0x20 build/f7-firmware-D/lib/libinfrared.a(infrared_decoder_rc5.o)
                0x000026a8                infrared_decoder_rc5_alloc
 .text.infrared_decoder_rc5_decode
                0x000026c8        0x6 build/f7-firmware-D/lib/libinfrared.a(infrared_decoder_rc5.o)
                0x000026c8                infrared_decoder_rc5_decode
 .text.infrared_decoder_rc5_free
                0x000026ce       0x14 build/f7-firmware-D/lib/libinfrared.a(infrared_decoder_rc5.o)
                0x000026ce                infrared_decoder_rc5_free
 .text.infrared_decoder_rc5_reset
                0x000026e2        0x6 build/f7-firmware-D/lib/libinfrared.a(infrared_decoder_rc5.o)
                0x000026e2                infrared_decoder_rc5_reset
 .text.reverse  0x000026e8       0x2a build/f7-firmware-D/lib/libinfrared.a(infrared_encoder_rc5.o)
 .text.infrared_encoder_rc5_reset
                0x00002712       0x6a build/f7-firmware-D/lib/libinfrared.a(infrared_encoder_rc5.o)
                0x00002712                infrared_encoder_rc5_reset
 .text.infrared_encoder_rc5_encode
                0x0000277c        0x6 build/f7-firmware-D/lib/libinfrared.a(infrared_encoder_rc5.o)
                0x0000277c                infrared_encoder_rc5_encode
 *fill*         0x00002782        0x2 
 .text.infrared_encoder_rc5_alloc
                0x00002784       0x20 build/f7-firmware-D/lib/libinfrared.a(infrared_encoder_rc5.o)
                0x00002784                infrared_encoder_rc5_alloc
 .text.infrared_encoder_rc5_free
                0x000027a4       0x14 build/f7-firmware-D/lib/libinfrared.a(infrared_encoder_rc5.o)
                0x000027a4                infrared_encoder_rc5_free
 .text.infrared_protocol_rc5_get_variant
                0x000027b8       0x1c build/f7-firmware-D/lib/libinfrared.a(infrared_protocol_rc5.o)
                0x000027b8                infrared_protocol_rc5_get_variant
 .text.reverse  0x000027d4       0x2a build/f7-firmware-D/lib/libinfrared.a(infrared_decoder_rc6.o)
 .text.infrared_decoder_rc6_check_ready
                0x000027fe        0x6 build/f7-firmware-D/lib/libinfrared.a(infrared_decoder_rc6.o)
                0x000027fe                infrared_decoder_rc6_check_ready
 .text.infrared_decoder_rc6_interpret
                0x00002804       0x76 build/f7-firmware-D/lib/libinfrared.a(infrared_decoder_rc6.o)
                0x00002804                infrared_decoder_rc6_interpret
 .text.infrared_decoder_rc6_decode_manchester
                0x0000287a       0xa0 build/f7-firmware-D/lib/libinfrared.a(infrared_decoder_rc6.o)
                0x0000287a                infrared_decoder_rc6_decode_manchester
 *fill*         0x0000291a        0x2 
 .text.infrared_decoder_rc6_alloc
                0x0000291c       0x20 build/f7-firmware-D/lib/libinfrared.a(infrared_decoder_rc6.o)
                0x0000291c                infrared_decoder_rc6_alloc
 .text.infrared_decoder_rc6_decode
                0x0000293c        0x6 build/f7-firmware-D/lib/libinfrared.a(infrared_decoder_rc6.o)
                0x0000293c                infrared_decoder_rc6_decode
 .text.infrared_decoder_rc6_free
                0x00002942       0x14 build/f7-firmware-D/lib/libinfrared.a(infrared_decoder_rc6.o)
                0x00002942                infrared_decoder_rc6_free
 .text.infrared_decoder_rc6_reset
                0x00002956        0x6 build/f7-firmware-D/lib/libinfrared.a(infrared_decoder_rc6.o)
                0x00002956                infrared_decoder_rc6_reset
 .text.reverse  0x0000295c       0x2a build/f7-firmware-D/lib/libinfrared.a(infrared_encoder_rc6.o)
 .text.infrared_encoder_rc6_reset
                0x00002986       0x4a build/f7-firmware-D/lib/libinfrared.a(infrared_encoder_rc6.o)
                0x00002986                infrared_encoder_rc6_reset
 .text.infrared_encoder_rc6_encode
                0x000029d0        0x6 build/f7-firmware-D/lib/libinfrared.a(infrared_encoder_rc6.o)
                0x000029d0                infrared_encoder_rc6_encode
 *fill*         0x000029d6        0x2 
 .text.infrared_encoder_rc6_alloc
                0x000029d8       0x20 build/f7-firmware-D/lib/libinfrared.a(infrared_encoder_rc6.o)
                0x000029d8                infrared_encoder_rc6_alloc
 .text.infrared_encoder_rc6_free
                0x000029f8       0x14 build/f7-firmware-D/lib/libinfrared.a(infrared_encoder_rc6.o)
                0x000029f8                infrared_encoder_rc6_free
 .text.infrared_encoder_rc6_encode_manchester
                0x00002a0c       0x16 build/f7-firmware-D/lib/libinfrared.a(infrared_encoder_rc6.o)
                0x00002a0c                infrared_encoder_rc6_encode_manchester
 *fill*         0x00002a22        0x2 
 .text.infrared_protocol_rc6_get_variant
                0x00002a24       0x10 build/f7-firmware-D/lib/libinfrared.a(infrared_protocol_rc6.o)
                0x00002a24                infrared_protocol_rc6_get_variant
 .text.infrared_decoder_rca_check_ready
                0x00002a34        0x4 build/f7-firmware-D/lib/libinfrared.a(infrared_decoder_rca.o)
                0x00002a34                infrared_decoder_rca_check_ready
 .text.infrared_decoder_rca_interpret
                0x00002a38       0x3a build/f7-firmware-D/lib/libinfrared.a(infrared_decoder_rca.o)
                0x00002a38                infrared_decoder_rca_interpret
 *fill*         0x00002a72        0x2 
 .text.infrared_decoder_rca_alloc
                0x00002a74        0xc build/f7-firmware-D/lib/libinfrared.a(infrared_decoder_rca.o)
                0x00002a74                infrared_decoder_rca_alloc
 .text.infrared_decoder_rca_decode
                0x00002a80        0x4 build/f7-firmware-D/lib/libinfrared.a(infrared_decoder_rca.o)
                0x00002a80                infrared_decoder_rca_decode
 .text.infrared_decoder_rca_free
                0x00002a84        0x4 build/f7-firmware-D/lib/libinfrared.a(infrared_decoder_rca.o)
                0x00002a84                infrared_decoder_rca_free
 .text.infrared_decoder_rca_reset
                0x00002a88        0x4 build/f7-firmware-D/lib/libinfrared.a(infrared_decoder_rca.o)
                0x00002a88                infrared_decoder_rca_reset
 .text.infrared_encoder_rca_reset
                0x00002a8c       0x36 build/f7-firmware-D/lib/libinfrared.a(infrared_encoder_rca.o)
                0x00002a8c                infrared_encoder_rca_reset
 *fill*         0x00002ac2        0x2 
 .text.infrared_encoder_rca_alloc
                0x00002ac4        0xc build/f7-firmware-D/lib/libinfrared.a(infrared_encoder_rca.o)
                0x00002ac4                infrared_encoder_rca_alloc
 .text.infrared_encoder_rca_free
                0x00002ad0        0x4 build/f7-firmware-D/lib/libinfrared.a(infrared_encoder_rca.o)
                0x00002ad0                infrared_encoder_rca_free
 .text.infrared_encoder_rca_encode
                0x00002ad4        0x4 build/f7-firmware-D/lib/libinfrared.a(infrared_encoder_rca.o)
                0x00002ad4                infrared_encoder_rca_encode
 .text.infrared_protocol_rca_get_variant
                0x00002ad8       0x10 build/f7-firmware-D/lib/libinfrared.a(infrared_protocol_rca.o)
                0x00002ad8                infrared_protocol_rca_get_variant
 .text.infrared_decoder_samsung32_check_ready
                0x00002ae8        0x4 build/f7-firmware-D/lib/libinfrared.a(infrared_decoder_samsung.o)
                0x00002ae8                infrared_decoder_samsung32_check_ready
 .text.infrared_decoder_samsung32_interpret
                0x00002aec       0x34 build/f7-firmware-D/lib/libinfrared.a(infrared_decoder_samsung.o)
                0x00002aec                infrared_decoder_samsung32_interpret
 .text.infrared_decoder_samsung32_decode_repeat
                0x00002b20       0xb0 build/f7-firmware-D/lib/libinfrared.a(infrared_decoder_samsung.o)
                0x00002b20                infrared_decoder_samsung32_decode_repeat
 .text.infrared_decoder_samsung32_alloc
                0x00002bd0        0xc build/f7-firmware-D/lib/libinfrared.a(infrared_decoder_samsung.o)
                0x00002bd0                infrared_decoder_samsung32_alloc
 .text.infrared_decoder_samsung32_decode
                0x00002bdc        0x4 build/f7-firmware-D/lib/libinfrared.a(infrared_decoder_samsung.o)
                0x00002bdc                infrared_decoder_samsung32_decode
 .text.infrared_decoder_samsung32_free
                0x00002be0        0x4 build/f7-firmware-D/lib/libinfrared.a(infrared_decoder_samsung.o)
                0x00002be0                infrared_decoder_samsung32_free
 .text.infrared_decoder_samsung32_reset
                0x00002be4        0x4 build/f7-firmware-D/lib/libinfrared.a(infrared_decoder_samsung.o)
                0x00002be4                infrared_decoder_samsung32_reset
 .text.infrared_encoder_samsung32_reset
                0x00002be8       0x2e build/f7-firmware-D/lib/libinfrared.a(infrared_encoder_samsung.o)
                0x00002be8                infrared_encoder_samsung32_reset
 *fill*         0x00002c16        0x2 
 .text.infrared_encoder_samsung32_encode_repeat
                0x00002c18       0x58 build/f7-firmware-D/lib/libinfrared.a(infrared_encoder_samsung.o)
                0x00002c18                infrared_encoder_samsung32_encode_repeat
 .text.infrared_encoder_samsung32_alloc
                0x00002c70        0xc build/f7-firmware-D/lib/libinfrared.a(infrared_encoder_samsung.o)
                0x00002c70                infrared_encoder_samsung32_alloc
 .text.infrared_encoder_samsung32_free
                0x00002c7c        0x4 build/f7-firmware-D/lib/libinfrared.a(infrared_encoder_samsung.o)
                0x00002c7c                infrared_encoder_samsung32_free
 .text.infrared_encoder_samsung32_encode
                0x00002c80        0x4 build/f7-firmware-D/lib/libinfrared.a(infrared_encoder_samsung.o)
                0x00002c80                infrared_encoder_samsung32_encode
 .text.infrared_protocol_samsung32_get_variant
                0x00002c84       0x10 build/f7-firmware-D/lib/libinfrared.a(infrared_protocol_samsung.o)
                0x00002c84                infrared_protocol_samsung32_get_variant
 .text.infrared_decoder_sirc_check_ready
                0x00002c94        0x4 build/f7-firmware-D/lib/libinfrared.a(infrared_decoder_sirc.o)
                0x00002c94                infrared_decoder_sirc_check_ready
 .text.infrared_decoder_sirc_interpret
                0x00002c98       0x52 build/f7-firmware-D/lib/libinfrared.a(infrared_decoder_sirc.o)
                0x00002c98                infrared_decoder_sirc_interpret
 *fill*         0x00002cea        0x2 
 .text.infrared_decoder_sirc_alloc
                0x00002cec        0xc build/f7-firmware-D/lib/libinfrared.a(infrared_decoder_sirc.o)
                0x00002cec                infrared_decoder_sirc_alloc
 .text.infrared_decoder_sirc_decode
                0x00002cf8        0x4 build/f7-firmware-D/lib/libinfrared.a(infrared_decoder_sirc.o)
                0x00002cf8                infrared_decoder_sirc_decode
 .text.infrared_decoder_sirc_free
                0x00002cfc        0x4 build/f7-firmware-D/lib/libinfrared.a(infrared_decoder_sirc.o)
                0x00002cfc                infrared_decoder_sirc_free
 .text.infrared_decoder_sirc_reset
                0x00002d00        0x4 build/f7-firmware-D/lib/libinfrared.a(infrared_decoder_sirc.o)
                0x00002d00                infrared_decoder_sirc_reset
 .text.infrared_encoder_sirc_reset
                0x00002d04       0x6c build/f7-firmware-D/lib/libinfrared.a(infrared_encoder_sirc.o)
                0x00002d04                infrared_encoder_sirc_reset
 .text.infrared_encoder_sirc_encode_repeat
                0x00002d70       0x1c build/f7-firmware-D/lib/libinfrared.a(infrared_encoder_sirc.o)
                0x00002d70                infrared_encoder_sirc_encode_repeat
 .text.infrared_encoder_sirc_alloc
                0x00002d8c        0xc build/f7-firmware-D/lib/libinfrared.a(infrared_encoder_sirc.o)
                0x00002d8c                infrared_encoder_sirc_alloc
 .text.infrared_encoder_sirc_free
                0x00002d98        0x4 build/f7-firmware-D/lib/libinfrared.a(infrared_encoder_sirc.o)
                0x00002d98                infrared_encoder_sirc_free
 .text.infrared_encoder_sirc_encode
                0x00002d9c       0x1c build/f7-firmware-D/lib/libinfrared.a(infrared_encoder_sirc.o)
                0x00002d9c                infrared_encoder_sirc_encode
 .text.infrared_protocol_sirc_get_variant
                0x00002db8       0x28 build/f7-firmware-D/lib/libinfrared.a(infrared_protocol_sirc.o)
                0x00002db8                infrared_protocol_sirc_get_variant
 .text.consume_samples
                0x00002de0       0x1e build/f7-firmware-D/lib/libinfrared.a(infrared_common_decoder.o)
 .text.accumulate_lsb
                0x00002dfe       0x2a build/f7-firmware-D/lib/libinfrared.a(infrared_common_decoder.o)
 .text.infrared_common_decoder_reset_state
                0x00002e28       0x30 build/f7-firmware-D/lib/libinfrared.a(infrared_common_decoder.o)
 .text.infrared_common_decode_pdwm
                0x00002e58       0x5a build/f7-firmware-D/lib/libinfrared.a(infrared_common_decoder.o)
                0x00002e58                infrared_common_decode_pdwm
 .text.infrared_common_decode_manchester
                0x00002eb2       0xaa build/f7-firmware-D/lib/libinfrared.a(infrared_common_decoder.o)
                0x00002eb2                infrared_common_decode_manchester
 .text.infrared_common_decoder_check_ready
                0x00002f5c       0x46 build/f7-firmware-D/lib/libinfrared.a(infrared_common_decoder.o)
                0x00002f5c                infrared_common_decoder_check_ready
 .text.infrared_common_decoder_alloc
                0x00002fa2       0x24 build/f7-firmware-D/lib/libinfrared.a(infrared_common_decoder.o)
                0x00002fa2                infrared_common_decoder_alloc
 .text.infrared_common_decoder_free
                0x00002fc6        0x4 build/f7-firmware-D/lib/libinfrared.a(infrared_common_decoder.o)
                0x00002fc6                infrared_common_decoder_free
 .text.infrared_common_decoder_reset
                0x00002fca       0x10 build/f7-firmware-D/lib/libinfrared.a(infrared_common_decoder.o)
                0x00002fca                infrared_common_decoder_reset
 .text.infrared_common_decode
                0x00002fda      0x1f4 build/f7-firmware-D/lib/libinfrared.a(infrared_common_decoder.o)
                0x00002fda                infrared_common_decode
 .text.infrared_common_encode_manchester
                0x000031ce       0x44 build/f7-firmware-D/lib/libinfrared.a(infrared_common_encoder.o)
                0x000031ce                infrared_common_encode_manchester
 .text.infrared_common_encode_pdwm
                0x00003212       0x54 build/f7-firmware-D/lib/libinfrared.a(infrared_common_encoder.o)
                0x00003212                infrared_common_encode_pdwm
 .text.infrared_common_encode
                0x00003266       0xae build/f7-firmware-D/lib/libinfrared.a(infrared_common_encoder.o)
                0x00003266                infrared_common_encode
 .text.infrared_common_encoder_alloc
                0x00003314       0x2c build/f7-firmware-D/lib/libinfrared.a(infrared_common_encoder.o)
                0x00003314                infrared_common_encoder_alloc
 .text.infrared_common_encoder_free
                0x00003340        0x4 build/f7-firmware-D/lib/libinfrared.a(infrared_common_encoder.o)
                0x00003340                infrared_common_encoder_free
 .text.infrared_common_encoder_reset
                0x00003344       0x40 build/f7-firmware-D/lib/libinfrared.a(infrared_common_encoder.o)
                0x00003344                infrared_common_encoder_reset
 *(.text.*)
 *(.text._*)
 *(.init)
 *(.fini)

.rodata         0x00003384      0xbe8
 *(.rodata)
 *(.rodata1)
 *(.rodata.*)
 .rodata.infrared_cli_list_remote_signals.str1.4
                0x00003384       0x7a build/f7-firmware-D/.extapps/cli_ir/infrared_cli.o
 *fill*         0x000033fe        0x2 
 .rodata.infrared_cli_brute_force_signals.str1.4
                0x00003400       0x80 build/f7-firmware-D/.extapps/cli_ir/infrared_cli.o
 .rodata.infrared_cli_save_signal.str1.4
                0x00003480       0x37 build/f7-firmware-D/.extapps/cli_ir/infrared_cli.o
 *fill*         0x000034b7        0x1 
 .rodata.infrared_cli_decode_raw_signal.str1.4
                0x000034b8       0x38 build/f7-firmware-D/.extapps/cli_ir/infrared_cli.o
 .rodata.infrared_cli_decode_file.str1.4
                0x000034f0       0x4a build/f7-firmware-D/.extapps/cli_ir/infrared_cli.o
 *fill*         0x0000353a        0x2 
 .rodata.infrared_cli_parse_message.str1.4
                0x0000353c        0xd build/f7-firmware-D/.extapps/cli_ir/infrared_cli.o
 *fill*         0x00003549        0x3 
 .rodata.infrared_cli_parse_raw.str1.4
                0x0000354c       0x11 build/f7-firmware-D/.extapps/cli_ir/infrared_cli.o
 *fill*         0x0000355d        0x3 
 .rodata.signal_received_callback.str1.4
                0x00003560       0x43 build/f7-firmware-D/.extapps/cli_ir/infrared_cli.o
 *fill*         0x000035a3        0x1 
 .rodata.infrared_cli_print_universal_remotes.str1.4
                0x000035a4        0x6 build/f7-firmware-D/.extapps/cli_ir/infrared_cli.o
 *fill*         0x000035aa        0x2 
 .rodata.infrared_cli_print_usage.str1.4
                0x000035ac      0x1b7 build/f7-firmware-D/.extapps/cli_ir/infrared_cli.o
 *fill*         0x00003763        0x1 
 .rodata.execute.str1.4
                0x00003764       0x1b build/f7-firmware-D/.extapps/cli_ir/infrared_cli.o
 *fill*         0x0000377f        0x1 
 .rodata.infrared_cli_process_universal.str1.4
                0x00003780       0x19 build/f7-firmware-D/.extapps/cli_ir/infrared_cli.o
 *fill*         0x00003799        0x3 
 .rodata.infrared_cli_process_decode.str1.4
                0x0000379c       0xe4 build/f7-firmware-D/.extapps/cli_ir/infrared_cli.o
 .rodata.infrared_cli_start_ir_rx.str1.4
                0x00003880       0x3a build/f7-firmware-D/.extapps/cli_ir/infrared_cli.o
 *fill*         0x000038ba        0x2 
 .rodata.str1.4
                0x000038bc       0x22 build/f7-firmware-D/.extapps/cli_ir/infrared_cli.o
 *fill*         0x000038de        0x2 
 .rodata.plugin_descriptor
                0x000038e0        0xc build/f7-firmware-D/.extapps/cli_ir/infrared_cli.o
 .rodata.cli_ir_desc
                0x000038ec       0x10 build/f7-firmware-D/.extapps/cli_ir/infrared_cli.o
 .rodata.infrared_cli_commands
                0x000038fc       0x20 build/f7-firmware-D/.extapps/cli_ir/infrared_cli.o
 .rodata.infrared_encoder_decoder
                0x0000391c      0x140 build/f7-firmware-D/lib/libinfrared.a(infrared.o)
 .rodata.infrared_brute_force_calculate_messages.str1.1
                0x00003a5c        0x8 build/f7-firmware-D/lib/libinfrared.a(infrared_brute_force.o)
 .rodata.infrared_signal_is_message_valid.str1.1
                0x00003a64       0x80 build/f7-firmware-D/lib/libinfrared.a(infrared_signal.o)
 .rodata.infrared_signal_is_valid.str1.1
                0x00003ae4       0x7d build/f7-firmware-D/lib/libinfrared.a(infrared_signal.o)
 .rodata.infrared_signal_read_body.str1.1
                0x00003b61       0x5b build/f7-firmware-D/lib/libinfrared.a(infrared_signal.o)
 .rodata.infrared_signal_save.str1.1
                0x00003bbc        0x6 build/f7-firmware-D/lib/libinfrared.a(infrared_signal.o)
 .rodata.infrared_worker_rx_thread.str1.1
                0x00003bc2       0x1b build/f7-firmware-D/lib/libinfrared.a(infrared_worker.o)
 .rodata.infrared_worker_alloc.str1.1
                0x00003bdd       0x1c build/f7-firmware-D/lib/libinfrared.a(infrared_worker.o)
 .rodata.str1.1
                0x00003bf9        0x9 build/f7-firmware-D/lib/libinfrared.a(infrared_protocol_kaseikyo.o)
 *fill*         0x00003c02        0x2 
 .rodata.infrared_protocol_variant_kaseikyo
                0x00003c04       0x14 build/f7-firmware-D/lib/libinfrared.a(infrared_protocol_kaseikyo.o)
 .rodata.infrared_protocol_kaseikyo
                0x00003c18       0x38 build/f7-firmware-D/lib/libinfrared.a(infrared_protocol_kaseikyo.o)
                0x00003c18                infrared_protocol_kaseikyo
 .rodata.repeat_timings
                0x00003c50       0x10 build/f7-firmware-D/lib/libinfrared.a(infrared_encoder_nec.o)
 .rodata.CSWTCH.1
                0x00003c60       0x10 build/f7-firmware-D/lib/libinfrared.a(infrared_protocol_nec.o)
 .rodata.str1.1
                0x00003c70       0x1a build/f7-firmware-D/lib/libinfrared.a(infrared_protocol_nec.o)
 *fill*         0x00003c8a        0x2 
 .rodata.infrared_protocol_variant_nec42ext
                0x00003c8c       0x14 build/f7-firmware-D/lib/libinfrared.a(infrared_protocol_nec.o)
 .rodata.infrared_protocol_variant_nec42
                0x00003ca0       0x14 build/f7-firmware-D/lib/libinfrared.a(infrared_protocol_nec.o)
 .rodata.infrared_protocol_variant_necext
                0x00003cb4       0x14 build/f7-firmware-D/lib/libinfrared.a(infrared_protocol_nec.o)
 .rodata.infrared_protocol_variant_nec
                0x00003cc8       0x14 build/f7-firmware-D/lib/libinfrared.a(infrared_protocol_nec.o)
 .rodata.infrared_protocol_nec
                0x00003cdc       0x38 build/f7-firmware-D/lib/libinfrared.a(infrared_protocol_nec.o)
                0x00003cdc                infrared_protocol_nec
 .rodata.str1.1
                0x00003d14        0x8 build/f7-firmware-D/lib/libinfrared.a(infrared_protocol_pioneer.o)
 .rodata.infrared_protocol_variant_pioneer
                0x00003d1c       0x14 build/f7-firmware-D/lib/libinfrared.a(infrared_protocol_pioneer.o)
 .rodata.infrared_protocol_pioneer
                0x00003d30       0x38 build/f7-firmware-D/lib/libinfrared.a(infrared_protocol_pioneer.o)
                0x00003d30                infrared_protocol_pioneer
 .rodata.str1.1
                0x00003d68        0x9 build/f7-firmware-D/lib/libinfrared.a(infrared_protocol_rc5.o)
 *fill*         0x00003d71        0x3 
 .rodata.infrared_protocol_variant_rc5x
                0x00003d74       0x14 build/f7-firmware-D/lib/libinfrared.a(infrared_protocol_rc5.o)
 .rodata.infrared_protocol_variant_rc5
                0x00003d88       0x14 build/f7-firmware-D/lib/libinfrared.a(infrared_protocol_rc5.o)
 .rodata.infrared_protocol_rc5
                0x00003d9c       0x38 build/f7-firmware-D/lib/libinfrared.a(infrared_protocol_rc5.o)
                0x00003d9c                infrared_protocol_rc5
 .rodata.str1.1
                0x00003dd4        0x4 build/f7-firmware-D/lib/libinfrared.a(infrared_protocol_rc6.o)
 .rodata.infrared_protocol_variant_rc6
                0x00003dd8       0x14 build/f7-firmware-D/lib/libinfrared.a(infrared_protocol_rc6.o)
 .rodata.infrared_protocol_rc6
                0x00003dec       0x38 build/f7-firmware-D/lib/libinfrared.a(infrared_protocol_rc6.o)
                0x00003dec                infrared_protocol_rc6
 .rodata.str1.1
                0x00003e24        0x4 build/f7-firmware-D/lib/libinfrared.a(infrared_protocol_rca.o)
 .rodata.infrared_protocol_variant_rca
                0x00003e28       0x14 build/f7-firmware-D/lib/libinfrared.a(infrared_protocol_rca.o)
 .rodata.infrared_protocol_rca
                0x00003e3c       0x38 build/f7-firmware-D/lib/libinfrared.a(infrared_protocol_rca.o)
                0x00003e3c                infrared_protocol_rca
 .rodata.repeat_timings
                0x00003e74       0x18 build/f7-firmware-D/lib/libinfrared.a(infrared_encoder_samsung.o)
 .rodata.str1.1
                0x00003e8c        0xa build/f7-firmware-D/lib/libinfrared.a(infrared_protocol_samsung.o)
 *fill*         0x00003e96        0x2 
 .rodata.infrared_protocol_variant_samsung32
                0x00003e98       0x14 build/f7-firmware-D/lib/libinfrared.a(infrared_protocol_samsung.o)
 .rodata.infrared_protocol_samsung32
                0x00003eac       0x38 build/f7-firmware-D/lib/libinfrared.a(infrared_protocol_samsung.o)
                0x00003eac                infrared_protocol_samsung32
 .rodata.str1.1
                0x00003ee4       0x13 build/f7-firmware-D/lib/libinfrared.a(infrared_protocol_sirc.o)
 *fill*         0x00003ef7        0x1 
 .rodata.infrared_protocol_variant_sirc20
                0x00003ef8       0x14 build/f7-firmware-D/lib/libinfrared.a(infrared_protocol_sirc.o)
 .rodata.infrared_protocol_variant_sirc15
                0x00003f0c       0x14 build/f7-firmware-D/lib/libinfrared.a(infrared_protocol_sirc.o)
 .rodata.infrared_protocol_variant_sirc
                0x00003f20       0x14 build/f7-firmware-D/lib/libinfrared.a(infrared_protocol_sirc.o)
 .rodata.infrared_protocol_sirc
                0x00003f34       0x38 build/f7-firmware-D/lib/libinfrared.a(infrared_protocol_sirc.o)
                0x00003f34                infrared_protocol_sirc

.data
 *(.data)
 *(.data1)
 *(.data.*)

.bss            0x00003f6c       0x14
 *(.bss)
 *(.bss*)
 .bss.infrared_tx_raw_add_silence
                0x00003f6c        0x1 build/f7-firmware-D/lib/libinfrared.a(infrared_transmit.o)
 *fill*         0x00003f6d        0x3 
 .bss.infrared_tx_raw_start_from_mark
                0x00003f70        0x4 build/f7-firmware-D/lib/libinfrared.a(infrared_transmit.o)
 .bss.infrared_tx_raw_timings_number
                0x00003f74        0x4 build/f7-firmware-D/lib/libinfrared.a(infrared_transmit.o)
 .bss.infrared_tx_raw_timings_index
                0x00003f78        0x4 build/f7-firmware-D/lib/libinfrared.a(infrared_transmit.o)
 .bss.infrared_tx_number_of_transmissions
                0x00003f7c        0x4 build/f7-firmware-D/lib/libinfrared.a(infrared_transmit.o)
 *(.sbss)
 *(.sbss*)
 *(COMMON)

.stab
 *(.stab)

.stabstr
 *(.stabstr)

.stab.excl
 *(.stab.excl)

.stab.exclstr
 *(.stab.exclstr)

.stab.index
 *(.stab.index)

.stab.indexstr
 *(.stab.indexstr)

.gnu.build.attributes
 *(.gnu.build.attributes .gnu.build.attributes.*)

.debug
 *(.debug)

.line
 *(.line)

.debug_srcinfo
 *(.debug_srcinfo)

.debug_sfnames
 *(.debug_sfnames)

.debug_aranges  0x00000000      0xa00
 *(.debug_aranges)
 .debug_aranges
                0x00000000       0xf0 build/f7-firmware-D/.extapps/cli_ir/infrared_cli.o
 .debug_aranges
                0x000000f0       0xb0 build/f7-firmware-D/lib/libinfrared.a(infrared.o)
 .debug_aranges
                0x000001a0       0x88 build/f7-firmware-D/lib/libinfrared.a(infrared_brute_force.o)
 .debug_aranges
                0x00000228       0xa8 build/f7-firmware-D/lib/libinfrared.a(infrared_signal.o)
 .debug_aranges
                0x000002d0       0x40 build/f7-firmware-D/lib/libinfrared.a(infrared_transmit.o)
 .debug_aranges
                0x00000310       0xe0 build/f7-firmware-D/lib/libinfrared.a(infrared_worker.o)
 .debug_aranges
                0x000003f0       0x48 build/f7-firmware-D/lib/libinfrared.a(infrared_decoder_kaseikyo.o)
 .debug_aranges
                0x00000438       0x38 build/f7-firmware-D/lib/libinfrared.a(infrared_encoder_kaseikyo.o)
 .debug_aranges
                0x00000470       0x20 build/f7-firmware-D/lib/libinfrared.a(infrared_protocol_kaseikyo.o)
 .debug_aranges
                0x00000490       0x50 build/f7-firmware-D/lib/libinfrared.a(infrared_decoder_nec.o)
 .debug_aranges
                0x000004e0       0x40 build/f7-firmware-D/lib/libinfrared.a(infrared_encoder_nec.o)
 .debug_aranges
                0x00000520       0x20 build/f7-firmware-D/lib/libinfrared.a(infrared_protocol_nec.o)
 .debug_aranges
                0x00000540       0x48 build/f7-firmware-D/lib/libinfrared.a(infrared_decoder_pioneer.o)
 .debug_aranges
                0x00000588       0x40 build/f7-firmware-D/lib/libinfrared.a(infrared_encoder_pioneer.o)
 .debug_aranges
                0x000005c8       0x20 build/f7-firmware-D/lib/libinfrared.a(infrared_protocol_pioneer.o)
 .debug_aranges
                0x000005e8       0x50 build/f7-firmware-D/lib/libinfrared.a(infrared_decoder_rc5.o)
 .debug_aranges
                0x00000638       0x40 build/f7-firmware-D/lib/libinfrared.a(infrared_encoder_rc5.o)
 .debug_aranges
                0x00000678       0x20 build/f7-firmware-D/lib/libinfrared.a(infrared_protocol_rc5.o)
 .debug_aranges
                0x00000698       0x58 build/f7-firmware-D/lib/libinfrared.a(infrared_decoder_rc6.o)
 .debug_aranges
                0x000006f0       0x48 build/f7-firmware-D/lib/libinfrared.a(infrared_encoder_rc6.o)
 .debug_aranges
                0x00000738       0x20 build/f7-firmware-D/lib/libinfrared.a(infrared_protocol_rc6.o)
 .debug_aranges
                0x00000758       0x48 build/f7-firmware-D/lib/libinfrared.a(infrared_decoder_rca.o)
 .debug_aranges
                0x000007a0       0x38 build/f7-firmware-D/lib/libinfrared.a(infrared_encoder_rca.o)
 .debug_aranges
                0x000007d8       0x20 build/f7-firmware-D/lib/libinfrared.a(infrared_protocol_rca.o)
 .debug_aranges
                0x000007f8       0x50 build/f7-firmware-D/lib/libinfrared.a(infrared_decoder_samsung.o)
 .debug_aranges
                0x00000848       0x40 build/f7-firmware-D/lib/libinfrared.a(infrared_encoder_samsung.o)
 .debug_aranges
                0x00000888       0x20 build/f7-firmware-D/lib/libinfrared.a(infrared_protocol_samsung.o)
 .debug_aranges
                0x000008a8       0x48 build/f7-firmware-D/lib/libinfrared.a(infrared_decoder_sirc.o)
 .debug_aranges
                0x000008f0       0x40 build/f7-firmware-D/lib/libinfrared.a(infrared_encoder_sirc.o)
 .debug_aranges
                0x00000930       0x20 build/f7-firmware-D/lib/libinfrared.a(infrared_protocol_sirc.o)
 .debug_aranges
                0x00000950       0x68 build/f7-firmware-D/lib/libinfrared.a(infrared_common_decoder.o)
 .debug_aranges
                0x000009b8       0x48 build/f7-firmware-D/lib/libinfrared.a(infrared_common_encoder.o)

.debug_pubnames
 *(.debug_pubnames)

.debug_info     0x00000000    0x18fc4
 *(.debug_info .gnu.linkonce.wi.*)
 .debug_info    0x00000000     0x454e build/f7-firmware-D/.extapps/cli_ir/infrared_cli.o
 .debug_info    0x0000454e     0x14bd build/f7-firmware-D/lib/libinfrared.a(infrared.o)
 .debug_info    0x00005a0b     0x2322 build/f7-firmware-D/lib/libinfrared.a(infrared_brute_force.o)
 .debug_info    0x00007d2d     0x1804 build/f7-firmware-D/lib/libinfrared.a(infrared_signal.o)
 .debug_info    0x00009531      0x8aa build/f7-firmware-D/lib/libinfrared.a(infrared_transmit.o)
 .debug_info    0x00009ddb     0x24ba build/f7-firmware-D/lib/libinfrared.a(infrared_worker.o)
 .debug_info    0x0000c295      0x7e6 build/f7-firmware-D/lib/libinfrared.a(infrared_decoder_kaseikyo.o)
 .debug_info    0x0000ca7b      0x75b build/f7-firmware-D/lib/libinfrared.a(infrared_encoder_kaseikyo.o)
 .debug_info    0x0000d1d6      0x66e build/f7-firmware-D/lib/libinfrared.a(infrared_protocol_kaseikyo.o)
 .debug_info    0x0000d844      0x89a build/f7-firmware-D/lib/libinfrared.a(infrared_decoder_nec.o)
 .debug_info    0x0000e0de      0x82a build/f7-firmware-D/lib/libinfrared.a(infrared_encoder_nec.o)
 .debug_info    0x0000e908      0x6d2 build/f7-firmware-D/lib/libinfrared.a(infrared_protocol_nec.o)
 .debug_info    0x0000efda      0x7c6 build/f7-firmware-D/lib/libinfrared.a(infrared_decoder_pioneer.o)
 .debug_info    0x0000f7a0      0x799 build/f7-firmware-D/lib/libinfrared.a(infrared_encoder_pioneer.o)
 .debug_info    0x0000ff39      0x68e build/f7-firmware-D/lib/libinfrared.a(infrared_protocol_pioneer.o)
 .debug_info    0x000105c7      0x948 build/f7-firmware-D/lib/libinfrared.a(infrared_decoder_rc5.o)
 .debug_info    0x00010f0f      0x82b build/f7-firmware-D/lib/libinfrared.a(infrared_encoder_rc5.o)
 .debug_info    0x0001173a      0x67c build/f7-firmware-D/lib/libinfrared.a(infrared_protocol_rc5.o)
 .debug_info    0x00011db6      0xa42 build/f7-firmware-D/lib/libinfrared.a(infrared_decoder_rc6.o)
 .debug_info    0x000127f8      0x8e7 build/f7-firmware-D/lib/libinfrared.a(infrared_encoder_rc6.o)
 .debug_info    0x000130df      0x66b build/f7-firmware-D/lib/libinfrared.a(infrared_protocol_rc6.o)
 .debug_info    0x0001374a      0x7ad build/f7-firmware-D/lib/libinfrared.a(infrared_decoder_rca.o)
 .debug_info    0x00013ef7      0x728 build/f7-firmware-D/lib/libinfrared.a(infrared_encoder_rca.o)
 .debug_info    0x0001461f      0x66e build/f7-firmware-D/lib/libinfrared.a(infrared_protocol_rca.o)
 .debug_info    0x00014c8d      0x800 build/f7-firmware-D/lib/libinfrared.a(infrared_decoder_samsung.o)
 .debug_info    0x0001548d      0x7d9 build/f7-firmware-D/lib/libinfrared.a(infrared_encoder_samsung.o)
 .debug_info    0x00015c66      0x6a4 build/f7-firmware-D/lib/libinfrared.a(infrared_protocol_samsung.o)
 .debug_info    0x0001630a      0x774 build/f7-firmware-D/lib/libinfrared.a(infrared_decoder_sirc.o)
 .debug_info    0x00016a7e      0x794 build/f7-firmware-D/lib/libinfrared.a(infrared_encoder_sirc.o)
 .debug_info    0x00017212      0x6ac build/f7-firmware-D/lib/libinfrared.a(infrared_protocol_sirc.o)
 .debug_info    0x000178be      0xd32 build/f7-firmware-D/lib/libinfrared.a(infrared_common_decoder.o)
 .debug_info    0x000185f0      0x9d4 build/f7-firmware-D/lib/libinfrared.a(infrared_common_encoder.o)

.debug_abbrev   0x00000000     0x4a0d
 *(.debug_abbrev)
 .debug_abbrev  0x00000000      0x539 build/f7-firmware-D/.extapps/cli_ir/infrared_cli.o
 .debug_abbrev  0x00000539      0x427 build/f7-firmware-D/lib/libinfrared.a(infrared.o)
 .debug_abbrev  0x00000960      0x459 build/f7-firmware-D/lib/libinfrared.a(infrared_brute_force.o)
 .debug_abbrev  0x00000db9      0x433 build/f7-firmware-D/lib/libinfrared.a(infrared_signal.o)
 .debug_abbrev  0x000011ec      0x2e2 build/f7-firmware-D/lib/libinfrared.a(infrared_transmit.o)
 .debug_abbrev  0x000014ce      0x5fe build/f7-firmware-D/lib/libinfrared.a(infrared_worker.o)
 .debug_abbrev  0x00001acc      0x1e2 build/f7-firmware-D/lib/libinfrared.a(infrared_decoder_kaseikyo.o)
 .debug_abbrev  0x00001cae      0x1e4 build/f7-firmware-D/lib/libinfrared.a(infrared_encoder_kaseikyo.o)
 .debug_abbrev  0x00001e92      0x150 build/f7-firmware-D/lib/libinfrared.a(infrared_protocol_kaseikyo.o)
 .debug_abbrev  0x00001fe2      0x1de build/f7-firmware-D/lib/libinfrared.a(infrared_decoder_nec.o)
 .debug_abbrev  0x000021c0      0x23b build/f7-firmware-D/lib/libinfrared.a(infrared_encoder_nec.o)
 .debug_abbrev  0x000023fb      0x152 build/f7-firmware-D/lib/libinfrared.a(infrared_protocol_nec.o)
 .debug_abbrev  0x0000254d      0x1d5 build/f7-firmware-D/lib/libinfrared.a(infrared_decoder_pioneer.o)
 .debug_abbrev  0x00002722      0x1f9 build/f7-firmware-D/lib/libinfrared.a(infrared_encoder_pioneer.o)
 .debug_abbrev  0x0000291b      0x150 build/f7-firmware-D/lib/libinfrared.a(infrared_protocol_pioneer.o)
 .debug_abbrev  0x00002a6b      0x21a build/f7-firmware-D/lib/libinfrared.a(infrared_decoder_rc5.o)
 .debug_abbrev  0x00002c85      0x1d5 build/f7-firmware-D/lib/libinfrared.a(infrared_encoder_rc5.o)
 .debug_abbrev  0x00002e5a      0x152 build/f7-firmware-D/lib/libinfrared.a(infrared_protocol_rc5.o)
 .debug_abbrev  0x00002fac      0x21a build/f7-firmware-D/lib/libinfrared.a(infrared_decoder_rc6.o)
 .debug_abbrev  0x000031c6      0x1de build/f7-firmware-D/lib/libinfrared.a(infrared_encoder_rc6.o)
 .debug_abbrev  0x000033a4      0x151 build/f7-firmware-D/lib/libinfrared.a(infrared_protocol_rc6.o)
 .debug_abbrev  0x000034f5      0x1ce build/f7-firmware-D/lib/libinfrared.a(infrared_decoder_rca.o)
 .debug_abbrev  0x000036c3      0x1d0 build/f7-firmware-D/lib/libinfrared.a(infrared_encoder_rca.o)
 .debug_abbrev  0x00003893      0x150 build/f7-firmware-D/lib/libinfrared.a(infrared_protocol_rca.o)
 .debug_abbrev  0x000039e3      0x1ce build/f7-firmware-D/lib/libinfrared.a(infrared_decoder_samsung.o)
 .debug_abbrev  0x00003bb1      0x1e1 build/f7-firmware-D/lib/libinfrared.a(infrared_encoder_samsung.o)
 .debug_abbrev  0x00003d92      0x150 build/f7-firmware-D/lib/libinfrared.a(infrared_protocol_samsung.o)
 .debug_abbrev  0x00003ee2      0x1ce build/f7-firmware-D/lib/libinfrared.a(infrared_decoder_sirc.o)
 .debug_abbrev  0x000040b0      0x210 build/f7-firmware-D/lib/libinfrared.a(infrared_encoder_sirc.o)
 .debug_abbrev  0x000042c0      0x152 build/f7-firmware-D/lib/libinfrared.a(infrared_protocol_sirc.o)
 .debug_abbrev  0x00004412      0x394 build/f7-firmware-D/lib/libinfrared.a(infrared_common_decoder.o)
 .debug_abbrev  0x000047a6      0x267 build/f7-firmware-D/lib/libinfrared.a(infrared_common_encoder.o)

.debug_line     0x00000000     0x9e75
 *(.debug_line .debug_line.* .debug_line_end)
 .debug_line    0x00000000      0x465 build/f7-firmware-D/.extapps/cli_ir/infrared_cli.o
 .debug_line.text.dict_signals_next
                0x00000465       0xee build/f7-firmware-D/.extapps/cli_ir/infrared_cli.o
 .debug_line.text.dict_signals_it
                0x00000553      0x119 build/f7-firmware-D/.extapps/cli_ir/infrared_cli.o
 .debug_line.text.dict_signals_list_pair_reset
                0x0000066c       0x72 build/f7-firmware-D/.extapps/cli_ir/infrared_cli.o
 .debug_line.text.dict_signals_array_list_pair_resize
                0x000006de       0xf0 build/f7-firmware-D/.extapps/cli_ir/infrared_cli.o
 .debug_line.text.dict_signals_init
                0x000007ce       0x31 build/f7-firmware-D/.extapps/cli_ir/infrared_cli.o
 .debug_line.text.dict_signals_array_list_pair_reset
                0x000007ff       0x6d build/f7-firmware-D/.extapps/cli_ir/infrared_cli.o
 .debug_line.text.dict_signals_array_list_pair_clear
                0x0000086c       0x20 build/f7-firmware-D/.extapps/cli_ir/infrared_cli.o
 .debug_line.text.m_d1ct_dict_signals_resize_up
                0x0000088c      0x19c build/f7-firmware-D/.extapps/cli_ir/infrared_cli.o
 .debug_line.text.dict_signals_get
                0x00000a28       0x7a build/f7-firmware-D/.extapps/cli_ir/infrared_cli.o
 .debug_line.text.dict_signals_list_pair_push_raw
                0x00000aa2       0x48 build/f7-firmware-D/.extapps/cli_ir/infrared_cli.o
 .debug_line.text.dict_signals_set_at
                0x00000aea       0xd5 build/f7-firmware-D/.extapps/cli_ir/infrared_cli.o
 .debug_line.text.infrared_cli_list_remote_signals
                0x00000bbf      0x12f build/f7-firmware-D/.extapps/cli_ir/infrared_cli.o
 .debug_line.text.infrared_cli_brute_force_signals
                0x00000cee       0xc2 build/f7-firmware-D/.extapps/cli_ir/infrared_cli.o
 .debug_line.text.infrared_cli_save_signal
                0x00000db0       0x41 build/f7-firmware-D/.extapps/cli_ir/infrared_cli.o
 .debug_line.text.infrared_cli_decode_raw_signal
                0x00000df1       0xfe build/f7-firmware-D/.extapps/cli_ir/infrared_cli.o
 .debug_line.text.infrared_cli_decode_file
                0x00000eef       0xb5 build/f7-firmware-D/.extapps/cli_ir/infrared_cli.o
 .debug_line.text.infrared_cli_parse_message
                0x00000fa4       0x4a build/f7-firmware-D/.extapps/cli_ir/infrared_cli.o
 .debug_line.text.infrared_cli_parse_raw
                0x00000fee       0xdb build/f7-firmware-D/.extapps/cli_ir/infrared_cli.o
 .debug_line.text.signal_received_callback
                0x000010c9      0x124 build/f7-firmware-D/.extapps/cli_ir/infrared_cli.o
 .debug_line.text.infrared_cli_print_universal_remotes
                0x000011ed       0x81 build/f7-firmware-D/.extapps/cli_ir/infrared_cli.o
 .debug_line.text.infrared_cli_print_usage
                0x0000126e       0x4c build/f7-firmware-D/.extapps/cli_ir/infrared_cli.o
 .debug_line.text.execute
                0x000012ba       0x81 build/f7-firmware-D/.extapps/cli_ir/infrared_cli.o
 .debug_line.text.infrared_cli_process_universal
                0x0000133b       0x6d build/f7-firmware-D/.extapps/cli_ir/infrared_cli.o
 .debug_line.text.infrared_cli_process_decode
                0x000013a8      0x13e build/f7-firmware-D/.extapps/cli_ir/infrared_cli.o
 .debug_line.text.infrared_cli_start_ir_tx
                0x000014e6       0x62 build/f7-firmware-D/.extapps/cli_ir/infrared_cli.o
 .debug_line.text.infrared_cli_start_ir_rx
                0x00001548       0x77 build/f7-firmware-D/.extapps/cli_ir/infrared_cli.o
 .debug_line.text.cli_ir_ep
                0x000015bf       0x13 build/f7-firmware-D/.extapps/cli_ir/infrared_cli.o
 .debug_line_end
                0x000015d2        0x0 build/f7-firmware-D/.extapps/cli_ir/infrared_cli.o
 .debug_line    0x000015d2      0x433 build/f7-firmware-D/lib/libinfrared.a(infrared.o)
 .debug_line.text.infrared_find_index_by_protocol
                0x00001a05       0x4f build/f7-firmware-D/lib/libinfrared.a(infrared.o)
 .debug_line.text.infrared_get_variant_by_protocol
                0x00001a54       0x5a build/f7-firmware-D/lib/libinfrared.a(infrared.o)
 .debug_line.text.infrared_decode
                0x00001aae       0x6c build/f7-firmware-D/lib/libinfrared.a(infrared.o)
 .debug_line.text.infrared_free_decoder
                0x00001b1a       0x78 build/f7-firmware-D/lib/libinfrared.a(infrared.o)
 .debug_line.text.infrared_reset_decoder
                0x00001b92       0x52 build/f7-firmware-D/lib/libinfrared.a(infrared.o)
 .debug_line.text.infrared_alloc_decoder
                0x00001be4       0x6d build/f7-firmware-D/lib/libinfrared.a(infrared.o)
 .debug_line.text.infrared_check_decoder_ready
                0x00001c51       0x6b build/f7-firmware-D/lib/libinfrared.a(infrared.o)
 .debug_line.text.infrared_alloc_encoder
                0x00001cbc       0x2d build/f7-firmware-D/lib/libinfrared.a(infrared.o)
 .debug_line.text.infrared_free_encoder
                0x00001ce9       0xab build/f7-firmware-D/lib/libinfrared.a(infrared.o)
 .debug_line.text.infrared_reset_encoder
                0x00001d94      0x135 build/f7-firmware-D/lib/libinfrared.a(infrared.o)
 .debug_line.text.infrared_encode
                0x00001ec9       0xe4 build/f7-firmware-D/lib/libinfrared.a(infrared.o)
 .debug_line.text.infrared_is_protocol_valid
                0x00001fad       0x1f build/f7-firmware-D/lib/libinfrared.a(infrared.o)
 .debug_line.text.infrared_get_protocol_name
                0x00001fcc       0x1f build/f7-firmware-D/lib/libinfrared.a(infrared.o)
 .debug_line.text.infrared_get_protocol_by_name
                0x00001feb       0x6a build/f7-firmware-D/lib/libinfrared.a(infrared.o)
 .debug_line.text.infrared_get_protocol_address_length
                0x00002055       0x1f build/f7-firmware-D/lib/libinfrared.a(infrared.o)
 .debug_line.text.infrared_get_protocol_command_length
                0x00002074       0x1f build/f7-firmware-D/lib/libinfrared.a(infrared.o)
 .debug_line.text.infrared_get_protocol_frequency
                0x00002093       0x1f build/f7-firmware-D/lib/libinfrared.a(infrared.o)
 .debug_line.text.infrared_get_protocol_duty_cycle
                0x000020b2       0x1f build/f7-firmware-D/lib/libinfrared.a(infrared.o)
 .debug_line.text.infrared_get_protocol_min_repeat_count
                0x000020d1       0x1f build/f7-firmware-D/lib/libinfrared.a(infrared.o)
 .debug_line_end
                0x000020f0        0x0 build/f7-firmware-D/lib/libinfrared.a(infrared.o)
 .debug_line    0x000020f0      0x29e build/f7-firmware-D/lib/libinfrared.a(infrared_brute_force.o)
 .debug_line.text.SignalPositionArray_set
                0x0000238e       0xa9 build/f7-firmware-D/lib/libinfrared.a(infrared_brute_force.o)
 .debug_line.text.InfraredBruteForceRecordDict_list_pair_reset
                0x00002437       0x7d build/f7-firmware-D/lib/libinfrared.a(infrared_brute_force.o)
 .debug_line.text.InfraredBruteForceRecordDict_array_list_pair_reset
                0x000024b4       0x6b build/f7-firmware-D/lib/libinfrared.a(infrared_brute_force.o)
 .debug_line.text.InfraredBruteForceRecordDict_array_list_pair_resize
                0x0000251f       0x76 build/f7-firmware-D/lib/libinfrared.a(infrared_brute_force.o)
 .debug_line.text.infrared_brute_force_alloc
                0x00002595       0x71 build/f7-firmware-D/lib/libinfrared.a(infrared_brute_force.o)
 .debug_line.text.infrared_brute_force_free
                0x00002606       0xff build/f7-firmware-D/lib/libinfrared.a(infrared_brute_force.o)
 .debug_line.text.infrared_brute_force_set_db_filename
                0x00002705       0x6b build/f7-firmware-D/lib/libinfrared.a(infrared_brute_force.o)
 .debug_line.text.infrared_brute_force_calculate_messages
                0x00002770      0x1f9 build/f7-firmware-D/lib/libinfrared.a(infrared_brute_force.o)
 .debug_line.text.infrared_brute_force_stop
                0x00002969       0xa2 build/f7-firmware-D/lib/libinfrared.a(infrared_brute_force.o)
 .debug_line.text.infrared_brute_force_start
                0x00002a0b      0x268 build/f7-firmware-D/lib/libinfrared.a(infrared_brute_force.o)
 .debug_line.text.infrared_brute_force_send
                0x00002c73       0xe0 build/f7-firmware-D/lib/libinfrared.a(infrared_brute_force.o)
 .debug_line.text.infrared_brute_force_add_record
                0x00002d53      0x164 build/f7-firmware-D/lib/libinfrared.a(infrared_brute_force.o)
 .debug_line.text.infrared_brute_force_reset
                0x00002eb7       0x4a build/f7-firmware-D/lib/libinfrared.a(infrared_brute_force.o)
 .debug_line_end
                0x00002f01        0x0 build/f7-firmware-D/lib/libinfrared.a(infrared_brute_force.o)
 .debug_line    0x00002f01      0x30f build/f7-firmware-D/lib/libinfrared.a(infrared_signal.o)
 .debug_line.text.infrared_signal_is_message_valid
                0x00003210       0x80 build/f7-firmware-D/lib/libinfrared.a(infrared_signal.o)
 .debug_line.text.infrared_signal_clear_timings
                0x00003290       0x34 build/f7-firmware-D/lib/libinfrared.a(infrared_signal.o)
 .debug_line.text.infrared_signal_alloc
                0x000032c4       0x34 build/f7-firmware-D/lib/libinfrared.a(infrared_signal.o)
 .debug_line.text.infrared_signal_free
                0x000032f8       0x25 build/f7-firmware-D/lib/libinfrared.a(infrared_signal.o)
 .debug_line.text.infrared_signal_is_raw
                0x0000331d       0x1a build/f7-firmware-D/lib/libinfrared.a(infrared_signal.o)
 .debug_line.text.infrared_signal_is_valid
                0x00003337       0xb8 build/f7-firmware-D/lib/libinfrared.a(infrared_signal.o)
 .debug_line.text.infrared_signal_set_raw_signal
                0x000033ef       0x51 build/f7-firmware-D/lib/libinfrared.a(infrared_signal.o)
 .debug_line.text.infrared_signal_get_raw_signal
                0x00003440       0x1e build/f7-firmware-D/lib/libinfrared.a(infrared_signal.o)
 .debug_line.text.infrared_signal_set_message
                0x0000345e       0x2d build/f7-firmware-D/lib/libinfrared.a(infrared_signal.o)
 .debug_line.text.infrared_signal_read_body
                0x0000348b      0x15d build/f7-firmware-D/lib/libinfrared.a(infrared_signal.o)
 .debug_line.text.infrared_signal_save
                0x000035e8       0xed build/f7-firmware-D/lib/libinfrared.a(infrared_signal.o)
 .debug_line.text.infrared_signal_read_name
                0x000036d5       0x23 build/f7-firmware-D/lib/libinfrared.a(infrared_signal.o)
 .debug_line.text.infrared_signal_read
                0x000036f8       0x3b build/f7-firmware-D/lib/libinfrared.a(infrared_signal.o)
 .debug_line.text.infrared_signal_transmit
                0x00003733       0x25 build/f7-firmware-D/lib/libinfrared.a(infrared_signal.o)
 .debug_line_end
                0x00003758        0x0 build/f7-firmware-D/lib/libinfrared.a(infrared_signal.o)
 .debug_line    0x00003758      0x1ea build/f7-firmware-D/lib/libinfrared.a(infrared_transmit.o)
 .debug_line.text.infrared_get_raw_data_callback
                0x00003942       0x85 build/f7-firmware-D/lib/libinfrared.a(infrared_transmit.o)
 .debug_line.text.infrared_get_data_callback
                0x000039c7       0x8e build/f7-firmware-D/lib/libinfrared.a(infrared_transmit.o)
 .debug_line.text.infrared_send_raw_ext
                0x00003a55       0xb5 build/f7-firmware-D/lib/libinfrared.a(infrared_transmit.o)
 .debug_line.text.infrared_send
                0x00003b0a      0x11b build/f7-firmware-D/lib/libinfrared.a(infrared_transmit.o)
 .debug_line_end
                0x00003c25        0x0 build/f7-firmware-D/lib/libinfrared.a(infrared_transmit.o)
 .debug_line    0x00003c25      0x3ba build/f7-firmware-D/lib/libinfrared.a(infrared_worker.o)
 .debug_line.text.infrared_worker_rx_callback
                0x00003fdf       0x66 build/f7-firmware-D/lib/libinfrared.a(infrared_worker.o)
 .debug_line.text.infrared_worker_rx_thread
                0x00004045      0x227 build/f7-firmware-D/lib/libinfrared.a(infrared_worker.o)
 .debug_line.text.infrared_worker_rx_timeout_callback
                0x0000426c       0x31 build/f7-firmware-D/lib/libinfrared.a(infrared_worker.o)
 .debug_line.text.infrared_worker_rx_set_received_signal_callback
                0x0000429d       0x5e build/f7-firmware-D/lib/libinfrared.a(infrared_worker.o)
 .debug_line.text.infrared_worker_alloc
                0x000042fb       0x7c build/f7-firmware-D/lib/libinfrared.a(infrared_worker.o)
 .debug_line.text.infrared_worker_free
                0x00004377       0x90 build/f7-firmware-D/lib/libinfrared.a(infrared_worker.o)
 .debug_line.text.infrared_worker_rx_start
                0x00004407       0xaa build/f7-firmware-D/lib/libinfrared.a(infrared_worker.o)
 .debug_line.text.infrared_worker_rx_stop
                0x000044b1       0xa6 build/f7-firmware-D/lib/libinfrared.a(infrared_worker.o)
 .debug_line.text.infrared_worker_signal_is_decoded
                0x00004557       0x55 build/f7-firmware-D/lib/libinfrared.a(infrared_worker.o)
 .debug_line.text.infrared_worker_get_raw_signal
                0x000045ac       0x9d build/f7-firmware-D/lib/libinfrared.a(infrared_worker.o)
 .debug_line.text.infrared_worker_get_decoded_signal
                0x00004649       0x55 build/f7-firmware-D/lib/libinfrared.a(infrared_worker.o)
 .debug_line.text.infrared_worker_rx_enable_signal_decoding
                0x0000469e       0x5c build/f7-firmware-D/lib/libinfrared.a(infrared_worker.o)
 .debug_line_end
                0x000046fa        0x0 build/f7-firmware-D/lib/libinfrared.a(infrared_worker.o)
 .debug_line    0x000046fa      0x1cf build/f7-firmware-D/lib/libinfrared.a(infrared_decoder_kaseikyo.o)
 .debug_line.text.infrared_decoder_kaseikyo_check_ready
                0x000048c9       0x15 build/f7-firmware-D/lib/libinfrared.a(infrared_decoder_kaseikyo.o)
 .debug_line.text.infrared_decoder_kaseikyo_interpret
                0x000048de       0xb7 build/f7-firmware-D/lib/libinfrared.a(infrared_decoder_kaseikyo.o)
 .debug_line.text.infrared_decoder_kaseikyo_alloc
                0x00004995       0x18 build/f7-firmware-D/lib/libinfrared.a(infrared_decoder_kaseikyo.o)
 .debug_line.text.infrared_decoder_kaseikyo_decode
                0x000049ad       0x17 build/f7-firmware-D/lib/libinfrared.a(infrared_decoder_kaseikyo.o)
 .debug_line.text.infrared_decoder_kaseikyo_free
                0x000049c4       0x14 build/f7-firmware-D/lib/libinfrared.a(infrared_decoder_kaseikyo.o)
 .debug_line.text.infrared_decoder_kaseikyo_reset
                0x000049d8       0x14 build/f7-firmware-D/lib/libinfrared.a(infrared_decoder_kaseikyo.o)
 .debug_line_end
                0x000049ec        0x0 build/f7-firmware-D/lib/libinfrared.a(infrared_decoder_kaseikyo.o)
 .debug_line    0x000049ec      0x1cf build/f7-firmware-D/lib/libinfrared.a(infrared_encoder_kaseikyo.o)
 .debug_line.text.infrared_encoder_kaseikyo_reset
                0x00004bbb       0x88 build/f7-firmware-D/lib/libinfrared.a(infrared_encoder_kaseikyo.o)
 .debug_line.text.infrared_encoder_kaseikyo_alloc
                0x00004c43       0x18 build/f7-firmware-D/lib/libinfrared.a(infrared_encoder_kaseikyo.o)
 .debug_line.text.infrared_encoder_kaseikyo_free
                0x00004c5b       0x14 build/f7-firmware-D/lib/libinfrared.a(infrared_encoder_kaseikyo.o)
 .debug_line.text.infrared_encoder_kaseikyo_encode
                0x00004c6f       0x17 build/f7-firmware-D/lib/libinfrared.a(infrared_encoder_kaseikyo.o)
 .debug_line_end
                0x00004c86        0x0 build/f7-firmware-D/lib/libinfrared.a(infrared_encoder_kaseikyo.o)
 .debug_line    0x00004c86      0x239 build/f7-firmware-D/lib/libinfrared.a(infrared_protocol_kaseikyo.o)
 .debug_line.text.infrared_protocol_kaseikyo_get_variant
                0x00004ebf       0x1c build/f7-firmware-D/lib/libinfrared.a(infrared_protocol_kaseikyo.o)
 .debug_line_end
                0x00004edb        0x0 build/f7-firmware-D/lib/libinfrared.a(infrared_protocol_kaseikyo.o)
 .debug_line    0x00004edb      0x1bb build/f7-firmware-D/lib/libinfrared.a(infrared_decoder_nec.o)
 .debug_line.text.infrared_decoder_nec_check_ready
                0x00005096       0x15 build/f7-firmware-D/lib/libinfrared.a(infrared_decoder_nec.o)
 .debug_line.text.infrared_decoder_nec_interpret
                0x000050ab      0x10a build/f7-firmware-D/lib/libinfrared.a(infrared_decoder_nec.o)
 .debug_line.text.infrared_decoder_nec_decode_repeat
                0x000051b5       0x9b build/f7-firmware-D/lib/libinfrared.a(infrared_decoder_nec.o)
 .debug_line.text.infrared_decoder_nec_alloc
                0x00005250       0x19 build/f7-firmware-D/lib/libinfrared.a(infrared_decoder_nec.o)
 .debug_line.text.infrared_decoder_nec_decode
                0x00005269       0x18 build/f7-firmware-D/lib/libinfrared.a(infrared_decoder_nec.o)
 .debug_line.text.infrared_decoder_nec_free
                0x00005281       0x15 build/f7-firmware-D/lib/libinfrared.a(infrared_decoder_nec.o)
 .debug_line.text.infrared_decoder_nec_reset
                0x00005296       0x15 build/f7-firmware-D/lib/libinfrared.a(infrared_decoder_nec.o)
 .debug_line_end
                0x000052ab        0x0 build/f7-firmware-D/lib/libinfrared.a(infrared_decoder_nec.o)
 .debug_line    0x000052ab      0x1d0 build/f7-firmware-D/lib/libinfrared.a(infrared_encoder_nec.o)
 .debug_line.text.infrared_encoder_nec_reset
                0x0000547b      0x10e build/f7-firmware-D/lib/libinfrared.a(infrared_encoder_nec.o)
 .debug_line.text.infrared_encoder_nec_encode_repeat
                0x00005589       0x91 build/f7-firmware-D/lib/libinfrared.a(infrared_encoder_nec.o)
 .debug_line.text.infrared_encoder_nec_alloc
                0x0000561a       0x19 build/f7-firmware-D/lib/libinfrared.a(infrared_encoder_nec.o)
 .debug_line.text.infrared_encoder_nec_free
                0x00005633       0x15 build/f7-firmware-D/lib/libinfrared.a(infrared_encoder_nec.o)
 .debug_line.text.infrared_encoder_nec_encode
                0x00005648       0x18 build/f7-firmware-D/lib/libinfrared.a(infrared_encoder_nec.o)
 .debug_line_end
                0x00005660        0x0 build/f7-firmware-D/lib/libinfrared.a(infrared_encoder_nec.o)
 .debug_line    0x00005660      0x225 build/f7-firmware-D/lib/libinfrared.a(infrared_protocol_nec.o)
 .debug_line.text.infrared_protocol_nec_get_variant
                0x00005885       0x1e build/f7-firmware-D/lib/libinfrared.a(infrared_protocol_nec.o)
 .debug_line_end
                0x000058a3        0x0 build/f7-firmware-D/lib/libinfrared.a(infrared_protocol_nec.o)
 .debug_line    0x000058a3      0x1cb build/f7-firmware-D/lib/libinfrared.a(infrared_decoder_pioneer.o)
 .debug_line.text.infrared_decoder_pioneer_check_ready
                0x00005a6e       0x15 build/f7-firmware-D/lib/libinfrared.a(infrared_decoder_pioneer.o)
 .debug_line.text.infrared_decoder_pioneer_interpret
                0x00005a83       0x96 build/f7-firmware-D/lib/libinfrared.a(infrared_decoder_pioneer.o)
 .debug_line.text.infrared_decoder_pioneer_alloc
                0x00005b19       0x18 build/f7-firmware-D/lib/libinfrared.a(infrared_decoder_pioneer.o)
 .debug_line.text.infrared_decoder_pioneer_decode
                0x00005b31       0x17 build/f7-firmware-D/lib/libinfrared.a(infrared_decoder_pioneer.o)
 .debug_line.text.infrared_decoder_pioneer_free
                0x00005b48       0x14 build/f7-firmware-D/lib/libinfrared.a(infrared_decoder_pioneer.o)
 .debug_line.text.infrared_decoder_pioneer_reset
                0x00005b5c       0x14 build/f7-firmware-D/lib/libinfrared.a(infrared_decoder_pioneer.o)
 .debug_line_end
                0x00005b70        0x0 build/f7-firmware-D/lib/libinfrared.a(infrared_decoder_pioneer.o)
 .debug_line    0x00005b70      0x1e0 build/f7-firmware-D/lib/libinfrared.a(infrared_encoder_pioneer.o)
 .debug_line.text.infrared_encoder_pioneer_reset
                0x00005d50       0x6b build/f7-firmware-D/lib/libinfrared.a(infrared_encoder_pioneer.o)
 .debug_line.text.infrared_encoder_pioneer_alloc
                0x00005dbb       0x18 build/f7-firmware-D/lib/libinfrared.a(infrared_encoder_pioneer.o)
 .debug_line.text.infrared_encoder_pioneer_free
                0x00005dd3       0x14 build/f7-firmware-D/lib/libinfrared.a(infrared_encoder_pioneer.o)
 .debug_line.text.infrared_encoder_pioneer_encode_repeat
                0x00005de7       0x56 build/f7-firmware-D/lib/libinfrared.a(infrared_encoder_pioneer.o)
 .debug_line.text.infrared_encoder_pioneer_encode
                0x00005e3d       0x67 build/f7-firmware-D/lib/libinfrared.a(infrared_encoder_pioneer.o)
 .debug_line_end
                0x00005ea4        0x0 build/f7-firmware-D/lib/libinfrared.a(infrared_encoder_pioneer.o)
 .debug_line    0x00005ea4      0x235 build/f7-firmware-D/lib/libinfrared.a(infrared_protocol_pioneer.o)
 .debug_line.text.infrared_protocol_pioneer_get_variant
                0x000060d9       0x1c build/f7-firmware-D/lib/libinfrared.a(infrared_protocol_pioneer.o)
 .debug_line_end
                0x000060f5        0x0 build/f7-firmware-D/lib/libinfrared.a(infrared_protocol_pioneer.o)
 .debug_line    0x000060f5      0x27e build/f7-firmware-D/lib/libinfrared.a(infrared_decoder_rc5.o)
 .debug_line.text.reverse
                0x00006373       0x59 build/f7-firmware-D/lib/libinfrared.a(infrared_decoder_rc5.o)
 .debug_line.text.infrared_decoder_rc5_check_ready
                0x000063cc       0x1a build/f7-firmware-D/lib/libinfrared.a(infrared_decoder_rc5.o)
 .debug_line.text.infrared_decoder_rc5_interpret
                0x000063e6       0xc7 build/f7-firmware-D/lib/libinfrared.a(infrared_decoder_rc5.o)
 .debug_line.text.infrared_decoder_rc5_alloc
                0x000064ad       0x46 build/f7-firmware-D/lib/libinfrared.a(infrared_decoder_rc5.o)
 .debug_line.text.infrared_decoder_rc5_decode
                0x000064f3       0x1a build/f7-firmware-D/lib/libinfrared.a(infrared_decoder_rc5.o)
 .debug_line.text.infrared_decoder_rc5_free
                0x0000650d       0x27 build/f7-firmware-D/lib/libinfrared.a(infrared_decoder_rc5.o)
 .debug_line.text.infrared_decoder_rc5_reset
                0x00006534       0x18 build/f7-firmware-D/lib/libinfrared.a(infrared_decoder_rc5.o)
 .debug_line_end
                0x0000654c        0x0 build/f7-firmware-D/lib/libinfrared.a(infrared_decoder_rc5.o)
 .debug_line    0x0000654c      0x27e build/f7-firmware-D/lib/libinfrared.a(infrared_encoder_rc5.o)
 .debug_line.text.reverse
                0x000067ca       0x59 build/f7-firmware-D/lib/libinfrared.a(infrared_encoder_rc5.o)
 .debug_line.text.infrared_encoder_rc5_reset
                0x00006823       0x8d build/f7-firmware-D/lib/libinfrared.a(infrared_encoder_rc5.o)
 .debug_line.text.infrared_encoder_rc5_encode
                0x000068b0       0x19 build/f7-firmware-D/lib/libinfrared.a(infrared_encoder_rc5.o)
 .debug_line.text.infrared_encoder_rc5_alloc
                0x000068c9       0x3b build/f7-firmware-D/lib/libinfrared.a(infrared_encoder_rc5.o)
 .debug_line.text.infrared_encoder_rc5_free
                0x00006904       0x2a build/f7-firmware-D/lib/libinfrared.a(infrared_encoder_rc5.o)
 .debug_line_end
                0x0000692e        0x0 build/f7-firmware-D/lib/libinfrared.a(infrared_encoder_rc5.o)
 .debug_line    0x0000692e      0x225 build/f7-firmware-D/lib/libinfrared.a(infrared_protocol_rc5.o)
 .debug_line.text.infrared_protocol_rc5_get_variant
                0x00006b53       0x25 build/f7-firmware-D/lib/libinfrared.a(infrared_protocol_rc5.o)
 .debug_line_end
                0x00006b78        0x0 build/f7-firmware-D/lib/libinfrared.a(infrared_protocol_rc5.o)
 .debug_line    0x00006b78      0x27e build/f7-firmware-D/lib/libinfrared.a(infrared_decoder_rc6.o)
 .debug_line.text.reverse
                0x00006df6       0x59 build/f7-firmware-D/lib/libinfrared.a(infrared_decoder_rc6.o)
 .debug_line.text.infrared_decoder_rc6_check_ready
                0x00006e4f       0x1a build/f7-firmware-D/lib/libinfrared.a(infrared_decoder_rc6.o)
 .debug_line.text.infrared_decoder_rc6_interpret
                0x00006e69       0xb3 build/f7-firmware-D/lib/libinfrared.a(infrared_decoder_rc6.o)
 .debug_line.text.infrared_decoder_rc6_decode_manchester
                0x00006f1c      0x10e build/f7-firmware-D/lib/libinfrared.a(infrared_decoder_rc6.o)
 .debug_line.text.infrared_decoder_rc6_alloc
                0x0000702a       0x47 build/f7-firmware-D/lib/libinfrared.a(infrared_decoder_rc6.o)
 .debug_line.text.infrared_decoder_rc6_decode
                0x00007071       0x1a build/f7-firmware-D/lib/libinfrared.a(infrared_decoder_rc6.o)
 .debug_line.text.infrared_decoder_rc6_free
                0x0000708b       0x27 build/f7-firmware-D/lib/libinfrared.a(infrared_decoder_rc6.o)
 .debug_line.text.infrared_decoder_rc6_reset
                0x000070b2       0x18 build/f7-firmware-D/lib/libinfrared.a(infrared_decoder_rc6.o)
 .debug_line_end
                0x000070ca        0x0 build/f7-firmware-D/lib/libinfrared.a(infrared_decoder_rc6.o)
 .debug_line    0x000070ca      0x27e build/f7-firmware-D/lib/libinfrared.a(infrared_encoder_rc6.o)
 .debug_line.text.reverse
                0x00007348       0x59 build/f7-firmware-D/lib/libinfrared.a(infrared_encoder_rc6.o)
 .debug_line.text.infrared_encoder_rc6_reset
                0x000073a1       0x68 build/f7-firmware-D/lib/libinfrared.a(infrared_encoder_rc6.o)
 .debug_line.text.infrared_encoder_rc6_encode
                0x00007409       0x19 build/f7-firmware-D/lib/libinfrared.a(infrared_encoder_rc6.o)
 .debug_line.text.infrared_encoder_rc6_alloc
                0x00007422       0x3b build/f7-firmware-D/lib/libinfrared.a(infrared_encoder_rc6.o)
 .debug_line.text.infrared_encoder_rc6_free
                0x0000745d       0x2a build/f7-firmware-D/lib/libinfrared.a(infrared_encoder_rc6.o)
 .debug_line.text.infrared_encoder_rc6_encode_manchester
                0x00007487       0x3e build/f7-firmware-D/lib/libinfrared.a(infrared_encoder_rc6.o)
 .debug_line_end
                0x000074c5        0x0 build/f7-firmware-D/lib/libinfrared.a(infrared_encoder_rc6.o)
 .debug_line    0x000074c5      0x225 build/f7-firmware-D/lib/libinfrared.a(infrared_protocol_rc6.o)
 .debug_line.text.infrared_protocol_rc6_get_variant
                0x000076ea       0x1c build/f7-firmware-D/lib/libinfrared.a(infrared_protocol_rc6.o)
 .debug_line_end
                0x00007706        0x0 build/f7-firmware-D/lib/libinfrared.a(infrared_protocol_rc6.o)
 .debug_line    0x00007706      0x1bb build/f7-firmware-D/lib/libinfrared.a(infrared_decoder_rca.o)
 .debug_line.text.infrared_decoder_rca_check_ready
                0x000078c1       0x15 build/f7-firmware-D/lib/libinfrared.a(infrared_decoder_rca.o)
 .debug_line.text.infrared_decoder_rca_interpret
                0x000078d6       0x6a build/f7-firmware-D/lib/libinfrared.a(infrared_decoder_rca.o)
 .debug_line.text.infrared_decoder_rca_alloc
                0x00007940       0x18 build/f7-firmware-D/lib/libinfrared.a(infrared_decoder_rca.o)
 .debug_line.text.infrared_decoder_rca_decode
                0x00007958       0x17 build/f7-firmware-D/lib/libinfrared.a(infrared_decoder_rca.o)
 .debug_line.text.infrared_decoder_rca_free
                0x0000796f       0x14 build/f7-firmware-D/lib/libinfrared.a(infrared_decoder_rca.o)
 .debug_line.text.infrared_decoder_rca_reset
                0x00007983       0x14 build/f7-firmware-D/lib/libinfrared.a(infrared_decoder_rca.o)
 .debug_line_end
                0x00007997        0x0 build/f7-firmware-D/lib/libinfrared.a(infrared_decoder_rca.o)
 .debug_line    0x00007997      0x1bb build/f7-firmware-D/lib/libinfrared.a(infrared_encoder_rca.o)
 .debug_line.text.infrared_encoder_rca_reset
                0x00007b52       0x5e build/f7-firmware-D/lib/libinfrared.a(infrared_encoder_rca.o)
 .debug_line.text.infrared_encoder_rca_alloc
                0x00007bb0       0x18 build/f7-firmware-D/lib/libinfrared.a(infrared_encoder_rca.o)
 .debug_line.text.infrared_encoder_rca_free
                0x00007bc8       0x14 build/f7-firmware-D/lib/libinfrared.a(infrared_encoder_rca.o)
 .debug_line.text.infrared_encoder_rca_encode
                0x00007bdc       0x17 build/f7-firmware-D/lib/libinfrared.a(infrared_encoder_rca.o)
 .debug_line_end
                0x00007bf3        0x0 build/f7-firmware-D/lib/libinfrared.a(infrared_encoder_rca.o)
 .debug_line    0x00007bf3      0x225 build/f7-firmware-D/lib/libinfrared.a(infrared_protocol_rca.o)
 .debug_line.text.infrared_protocol_rca_get_variant
                0x00007e18       0x1c build/f7-firmware-D/lib/libinfrared.a(infrared_protocol_rca.o)
 .debug_line_end
                0x00007e34        0x0 build/f7-firmware-D/lib/libinfrared.a(infrared_protocol_rca.o)
 .debug_line    0x00007e34      0x1cb build/f7-firmware-D/lib/libinfrared.a(infrared_decoder_samsung.o)
 .debug_line.text.infrared_decoder_samsung32_check_ready
                0x00007fff       0x15 build/f7-firmware-D/lib/libinfrared.a(infrared_decoder_samsung.o)
 .debug_line.text.infrared_decoder_samsung32_interpret
                0x00008014       0x6e build/f7-firmware-D/lib/libinfrared.a(infrared_decoder_samsung.o)
 .debug_line.text.infrared_decoder_samsung32_decode_repeat
                0x00008082       0xb1 build/f7-firmware-D/lib/libinfrared.a(infrared_decoder_samsung.o)
 .debug_line.text.infrared_decoder_samsung32_alloc
                0x00008133       0x18 build/f7-firmware-D/lib/libinfrared.a(infrared_decoder_samsung.o)
 .debug_line.text.infrared_decoder_samsung32_decode
                0x0000814b       0x17 build/f7-firmware-D/lib/libinfrared.a(infrared_decoder_samsung.o)
 .debug_line.text.infrared_decoder_samsung32_free
                0x00008162       0x14 build/f7-firmware-D/lib/libinfrared.a(infrared_decoder_samsung.o)
 .debug_line.text.infrared_decoder_samsung32_reset
                0x00008176       0x15 build/f7-firmware-D/lib/libinfrared.a(infrared_decoder_samsung.o)
 .debug_line_end
                0x0000818b        0x0 build/f7-firmware-D/lib/libinfrared.a(infrared_decoder_samsung.o)
 .debug_line    0x0000818b      0x1cb build/f7-firmware-D/lib/libinfrared.a(infrared_encoder_samsung.o)
 .debug_line.text.infrared_encoder_samsung32_reset
                0x00008356       0x58 build/f7-firmware-D/lib/libinfrared.a(infrared_encoder_samsung.o)
 .debug_line.text.infrared_encoder_samsung32_encode_repeat
                0x000083ae       0x94 build/f7-firmware-D/lib/libinfrared.a(infrared_encoder_samsung.o)
 .debug_line.text.infrared_encoder_samsung32_alloc
                0x00008442       0x18 build/f7-firmware-D/lib/libinfrared.a(infrared_encoder_samsung.o)
 .debug_line.text.infrared_encoder_samsung32_free
                0x0000845a       0x14 build/f7-firmware-D/lib/libinfrared.a(infrared_encoder_samsung.o)
 .debug_line.text.infrared_encoder_samsung32_encode
                0x0000846e       0x18 build/f7-firmware-D/lib/libinfrared.a(infrared_encoder_samsung.o)
 .debug_line_end
                0x00008486        0x0 build/f7-firmware-D/lib/libinfrared.a(infrared_encoder_samsung.o)
 .debug_line    0x00008486      0x235 build/f7-firmware-D/lib/libinfrared.a(infrared_protocol_samsung.o)
 .debug_line.text.infrared_protocol_samsung32_get_variant
                0x000086bb       0x1c build/f7-firmware-D/lib/libinfrared.a(infrared_protocol_samsung.o)
 .debug_line_end
                0x000086d7        0x0 build/f7-firmware-D/lib/libinfrared.a(infrared_protocol_samsung.o)
 .debug_line    0x000086d7      0x1bf build/f7-firmware-D/lib/libinfrared.a(infrared_decoder_sirc.o)
 .debug_line.text.infrared_decoder_sirc_check_ready
                0x00008896       0x15 build/f7-firmware-D/lib/libinfrared.a(infrared_decoder_sirc.o)
 .debug_line.text.infrared_decoder_sirc_interpret
                0x000088ab       0xac build/f7-firmware-D/lib/libinfrared.a(infrared_decoder_sirc.o)
 .debug_line.text.infrared_decoder_sirc_alloc
                0x00008957       0x18 build/f7-firmware-D/lib/libinfrared.a(infrared_decoder_sirc.o)
 .debug_line.text.infrared_decoder_sirc_decode
                0x0000896f       0x17 build/f7-firmware-D/lib/libinfrared.a(infrared_decoder_sirc.o)
 .debug_line.text.infrared_decoder_sirc_free
                0x00008986       0x14 build/f7-firmware-D/lib/libinfrared.a(infrared_decoder_sirc.o)
 .debug_line.text.infrared_decoder_sirc_reset
                0x0000899a       0x14 build/f7-firmware-D/lib/libinfrared.a(infrared_decoder_sirc.o)
 .debug_line_end
                0x000089ae        0x0 build/f7-firmware-D/lib/libinfrared.a(infrared_decoder_sirc.o)
 .debug_line    0x000089ae      0x1d4 build/f7-firmware-D/lib/libinfrared.a(infrared_encoder_sirc.o)
 .debug_line.text.infrared_encoder_sirc_reset
                0x00008b82       0xaa build/f7-firmware-D/lib/libinfrared.a(infrared_encoder_sirc.o)
 .debug_line.text.infrared_encoder_sirc_encode_repeat
                0x00008c2c       0x63 build/f7-firmware-D/lib/libinfrared.a(infrared_encoder_sirc.o)
 .debug_line.text.infrared_encoder_sirc_alloc
                0x00008c8f       0x18 build/f7-firmware-D/lib/libinfrared.a(infrared_encoder_sirc.o)
 .debug_line.text.infrared_encoder_sirc_free
                0x00008ca7       0x14 build/f7-firmware-D/lib/libinfrared.a(infrared_encoder_sirc.o)
 .debug_line.text.infrared_encoder_sirc_encode
                0x00008cbb       0x67 build/f7-firmware-D/lib/libinfrared.a(infrared_encoder_sirc.o)
 .debug_line_end
                0x00008d22        0x0 build/f7-firmware-D/lib/libinfrared.a(infrared_encoder_sirc.o)
 .debug_line    0x00008d22      0x229 build/f7-firmware-D/lib/libinfrared.a(infrared_protocol_sirc.o)