
Discarded input sections

 .text          0x00000000        0x0 build/f7-firmware-D/.extapps/example_plugins_multi/example_plugins.o
 .data          0x00000000        0x0 build/f7-firmware-D/.extapps/example_plugins_multi/example_plugins.o
 .bss           0x00000000        0x0 build/f7-firmware-D/.extapps/example_plugins_multi/example_plugins.o
 .rodata.example_plugins_app.str1.4
                0x00000000      0x13d build/f7-firmware-D/.extapps/example_plugins_multi/example_plugins.o
 .text.example_plugins_app
                0x00000000      0x15c build/f7-firmware-D/.extapps/example_plugins_multi/example_plugins.o
 .debug_info    0x00000000      0x739 build/f7-firmware-D/.extapps/example_plugins_multi/example_plugins.o
 .debug_abbrev  0x00000000      0x1e8 build/f7-firmware-D/.extapps/example_plugins_multi/example_plugins.o
 .debug_loclists
                0x00000000       0x93 build/f7-firmware-D/.extapps/example_plugins_multi/example_plugins.o
 .debug_aranges
                0x00000000       0x20 build/f7-firmware-D/.extapps/example_plugins_multi/example_plugins.o
 .debug_rnglists
                0x00000000       0x21 build/f7-firmware-D/.extapps/example_plugins_multi/example_plugins.o
 .debug_line    0x00000000      0x29d build/f7-firmware-D/.extapps/example_plugins_multi/example_plugins.o
 .debug_str     0x00000000      0x6f4 build/f7-firmware-D/.extapps/example_plugins_multi/example_plugins.o
 .comment       0x00000000       0x1c build/f7-firmware-D/.extapps/example_plugins_multi/example_plugins.o
 .debug_line.text.example_plugins_app
                0x00000000      0x103 build/f7-firmware-D/.extapps/example_plugins_multi/example_plugins.o
 .debug_line_end
                0x00000000        0x0 build/f7-firmware-D/.extapps/example_plugins_multi/example_plugins.o
 .debug_frame   0x00000000       0x38 build/f7-firmware-D/.extapps/example_plugins_multi/example_plugins.o
 .text          0x00000000        0x0 build/f7-firmware-D/.extapps/example_plugins_multi/example_plugins_multi.o
 .data          0x00000000        0x0 build/f7-firmware-D/.extapps/example_plugins_multi/example_plugins_multi.o
 .bss           0x00000000        0x0 build/f7-firmware-D/.extapps/example_plugins_multi/example_plugins_multi.o
 .comment       0x00000000       0x1c build/f7-firmware-D/.extapps/example_plugins_multi/example_plugins_multi.o
 .text          0x00000000        0x0 build/f7-firmware-D/.extapps/example_plugins_multi/plugin1.o
 .data          0x00000000        0x0 build/f7-firmware-D/.extapps/example_plugins_multi/plugin1.o
 .bss           0x00000000        0x0 build/f7-firmware-D/.extapps/example_plugins_multi/plugin1.o
 .text.example_plugin1_method1
                0x00000000        0x4 build/f7-firmware-D/.extapps/example_plugins_multi/plugin1.o
 .text.example_plugin1_method2
                0x00000000        0x4 build/f7-firmware-D/.extapps/example_plugins_multi/plugin1.o
 .text.example_plugin1_ep
                0x00000000        0x8 build/f7-firmware-D/.extapps/example_plugins_multi/plugin1.o
 .rodata.str1.4
                0x00000000       0x22 build/f7-firmware-D/.extapps/example_plugins_multi/plugin1.o
 .rodata.example_plugin1_descriptor
                0x00000000        0xc build/f7-firmware-D/.extapps/example_plugins_multi/plugin1.o
 .rodata.example_plugin1
                0x00000000        0xc build/f7-firmware-D/.extapps/example_plugins_multi/plugin1.o
 .debug_info    0x00000000      0x1f0 build/f7-firmware-D/.extapps/example_plugins_multi/plugin1.o
 .debug_abbrev  0x00000000      0x112 build/f7-firmware-D/.extapps/example_plugins_multi/plugin1.o
 .debug_loclists
                0x00000000       0x23 build/f7-firmware-D/.extapps/example_plugins_multi/plugin1.o
 .debug_aranges
                0x00000000       0x30 build/f7-firmware-D/.extapps/example_plugins_multi/plugin1.o
 .debug_rnglists
                0x00000000       0x1f build/f7-firmware-D/.extapps/example_plugins_multi/plugin1.o
 .debug_line    0x00000000      0x160 build/f7-firmware-D/.extapps/example_plugins_multi/plugin1.o
 .debug_str     0x00000000      0x2d8 build/f7-firmware-D/.extapps/example_plugins_multi/plugin1.o
 .comment       0x00000000       0x1c build/f7-firmware-D/.extapps/example_plugins_multi/plugin1.o
 .debug_line.text.example_plugin1_method1
                0x00000000       0x18 build/f7-firmware-D/.extapps/example_plugins_multi/plugin1.o
 .debug_line.text.example_plugin1_method2
                0x00000000       0x19 build/f7-firmware-D/.extapps/example_plugins_multi/plugin1.o
 .debug_line.text.example_plugin1_ep
                0x00000000       0x18 build/f7-firmware-D/.extapps/example_plugins_multi/plugin1.o
 .debug_line_end
                0x00000000        0x0 build/f7-firmware-D/.extapps/example_plugins_multi/plugin1.o
 .debug_frame   0x00000000       0x40 build/f7-firmware-D/.extapps/example_plugins_multi/plugin1.o
 .text          0x00000000        0x0 build/f7-firmware-D/.extapps/example_plugins_multi/plugin2.o
 .data          0x00000000        0x0 build/f7-firmware-D/.extapps/example_plugins_multi/plugin2.o
 .bss           0x00000000        0x0 build/f7-firmware-D/.extapps/example_plugins_multi/plugin2.o
 .text.example_plugin2_method1
                0x00000000        0x6 build/f7-firmware-D/.extapps/example_plugins_multi/plugin2.o
 .text.example_plugin2_method2
                0x00000000        0x4 build/f7-firmware-D/.extapps/example_plugins_multi/plugin2.o
 .text.example_plugin2_ep
                0x00000000        0x8 build/f7-firmware-D/.extapps/example_plugins_multi/plugin2.o
 .rodata.str1.4
                0x00000000       0x22 build/f7-firmware-D/.extapps/example_plugins_multi/plugin2.o
 .rodata.example_plugin2_descriptor
                0x00000000        0xc build/f7-firmware-D/.extapps/example_plugins_multi/plugin2.o
 .rodata.example_plugin2
                0x00000000        0xc build/f7-firmware-D/.extapps/example_plugins_multi/plugin2.o
 .debug_info    0x00000000      0x1f0 build/f7-firmware-D/.extapps/example_plugins_multi/plugin2.o
 .debug_abbrev  0x00000000      0x112 build/f7-firmware-D/.extapps/example_plugins_multi/plugin2.o
 .debug_loclists
                0x00000000       0x23 build/f7-firmware-D/.extapps/example_plugins_multi/plugin2.o
 .debug_aranges
                0x00000000       0x30 build/f7-firmware-D/.extapps/example_plugins_multi/plugin2.o
 .debug_rnglists
                0x00000000       0x1f build/f7-firmware-D/.extapps/example_plugins_multi/plugin2.o
 .debug_line    0x00000000      0x160 build/f7-firmware-D/.extapps/example_plugins_multi/plugin2.o
 .debug_str     0x00000000      0x2d8 build/f7-firmware-D/.extapps/example_plugins_multi/plugin2.o
 .comment       0x00000000       0x1c build/f7-firmware-D/.extapps/example_plugins_multi/plugin2.o
 .debug_line.text.example_plugin2_method1
                0x00000000       0x18 build/f7-firmware-D/.extapps/example_plugins_multi/plugin2.o
 .debug_line.text.example_plugin2_method2
                0x00000000       0x19 build/f7-firmware-D/.extapps/example_plugins_multi/plugin2.o
 .debug_line.text.example_plugin2_ep
                0x00000000       0x18 build/f7-firmware-D/.extapps/example_plugins_multi/plugin2.o
 .debug_line_end
                0x00000000        0x0 build/f7-firmware-D/.extapps/example_plugins_multi/plugin2.o
 .debug_frame   0x00000000       0x40 build/f7-firmware-D/.extapps/example_plugins_multi/plugin2.o

Memory Configuration

Name             Origin             Length             Attributes
*default*        0x00000000         0xffffffff

Linker script and memory map

LOAD build/f7-firmware-D/.extapps/example_plugins_multi/example_plugins.o
LOAD build/f7-firmware-D/.extapps/example_plugins_multi/example_plugins_multi.o
LOAD build/f7-firmware-D/.extapps/example_plugins_multi/plugin1.o
LOAD build/f7-firmware-D/.extapps/example_plugins_multi/plugin2.o
LOAD /home/arjun/flipperzero-firmware/toolchain/x86_64-linux/bin/../lib/gcc/arm-none-eabi/12.3.1/../../../../arm-none-eabi/lib/thumb/v7e-m+fp/hard/libm.a
LOAD /home/arjun/flipperzero-firmware/toolchain/x86_64-linux/bin/../lib/gcc/arm-none-eabi/12.3.1/thumb/v7e-m+fp/hard/libgcc.a
LOAD /home/arjun/flipperzero-firmware/toolchain/x86_64-linux/bin/../lib/gcc/arm-none-eabi/12.3.1/../../../../arm-none-eabi/lib/thumb/v7e-m+fp/hard/libstdc++_nano.a
LOAD /home/arjun/flipperzero-firmware/toolchain/x86_64-linux/bin/../lib/gcc/arm-none-eabi/12.3.1/../../../../arm-none-eabi/lib/thumb/v7e-m+fp/hard/libsupc++_nano.a

.text           0x00000000       0xe0
 *(.text)
 *(.stub)
 *(.text*)
 .text.example_plugins_multi_app
                0x00000000       0xe0 build/f7-firmware-D/.extapps/example_plugins_multi/example_plugins_multi.o
                0x00000000                example_plugins_multi_app
 *(.text.*)
 *(.text._*)
 *(.init)
 *(.fini)

.rodata         0x000000e0       0xb1
 *(.rodata)
 *(.rodata1)
 *(.rodata.*)
 .rodata.example_plugins_multi_app.str1.4
                0x000000e0       0xb1 build/f7-firmware-D/.extapps/example_plugins_multi/example_plugins_multi.o

.data
 *(.data)
 *(.data1)
 *(.data.*)

.bss
 *(.bss)
 *(.bss*)
 *(.sbss)
 *(.sbss*)
 *(COMMON)

.stab
 *(.stab)

.stabstr
 *(.stabstr)

.stab.excl
 *(.stab.excl)

.stab.exclstr
 *(.stab.exclstr)

.stab.index
 *(.stab.index)

.stab.indexstr
 *(.stab.indexstr)

.gnu.build.attributes
 *(.gnu.build.attributes .gnu.build.attributes.*)

.debug
 *(.debug)

.line
 *(.line)

.debug_srcinfo
 *(.debug_srcinfo)

.debug_sfnames
 *(.debug_sfnames)

.debug_aranges  0x00000000       0x20
 *(.debug_aranges)
 .debug_aranges
                0x00000000       0x20 build/f7-firmware-D/.extapps/example_plugins_multi/example_plugins_multi.o

.debug_pubnames
 *(.debug_pubnames)

.debug_info     0x00000000      0x519
 *(.debug_info .gnu.linkonce.wi.*)
 .debug_info    0x00000000      0x519 build/f7-firmware-D/.extapps/example_plugins_multi/example_plugins_multi.o

.debug_abbrev   0x00000000      0x1a2
 *(.debug_abbrev)
 .debug_abbrev  0x00000000      0x1a2 build/f7-firmware-D/.extapps/example_plugins_multi/example_plugins_multi.o

.debug_line     0x00000000      0x2dc
 *(.debug_line .debug_line.* .debug_line_end)
 .debug_line    0x00000000      0x24a build/f7-firmware-D/.extapps/example_plugins_multi/example_plugins_multi.o
 .debug_line.text.example_plugins_multi_app
                0x0000024a       0x92 build/f7-firmware-D/.extapps/example_plugins_multi/example_plugins_multi.o
 .debug_line_end
                0x000002dc        0x0 build/f7-firmware-D/.extapps/example_plugins_multi/example_plugins_multi.o

.debug_frame    0x00000000       0x34
 *(.debug_frame)
 .debug_frame   0x00000000       0x34 build/f7-firmware-D/.extapps/example_plugins_multi/example_plugins_multi.o

.debug_str      0x00000000      0x4a9
 *(.debug_str)
 .debug_str     0x00000000      0x4a9 build/f7-firmware-D/.extapps/example_plugins_multi/example_plugins_multi.o

.debug_loc
 *(.debug_loc)

.debug_macinfo
 *(.debug_macinfo)

.debug_weaknames
 *(.debug_weaknames)

.debug_funcnames
 *(.debug_funcnames)

.debug_typenames
 *(.debug_typenames)

.debug_varnames
 *(.debug_varnames)

.debug_pubtypes
 *(.debug_pubtypes)

.debug_ranges
 *(.debug_ranges)

.debug_addr
 *(.debug_addr)

.debug_line_str
 *(.debug_line_str)

.debug_loclists
                0x00000000       0x84
 *(.debug_loclists)
 .debug_loclists
                0x00000000       0x84 build/f7-firmware-D/.extapps/example_plugins_multi/example_plugins_multi.o

.debug_macro
 *(.debug_macro)

.debug_names
 *(.debug_names)

.debug_rnglists
                0x00000000       0x20
 *(.debug_rnglists)
 .debug_rnglists
                0x00000000       0x20 build/f7-firmware-D/.extapps/example_plugins_multi/example_plugins_multi.o

.debug_str_offsets
 *(.debug_str_offsets)

.debug_sup
 *(.debug_sup)

.ARM.attributes
                0x00000000       0x34
 *(.ARM.attributes)
 .ARM.attributes
                0x00000000       0x34 build/f7-firmware-D/.extapps/example_plugins_multi/example_plugins.o
 .ARM.attributes
                0x00000034       0x34 build/f7-firmware-D/.extapps/example_plugins_multi/example_plugins_multi.o
 .ARM.attributes
                0x00000068       0x34 build/f7-firmware-D/.extapps/example_plugins_multi/plugin1.o
 .ARM.attributes
                0x0000009c       0x34 build/f7-firmware-D/.extapps/example_plugins_multi/plugin2.o
 *(.gnu.attributes)

.note.gnu.arm.ident
 *(.note.gnu.arm.ident)

/DISCARD/
 *(.note.GNU-stack)
 *(.gnu_debuglink)
 *(.gnu.lto_*)

/DISCARD/
 *(.comment)
 *(.comment.*)
 *(.llvmbc)
 *(.llvmcmd)
OUTPUT(build/f7-firmware-D/.extapps/example_plugins_multi_d.elf elf32-littlearm)
LOAD linker stubs
