
Discarded input sections

 .text          0x00000000        0x0 build/f7-firmware-D/.extapps/example_event_loop_multi/example_event_loop_multi.o
 .data          0x00000000        0x0 build/f7-firmware-D/.extapps/example_event_loop_multi/example_event_loop_multi.o
 .bss           0x00000000        0x0 build/f7-firmware-D/.extapps/example_event_loop_multi/example_event_loop_multi.o
 .comment       0x00000000       0x1c build/f7-firmware-D/.extapps/example_event_loop_multi/example_event_loop_multi.o

Memory Configuration

Name             Origin             Length             Attributes
*default*        0x00000000         0xffffffff

Linker script and memory map

LOAD build/f7-firmware-D/.extapps/example_event_loop_multi/example_event_loop_multi.o
LOAD /home/arjun/flipperzero-firmware/toolchain/x86_64-linux/bin/../lib/gcc/arm-none-eabi/12.3.1/../../../../arm-none-eabi/lib/thumb/v7e-m+fp/hard/libm.a
LOAD /home/arjun/flipperzero-firmware/toolchain/x86_64-linux/bin/../lib/gcc/arm-none-eabi/12.3.1/thumb/v7e-m+fp/hard/libgcc.a
LOAD /home/arjun/flipperzero-firmware/toolchain/x86_64-linux/bin/../lib/gcc/arm-none-eabi/12.3.1/../../../../arm-none-eabi/lib/thumb/v7e-m+fp/hard/libstdc++_nano.a
LOAD /home/arjun/flipperzero-firmware/toolchain/x86_64-linux/bin/../lib/gcc/arm-none-eabi/12.3.1/../../../../arm-none-eabi/lib/thumb/v7e-m+fp/hard/libsupc++_nano.a

.text           0x00000000      0x554
 *(.text)
 *(.stub)
 *(.text*)
 .text.event_loop_multi_app_alloc
                0x00000000       0xd8 build/f7-firmware-D/.extapps/example_event_loop_multi/example_event_loop_multi.o
 .text.event_loop_multi_app_worker_alloc
                0x000000d8       0x50 build/f7-firmware-D/.extapps/example_event_loop_multi/example_event_loop_multi.o
 .text.event_loop_multi_app_stream_buffer_callback
                0x00000128       0x9c build/f7-firmware-D/.extapps/example_event_loop_multi/example_event_loop_multi.o
 .text.event_loop_multi_app_stream_buffer_worker_callback
                0x000001c4       0x48 build/f7-firmware-D/.extapps/example_event_loop_multi/example_event_loop_multi.o
 .text.event_loop_multi_app_input_queue_callback
                0x0000020c      0x104 build/f7-firmware-D/.extapps/example_event_loop_multi/example_event_loop_multi.o
 .text.event_loop_multi_app_input_callback
                0x00000310       0x30 build/f7-firmware-D/.extapps/example_event_loop_multi/example_event_loop_multi.o
 .text.event_loop_multi_app_exit_timer_callback
                0x00000340       0x5c build/f7-firmware-D/.extapps/example_event_loop_multi/example_event_loop_multi.o
 .text.event_loop_multi_app_worker_timer_callback
                0x0000039c       0x40 build/f7-firmware-D/.extapps/example_event_loop_multi/example_event_loop_multi.o
 .text.event_loop_multi_app_worker_run
                0x000003dc       0x20 build/f7-firmware-D/.extapps/example_event_loop_multi/example_event_loop_multi.o
 .text.event_loop_multi_app_worker_free
                0x000003fc       0x30 build/f7-firmware-D/.extapps/example_event_loop_multi/example_event_loop_multi.o
 .text.event_loop_multi_app_worker_thread
                0x0000042c       0x34 build/f7-firmware-D/.extapps/example_event_loop_multi/example_event_loop_multi.o
 .text.event_loop_multi_app_run
                0x00000460       0x58 build/f7-firmware-D/.extapps/example_event_loop_multi/example_event_loop_multi.o
 .text.event_loop_multi_app_free
                0x000004b8       0x78 build/f7-firmware-D/.extapps/example_event_loop_multi/example_event_loop_multi.o
 .text.example_event_loop_multi_app
                0x00000530       0x24 build/f7-firmware-D/.extapps/example_event_loop_multi/example_event_loop_multi.o
                0x00000530                example_event_loop_multi_app
 *(.text.*)
 *(.text._*)
 *(.init)
 *(.fini)

.rodata         0x00000554      0x1b5
 *(.rodata)
 *(.rodata1)
 *(.rodata.*)
 .rodata.event_loop_multi_app_alloc.str1.4
                0x00000554       0x1c build/f7-firmware-D/.extapps/example_event_loop_multi/example_event_loop_multi.o
 .rodata.event_loop_multi_app_stream_buffer_callback.str1.4
                0x00000570       0x32 build/f7-firmware-D/.extapps/example_event_loop_multi/example_event_loop_multi.o
 *fill*         0x000005a2        0x2 
 .rodata.event_loop_multi_app_stream_buffer_worker_callback.str1.4
                0x000005a4       0x1d build/f7-firmware-D/.extapps/example_event_loop_multi/example_event_loop_multi.o
 *fill*         0x000005c1        0x3 
 .rodata.event_loop_multi_app_input_queue_callback.str1.4
                0x000005c4       0xa0 build/f7-firmware-D/.extapps/example_event_loop_multi/example_event_loop_multi.o
 .rodata.event_loop_multi_app_exit_timer_callback.str1.4
                0x00000664       0x21 build/f7-firmware-D/.extapps/example_event_loop_multi/example_event_loop_multi.o
 *fill*         0x00000685        0x3 
 .rodata.event_loop_multi_app_run.str1.4
                0x00000688       0x81 build/f7-firmware-D/.extapps/example_event_loop_multi/example_event_loop_multi.o

.data
 *(.data)
 *(.data1)
 *(.data.*)

.bss
 *(.bss)
 *(.bss*)
 *(.sbss)
 *(.sbss*)
 *(COMMON)

.stab
 *(.stab)

.stabstr
 *(.stabstr)

.stab.excl
 *(.stab.excl)

.stab.exclstr
 *(.stab.exclstr)

.stab.index
 *(.stab.index)

.stab.indexstr
 *(.stab.indexstr)

.gnu.build.attributes
 *(.gnu.build.attributes .gnu.build.attributes.*)

.debug
 *(.debug)

.line
 *(.line)

.debug_srcinfo
 *(.debug_srcinfo)

.debug_sfnames
 *(.debug_sfnames)

.debug_aranges  0x00000000       0x88
 *(.debug_aranges)
 .debug_aranges
                0x00000000       0x88 build/f7-firmware-D/.extapps/example_event_loop_multi/example_event_loop_multi.o

.debug_pubnames
 *(.debug_pubnames)

.debug_info     0x00000000     0x14ed
 *(.debug_info .gnu.linkonce.wi.*)
 .debug_info    0x00000000     0x14ed build/f7-firmware-D/.extapps/example_event_loop_multi/example_event_loop_multi.o

.debug_abbrev   0x00000000      0x326
 *(.debug_abbrev)
 .debug_abbrev  0x00000000      0x326 build/f7-firmware-D/.extapps/example_event_loop_multi/example_event_loop_multi.o

.debug_line     0x00000000      0x991
 *(.debug_line .debug_line.* .debug_line_end)
 .debug_line    0x00000000      0x349 build/f7-firmware-D/.extapps/example_event_loop_multi/example_event_loop_multi.o
 .debug_line.text.event_loop_multi_app_alloc
                0x00000349       0x7b build/f7-firmware-D/.extapps/example_event_loop_multi/example_event_loop_multi.o
 .debug_line.text.event_loop_multi_app_worker_alloc
                0x000003c4       0x48 build/f7-firmware-D/.extapps/example_event_loop_multi/example_event_loop_multi.o
 .debug_line.text.event_loop_multi_app_stream_buffer_callback
                0x0000040c      0x122 build/f7-firmware-D/.extapps/example_event_loop_multi/example_event_loop_multi.o
 .debug_line.text.event_loop_multi_app_stream_buffer_worker_callback
                0x0000052e       0x93 build/f7-firmware-D/.extapps/example_event_loop_multi/example_event_loop_multi.o
 .debug_line.text.event_loop_multi_app_input_queue_callback
                0x000005c1      0x12c build/f7-firmware-D/.extapps/example_event_loop_multi/example_event_loop_multi.o
 .debug_line.text.event_loop_multi_app_input_callback
                0x000006ed       0x7c build/f7-firmware-D/.extapps/example_event_loop_multi/example_event_loop_multi.o
 .debug_line.text.event_loop_multi_app_exit_timer_callback
                0x00000769       0x7a build/f7-firmware-D/.extapps/example_event_loop_multi/example_event_loop_multi.o
 .debug_line.text.event_loop_multi_app_worker_timer_callback
                0x000007e3       0x80 build/f7-firmware-D/.extapps/example_event_loop_multi/example_event_loop_multi.o
 .debug_line.text.event_loop_multi_app_worker_run
                0x00000863       0x21 build/f7-firmware-D/.extapps/example_event_loop_multi/example_event_loop_multi.o
 .debug_line.text.event_loop_multi_app_worker_free
                0x00000884       0x23 build/f7-firmware-D/.extapps/example_event_loop_multi/example_event_loop_multi.o
 .debug_line.text.event_loop_multi_app_worker_thread
                0x000008a7       0x73 build/f7-firmware-D/.extapps/example_event_loop_multi/example_event_loop_multi.o
 .debug_line.text.event_loop_multi_app_run
                0x0000091a       0x24 build/f7-firmware-D/.extapps/example_event_loop_multi/example_event_loop_multi.o
 .debug_line.text.event_loop_multi_app_free
                0x0000093e       0x2a build/f7-firmware-D/.extapps/example_event_loop_multi/example_event_loop_multi.o
 .debug_line.text.example_event_loop_multi_app
                0x00000968       0x29 build/f7-firmware-D/.extapps/example_event_loop_multi/example_event_loop_multi.o
 .debug_line_end
                0x00000991        0x0 build/f7-firmware-D/.extapps/example_event_loop_multi/example_event_loop_multi.o

.debug_frame    0x00000000      0x19c
 *(.debug_frame)
 .debug_frame   0x00000000      0x19c build/f7-firmware-D/.extapps/example_event_loop_multi/example_event_loop_multi.o

.debug_str      0x00000000      0xd76
 *(.debug_str)
 .debug_str     0x00000000      0xd76 build/f7-firmware-D/.extapps/example_event_loop_multi/example_event_loop_multi.o

.debug_loc
 *(.debug_loc)

.debug_macinfo
 *(.debug_macinfo)

.debug_weaknames
 *(.debug_weaknames)

.debug_funcnames
 *(.debug_funcnames)

.debug_typenames
 *(.debug_typenames)

.debug_varnames
 *(.debug_varnames)

.debug_pubtypes
 *(.debug_pubtypes)

.debug_ranges
 *(.debug_ranges)

.debug_addr
 *(.debug_addr)

.debug_line_str
 *(.debug_line_str)

.debug_loclists
                0x00000000      0x4c3
 *(.debug_loclists)
 .debug_loclists
                0x00000000      0x4c3 build/f7-firmware-D/.extapps/example_event_loop_multi/example_event_loop_multi.o

.debug_macro
 *(.debug_macro)

.debug_names
 *(.debug_names)

.debug_rnglists
                0x00000000       0x70
 *(.debug_rnglists)
 .debug_rnglists
                0x00000000       0x70 build/f7-firmware-D/.extapps/example_event_loop_multi/example_event_loop_multi.o

.debug_str_offsets
 *(.debug_str_offsets)

.debug_sup
 *(.debug_sup)

.ARM.attributes
                0x00000000       0x34
 *(.ARM.attributes)
 .ARM.attributes
                0x00000000       0x34 build/f7-firmware-D/.extapps/example_event_loop_multi/example_event_loop_multi.o
 *(.gnu.attributes)

.note.gnu.arm.ident
 *(.note.gnu.arm.ident)

/DISCARD/
 *(.note.GNU-stack)
 *(.gnu_debuglink)
 *(.gnu.lto_*)

/DISCARD/
 *(.comment)
 *(.comment.*)
 *(.llvmbc)
 *(.llvmcmd)
OUTPUT(build/f7-firmware-D/.extapps/example_event_loop_multi_d.elf elf32-littlearm)
LOAD linker stubs
