
Discarded input sections

 .text          0x00000000        0x0 build/f7-firmware-D/.extapps/example_apps_assets/example_apps_assets.o
 .data          0x00000000        0x0 build/f7-firmware-D/.extapps/example_apps_assets/example_apps_assets.o
 .bss           0x00000000        0x0 build/f7-firmware-D/.extapps/example_apps_assets/example_apps_assets.o
 .comment       0x00000000       0x1c build/f7-firmware-D/.extapps/example_apps_assets/example_apps_assets.o

Memory Configuration

Name             Origin             Length             Attributes
*default*        0x00000000         0xffffffff

Linker script and memory map

LOAD build/f7-firmware-D/.extapps/example_apps_assets/example_apps_assets.o
LOAD /home/arjun/flipperzero-firmware/toolchain/x86_64-linux/bin/../lib/gcc/arm-none-eabi/12.3.1/../../../../arm-none-eabi/lib/thumb/v7e-m+fp/hard/libm.a
LOAD /home/arjun/flipperzero-firmware/toolchain/x86_64-linux/bin/../lib/gcc/arm-none-eabi/12.3.1/thumb/v7e-m+fp/hard/libgcc.a
LOAD /home/arjun/flipperzero-firmware/toolchain/x86_64-linux/bin/../lib/gcc/arm-none-eabi/12.3.1/../../../../arm-none-eabi/lib/thumb/v7e-m+fp/hard/libstdc++_nano.a
LOAD /home/arjun/flipperzero-firmware/toolchain/x86_64-linux/bin/../lib/gcc/arm-none-eabi/12.3.1/../../../../arm-none-eabi/lib/thumb/v7e-m+fp/hard/libsupc++_nano.a

.text           0x00000000      0x130
 *(.text)
 *(.stub)
 *(.text*)
 .text.example_apps_data_print_file_content
                0x00000000       0xe0 build/f7-firmware-D/.extapps/example_apps_assets/example_apps_assets.o
 .text.example_apps_assets_main
                0x000000e0       0x50 build/f7-firmware-D/.extapps/example_apps_assets/example_apps_assets.o
                0x000000e0                example_apps_assets_main
 *(.text.*)
 *(.text._*)
 *(.init)
 *(.fini)

.rodata         0x00000130       0xf8
 *(.rodata)
 *(.rodata1)
 *(.rodata.*)
 .rodata.example_apps_data_print_file_content.str1.4
                0x00000130       0x78 build/f7-firmware-D/.extapps/example_apps_assets/example_apps_assets.o
 .rodata.example_apps_assets_main.str1.4
                0x000001a8       0x80 build/f7-firmware-D/.extapps/example_apps_assets/example_apps_assets.o

.data
 *(.data)
 *(.data1)
 *(.data.*)

.bss
 *(.bss)
 *(.bss*)
 *(.sbss)
 *(.sbss*)
 *(COMMON)

.stab
 *(.stab)

.stabstr
 *(.stabstr)

.stab.excl
 *(.stab.excl)

.stab.exclstr
 *(.stab.exclstr)

.stab.index
 *(.stab.index)

.stab.indexstr
 *(.stab.indexstr)

.gnu.build.attributes
 *(.gnu.build.attributes .gnu.build.attributes.*)

.debug
 *(.debug)

.line
 *(.line)

.debug_srcinfo
 *(.debug_srcinfo)

.debug_sfnames
 *(.debug_sfnames)

.debug_aranges  0x00000000       0x28
 *(.debug_aranges)
 .debug_aranges
                0x00000000       0x28 build/f7-firmware-D/.extapps/example_apps_assets/example_apps_assets.o

.debug_pubnames
 *(.debug_pubnames)

.debug_info     0x00000000      0x586
 *(.debug_info .gnu.linkonce.wi.*)
 .debug_info    0x00000000      0x586 build/f7-firmware-D/.extapps/example_apps_assets/example_apps_assets.o

.debug_abbrev   0x00000000      0x175
 *(.debug_abbrev)
 .debug_abbrev  0x00000000      0x175 build/f7-firmware-D/.extapps/example_apps_assets/example_apps_assets.o

.debug_line     0x00000000      0x242
 *(.debug_line .debug_line.* .debug_line_end)
 .debug_line    0x00000000      0x1cb build/f7-firmware-D/.extapps/example_apps_assets/example_apps_assets.o
 .debug_line.text.example_apps_data_print_file_content
                0x000001cb       0x4d build/f7-firmware-D/.extapps/example_apps_assets/example_apps_assets.o
 .debug_line.text.example_apps_assets_main
                0x00000218       0x2a build/f7-firmware-D/.extapps/example_apps_assets/example_apps_assets.o
 .debug_line_end
                0x00000242        0x0 build/f7-firmware-D/.extapps/example_apps_assets/example_apps_assets.o

.debug_frame    0x00000000       0x4c
 *(.debug_frame)
 .debug_frame   0x00000000       0x4c build/f7-firmware-D/.extapps/example_apps_assets/example_apps_assets.o

.debug_str      0x00000000      0x480
 *(.debug_str)
 .debug_str     0x00000000      0x480 build/f7-firmware-D/.extapps/example_apps_assets/example_apps_assets.o

.debug_loc
 *(.debug_loc)

.debug_macinfo
 *(.debug_macinfo)

.debug_weaknames
 *(.debug_weaknames)

.debug_funcnames
 *(.debug_funcnames)

.debug_typenames
 *(.debug_typenames)

.debug_varnames
 *(.debug_varnames)

.debug_pubtypes
 *(.debug_pubtypes)

.debug_ranges
 *(.debug_ranges)

.debug_addr
 *(.debug_addr)

.debug_line_str
 *(.debug_line_str)

.debug_loclists
                0x00000000       0x9f
 *(.debug_loclists)
 .debug_loclists
                0x00000000       0x9f build/f7-firmware-D/.extapps/example_apps_assets/example_apps_assets.o

.debug_macro
 *(.debug_macro)

.debug_names
 *(.debug_names)

.debug_rnglists
                0x00000000       0x1a
 *(.debug_rnglists)
 .debug_rnglists
                0x00000000       0x1a build/f7-firmware-D/.extapps/example_apps_assets/example_apps_assets.o

.debug_str_offsets
 *(.debug_str_offsets)

.debug_sup
 *(.debug_sup)

.ARM.attributes
                0x00000000       0x34
 *(.ARM.attributes)
 .ARM.attributes
                0x00000000       0x34 build/f7-firmware-D/.extapps/example_apps_assets/example_apps_assets.o
 *(.gnu.attributes)

.note.gnu.arm.ident
 *(.note.gnu.arm.ident)

/DISCARD/
 *(.note.GNU-stack)
 *(.gnu_debuglink)
 *(.gnu.lto_*)

/DISCARD/
 *(.comment)
 *(.comment.*)
 *(.llvmbc)
 *(.llvmcmd)
OUTPUT(build/f7-firmware-D/.extapps/example_apps_assets_d.elf elf32-littlearm)
LOAD linker stubs
