Archive member included to satisfy reference by file (symbol)

/home/arjun/flipperzero-firmware/toolchain/x86_64-linux/bin/../lib/gcc/arm-none-eabi/12.3.1/thumb/v7e-m+fp/hard/libgcc.a(_arm_addsubdf3.o)
                              build/f7-firmware-D/.extapps/example_adc/example_adc.o (__aeabi_f2d)

Discarded input sections

 .text          0x00000000        0x0 build/f7-firmware-D/.extapps/example_adc/example_adc.o
 .data          0x00000000        0x0 build/f7-firmware-D/.extapps/example_adc/example_adc.o
 .bss           0x00000000        0x0 build/f7-firmware-D/.extapps/example_adc/example_adc.o
 .comment       0x00000000       0x1c build/f7-firmware-D/.extapps/example_adc/example_adc.o
 .data          0x00000000        0x0 /home/arjun/flipperzero-firmware/toolchain/x86_64-linux/bin/../lib/gcc/arm-none-eabi/12.3.1/thumb/v7e-m+fp/hard/libgcc.a(_arm_addsubdf3.o)
 .bss           0x00000000        0x0 /home/arjun/flipperzero-firmware/toolchain/x86_64-linux/bin/../lib/gcc/arm-none-eabi/12.3.1/thumb/v7e-m+fp/hard/libgcc.a(_arm_addsubdf3.o)

Memory Configuration

Name             Origin             Length             Attributes
*default*        0x00000000         0xffffffff

Linker script and memory map

LOAD build/f7-firmware-D/.extapps/example_adc/example_adc.o
LOAD /home/arjun/flipperzero-firmware/toolchain/x86_64-linux/bin/../lib/gcc/arm-none-eabi/12.3.1/../../../../arm-none-eabi/lib/thumb/v7e-m+fp/hard/libm.a
LOAD /home/arjun/flipperzero-firmware/toolchain/x86_64-linux/bin/../lib/gcc/arm-none-eabi/12.3.1/thumb/v7e-m+fp/hard/libgcc.a
LOAD /home/arjun/flipperzero-firmware/toolchain/x86_64-linux/bin/../lib/gcc/arm-none-eabi/12.3.1/../../../../arm-none-eabi/lib/thumb/v7e-m+fp/hard/libstdc++_nano.a
LOAD /home/arjun/flipperzero-firmware/toolchain/x86_64-linux/bin/../lib/gcc/arm-none-eabi/12.3.1/../../../../arm-none-eabi/lib/thumb/v7e-m+fp/hard/libsupc++_nano.a

.text           0x00000000      0x65c
 *(.text)
 .text          0x00000000      0x378 /home/arjun/flipperzero-firmware/toolchain/x86_64-linux/bin/../lib/gcc/arm-none-eabi/12.3.1/thumb/v7e-m+fp/hard/libgcc.a(_arm_addsubdf3.o)
                0x00000000                __aeabi_drsub
                0x00000008                __aeabi_dsub
                0x00000008                __subdf3
                0x0000000c                __adddf3
                0x0000000c                __aeabi_dadd
                0x00000284                __aeabi_ui2d
                0x00000284                __floatunsidf
                0x000002a4                __floatsidf
                0x000002a4                __aeabi_i2d
                0x000002c8                __extendsfdf2
                0x000002c8                __aeabi_f2d
                0x0000030c                __aeabi_ul2d
                0x0000030c                __floatundidf
                0x0000031c                __floatdidf
                0x0000031c                __aeabi_l2d
 *(.stub)
 *(.text*)
 .text.app_input_callback
                0x00000378       0x24 build/f7-firmware-D/.extapps/example_adc/example_adc.o
 .text.app_draw_callback
                0x0000039c       0xa0 build/f7-firmware-D/.extapps/example_adc/example_adc.o
 .text.example_adc_main
                0x0000043c      0x220 build/f7-firmware-D/.extapps/example_adc/example_adc.o
                0x0000043c                example_adc_main
 *(.text.*)
 *(.text._*)
 *(.init)
 *(.fini)

.rodata         0x0000065c      0x46d
 *(.rodata)
 *(.rodata1)
 *(.rodata.*)
 .rodata.app_draw_callback.str1.4
                0x0000065c        0xe build/f7-firmware-D/.extapps/example_adc/example_adc.o
 *fill*         0x0000066a        0x2 
 .rodata.example_adc_main.str1.4
                0x0000066c        0xc build/f7-firmware-D/.extapps/example_adc/example_adc.o
 .rodata.str1.4
                0x00000678       0x15 build/f7-firmware-D/.extapps/example_adc/example_adc.o
 *fill*         0x0000068d        0x3 
 .rodata.item_vbat
                0x00000690        0xc build/f7-firmware-D/.extapps/example_adc/example_adc.o
                0x00000690                item_vbat
 .rodata.item_temp
                0x0000069c        0xc build/f7-firmware-D/.extapps/example_adc/example_adc.o
                0x0000069c                item_temp
 .rodata.item_vref
                0x000006a8        0xc build/f7-firmware-D/.extapps/example_adc/example_adc.o
                0x000006a8                item_vref
 .rodata.font   0x000006b4      0x415 build/f7-firmware-D/.extapps/example_adc/example_adc.o
                0x000006b4                font

.data
 *(.data)
 *(.data1)
 *(.data.*)

.bss
 *(.bss)
 *(.bss*)
 *(.sbss)
 *(.sbss*)
 *(COMMON)

.stab
 *(.stab)

.stabstr
 *(.stabstr)

.stab.excl
 *(.stab.excl)

.stab.exclstr
 *(.stab.exclstr)

.stab.index
 *(.stab.index)

.stab.indexstr
 *(.stab.indexstr)

.gnu.build.attributes
 *(.gnu.build.attributes .gnu.build.attributes.*)

.debug
 *(.debug)

.line
 *(.line)

.debug_srcinfo
 *(.debug_srcinfo)

.debug_sfnames
 *(.debug_sfnames)

.debug_aranges  0x00000000       0x30
 *(.debug_aranges)
 .debug_aranges
                0x00000000       0x30 build/f7-firmware-D/.extapps/example_adc/example_adc.o

.debug_pubnames
 *(.debug_pubnames)

.debug_info     0x00000000     0x10d7
 *(.debug_info .gnu.linkonce.wi.*)
 .debug_info    0x00000000     0x10d7 build/f7-firmware-D/.extapps/example_adc/example_adc.o

.debug_abbrev   0x00000000      0x36f
 *(.debug_abbrev)
 .debug_abbrev  0x00000000      0x36f build/f7-firmware-D/.extapps/example_adc/example_adc.o

.debug_line     0x00000000      0x76f
 *(.debug_line .debug_line.* .debug_line_end)
 .debug_line    0x00000000      0x38f build/f7-firmware-D/.extapps/example_adc/example_adc.o
 .debug_line.text.app_input_callback
                0x0000038f       0x5c build/f7-firmware-D/.extapps/example_adc/example_adc.o
 .debug_line.text.app_draw_callback
                0x000003eb      0x107 build/f7-firmware-D/.extapps/example_adc/example_adc.o
 .debug_line.text.example_adc_main
                0x000004f2      0x27d build/f7-firmware-D/.extapps/example_adc/example_adc.o
 .debug_line_end
                0x0000076f        0x0 build/f7-firmware-D/.extapps/example_adc/example_adc.o

.debug_frame    0x00000000       0x80
 *(.debug_frame)
 .debug_frame   0x00000000       0x80 build/f7-firmware-D/.extapps/example_adc/example_adc.o

.debug_str      0x00000000      0xd03
 *(.debug_str)
 .debug_str     0x00000000      0xd03 build/f7-firmware-D/.extapps/example_adc/example_adc.o

.debug_loc
 *(.debug_loc)

.debug_macinfo
 *(.debug_macinfo)

.debug_weaknames
 *(.debug_weaknames)

.debug_funcnames
 *(.debug_funcnames)

.debug_typenames
 *(.debug_typenames)

.debug_varnames
 *(.debug_varnames)

.debug_pubtypes
 *(.debug_pubtypes)

.debug_ranges
 *(.debug_ranges)

.debug_addr
 *(.debug_addr)

.debug_line_str
                0x00000000       0xa8
 *(.debug_line_str)
 .debug_line_str
                0x00000000       0xa8 /home/arjun/flipperzero-firmware/toolchain/x86_64-linux/bin/../lib/gcc/arm-none-eabi/12.3.1/thumb/v7e-m+fp/hard/libgcc.a(_arm_addsubdf3.o)

.debug_loclists
                0x00000000      0x29f
 *(.debug_loclists)
 .debug_loclists
                0x00000000      0x29f build/f7-firmware-D/.extapps/example_adc/example_adc.o

.debug_macro
 *(.debug_macro)

.debug_names
 *(.debug_names)

.debug_rnglists
                0x00000000       0x49
 *(.debug_rnglists)
 .debug_rnglists
                0x00000000       0x49 build/f7-firmware-D/.extapps/example_adc/example_adc.o

.debug_str_offsets
 *(.debug_str_offsets)

.debug_sup
 *(.debug_sup)

.ARM.attributes
                0x00000000       0x34
 *(.ARM.attributes)
 .ARM.attributes
                0x00000000       0x34 build/f7-firmware-D/.extapps/example_adc/example_adc.o
 .ARM.attributes
                0x00000034       0x22 /home/arjun/flipperzero-firmware/toolchain/x86_64-linux/bin/../lib/gcc/arm-none-eabi/12.3.1/thumb/v7e-m+fp/hard/libgcc.a(_arm_addsubdf3.o)
 *(.gnu.attributes)

.note.gnu.arm.ident
 *(.note.gnu.arm.ident)

/DISCARD/
 *(.note.GNU-stack)
 *(.gnu_debuglink)
 *(.gnu.lto_*)

/DISCARD/
 *(.comment)
 *(.comment.*)
 *(.llvmbc)
 *(.llvmcmd)
OUTPUT(build/f7-firmware-D/.extapps/example_adc_d.elf elf32-littlearm)
LOAD linker stubs
