Archive member included to satisfy reference by file (symbol)

build/f7-firmware-D/lib/libble_profile.a(hid_profile.o)
                              build/f7-firmware-D/.extapps/hid_ble/hid.o (ble_profile_hid)
build/f7-firmware-D/lib/libble_profile.a(hid_service.o)
                              build/f7-firmware-D/lib/libble_profile.a(hid_profile.o) (ble_svc_hid_start)

Discarded input sections

 .text          0x00000000        0x0 build/f7-firmware-D/.extapps/hid_ble/scenes/hid_scene.o
 .data          0x00000000        0x0 build/f7-firmware-D/.extapps/hid_ble/scenes/hid_scene.o
 .bss           0x00000000        0x0 build/f7-firmware-D/.extapps/hid_ble/scenes/hid_scene.o
 .comment       0x00000000       0x1c build/f7-firmware-D/.extapps/hid_ble/scenes/hid_scene.o
 .text          0x00000000        0x0 build/f7-firmware-D/.extapps/hid_ble/scenes/hid_scene_main.o
 .data          0x00000000        0x0 build/f7-firmware-D/.extapps/hid_ble/scenes/hid_scene_main.o
 .bss           0x00000000        0x0 build/f7-firmware-D/.extapps/hid_ble/scenes/hid_scene_main.o
 .comment       0x00000000       0x1c build/f7-firmware-D/.extapps/hid_ble/scenes/hid_scene_main.o
 .text          0x00000000        0x0 build/f7-firmware-D/.extapps/hid_ble/scenes/hid_scene_start.o
 .data          0x00000000        0x0 build/f7-firmware-D/.extapps/hid_ble/scenes/hid_scene_start.o
 .bss           0x00000000        0x0 build/f7-firmware-D/.extapps/hid_ble/scenes/hid_scene_start.o
 .comment       0x00000000       0x1c build/f7-firmware-D/.extapps/hid_ble/scenes/hid_scene_start.o
 .text          0x00000000        0x0 build/f7-firmware-D/.extapps/hid_ble/scenes/hid_scene_unpair.o
 .data          0x00000000        0x0 build/f7-firmware-D/.extapps/hid_ble/scenes/hid_scene_unpair.o
 .bss           0x00000000        0x0 build/f7-firmware-D/.extapps/hid_ble/scenes/hid_scene_unpair.o
 .comment       0x00000000       0x1c build/f7-firmware-D/.extapps/hid_ble/scenes/hid_scene_unpair.o
 .text          0x00000000        0x0 build/f7-firmware-D/.extapps/hid_ble/views/hid_keyboard.o
 .data          0x00000000        0x0 build/f7-firmware-D/.extapps/hid_ble/views/hid_keyboard.o
 .bss           0x00000000        0x0 build/f7-firmware-D/.extapps/hid_ble/views/hid_keyboard.o
 .comment       0x00000000       0x1c build/f7-firmware-D/.extapps/hid_ble/views/hid_keyboard.o
 .text          0x00000000        0x0 build/f7-firmware-D/.extapps/hid_ble/views/hid_keynote.o
 .data          0x00000000        0x0 build/f7-firmware-D/.extapps/hid_ble/views/hid_keynote.o
 .bss           0x00000000        0x0 build/f7-firmware-D/.extapps/hid_ble/views/hid_keynote.o
 .comment       0x00000000       0x1c build/f7-firmware-D/.extapps/hid_ble/views/hid_keynote.o
 .text          0x00000000        0x0 build/f7-firmware-D/.extapps/hid_ble/views/hid_media.o
 .data          0x00000000        0x0 build/f7-firmware-D/.extapps/hid_ble/views/hid_media.o
 .bss           0x00000000        0x0 build/f7-firmware-D/.extapps/hid_ble/views/hid_media.o
 .comment       0x00000000       0x1c build/f7-firmware-D/.extapps/hid_ble/views/hid_media.o
 .text          0x00000000        0x0 build/f7-firmware-D/.extapps/hid_ble/views/hid_mouse.o
 .data          0x00000000        0x0 build/f7-firmware-D/.extapps/hid_ble/views/hid_mouse.o
 .bss           0x00000000        0x0 build/f7-firmware-D/.extapps/hid_ble/views/hid_mouse.o
 .comment       0x00000000       0x1c build/f7-firmware-D/.extapps/hid_ble/views/hid_mouse.o
 .text          0x00000000        0x0 build/f7-firmware-D/.extapps/hid_ble/views/hid_mouse_clicker.o
 .data          0x00000000        0x0 build/f7-firmware-D/.extapps/hid_ble/views/hid_mouse_clicker.o
 .bss           0x00000000        0x0 build/f7-firmware-D/.extapps/hid_ble/views/hid_mouse_clicker.o
 .comment       0x00000000       0x1c build/f7-firmware-D/.extapps/hid_ble/views/hid_mouse_clicker.o
 .text          0x00000000        0x0 build/f7-firmware-D/.extapps/hid_ble/views/hid_mouse_jiggler.o
 .data          0x00000000        0x0 build/f7-firmware-D/.extapps/hid_ble/views/hid_mouse_jiggler.o
 .bss           0x00000000        0x0 build/f7-firmware-D/.extapps/hid_ble/views/hid_mouse_jiggler.o
 .comment       0x00000000       0x1c build/f7-firmware-D/.extapps/hid_ble/views/hid_mouse_jiggler.o
 .text          0x00000000        0x0 build/f7-firmware-D/.extapps/hid_ble/views/hid_tiktok.o
 .data          0x00000000        0x0 build/f7-firmware-D/.extapps/hid_ble/views/hid_tiktok.o
 .bss           0x00000000        0x0 build/f7-firmware-D/.extapps/hid_ble/views/hid_tiktok.o
 .comment       0x00000000       0x1c build/f7-firmware-D/.extapps/hid_ble/views/hid_tiktok.o
 .text          0x00000000        0x0 build/f7-firmware-D/.extapps/hid_ble/hid.o
 .data          0x00000000        0x0 build/f7-firmware-D/.extapps/hid_ble/hid.o
 .bss           0x00000000        0x0 build/f7-firmware-D/.extapps/hid_ble/hid.o
 .text.hid_usb_app
[...]
Memory Configuration

Name             Origin             Length             Attributes
*default*        0x00000000         0xffffffff

Linker script and memory map

LOAD build/f7-firmware-D/.extapps/hid_ble/scenes/hid_scene.o
LOAD build/f7-firmware-D/.extapps/hid_ble/scenes/hid_scene_main.o
LOAD build/f7-firmware-D/.extapps/hid_ble/scenes/hid_scene_start.o
LOAD build/f7-firmware-D/.extapps/hid_ble/scenes/hid_scene_unpair.o
LOAD build/f7-firmware-D/.extapps/hid_ble/views/hid_keyboard.o
LOAD build/f7-firmware-D/.extapps/hid_ble/views/hid_keynote.o
LOAD build/f7-firmware-D/.extapps/hid_ble/views/hid_media.o
LOAD build/f7-firmware-D/.extapps/hid_ble/views/hid_mouse.o
LOAD build/f7-firmware-D/.extapps/hid_ble/views/hid_mouse_clicker.o
LOAD build/f7-firmware-D/.extapps/hid_ble/views/hid_mouse_jiggler.o
LOAD build/f7-firmware-D/.extapps/hid_ble/views/hid_tiktok.o
LOAD build/f7-firmware-D/.extapps/hid_ble/hid.o
LOAD build/f7-firmware-D/.extapps/hid_ble/transport_ble.o
LOAD build/f7-firmware-D/.extapps/hid_ble/hid_icons.o
LOAD /home/arjun/flipperzero-firmware/toolchain/x86_64-linux/bin/../lib/gcc/arm-none-eabi/12.3.1/../../../../arm-none-eabi/lib/thumb/v7e-m+fp/hard/libm.a
LOAD /home/arjun/flipperzero-firmware/toolchain/x86_64-linux/bin/../lib/gcc/arm-none-eabi/12.3.1/thumb/v7e-m+fp/hard/libgcc.a
LOAD /home/arjun/flipperzero-firmware/toolchain/x86_64-linux/bin/../lib/gcc/arm-none-eabi/12.3.1/../../../../arm-none-eabi/lib/thumb/v7e-m+fp/hard/libstdc++_nano.a
LOAD /home/arjun/flipperzero-firmware/toolchain/x86_64-linux/bin/../lib/gcc/arm-none-eabi/12.3.1/../../../../arm-none-eabi/lib/thumb/v7e-m+fp/hard/libsupc++_nano.a
LOAD build/f7-firmware-D/lib/libble_profile.a
LOAD build/f7-firmware-D/lib/libble_profile.a

.text           0x00000000     0x34d4
 *(.text)
 *(.stub)
 *(.text*)
 .text.hid_scene_main_on_enter
                0x00000000       0x20 build/f7-firmware-D/.extapps/hid_ble/scenes/hid_scene_main.o
                0x00000000                hid_scene_main_on_enter
 .text.hid_scene_main_on_event
                0x00000020        0xe build/f7-firmware-D/.extapps/hid_ble/scenes/hid_scene_main.o
                0x00000020                hid_scene_main_on_event
 .text.hid_scene_main_on_exit
                0x0000002e        0x2 build/f7-firmware-D/.extapps/hid_ble/scenes/hid_scene_main.o
                0x0000002e                hid_scene_main_on_exit
 .text.hid_scene_start_submenu_callback
                0x00000030       0x1c build/f7-firmware-D/.extapps/hid_ble/scenes/hid_scene_start.o
 .text.hid_scene_start_on_enter
                0x0000004c       0xcc build/f7-firmware-D/.extapps/hid_ble/scenes/hid_scene_start.o
                0x0000004c                hid_scene_start_on_enter
 .text.hid_scene_start_on_event
                0x00000118       0xa0 build/f7-firmware-D/.extapps/hid_ble/scenes/hid_scene_start.o
                0x00000118                hid_scene_start_on_event
 .text.hid_scene_start_on_exit
                0x000001b8       0x10 build/f7-firmware-D/.extapps/hid_ble/scenes/hid_scene_start.o
                0x000001b8                hid_scene_start_on_exit
 .text.hid_scene_unpair_popup_callback
                0x000001c8       0x10 build/f7-firmware-D/.extapps/hid_ble/scenes/hid_scene_unpair.o
                0x000001c8                hid_scene_unpair_popup_callback
 .text.hid_scene_unpair_dialog_callback
                0x000001d8       0x30 build/f7-firmware-D/.extapps/hid_ble/scenes/hid_scene_unpair.o
 .text.hid_scene_unpair_on_enter
                0x00000208       0xdc build/f7-firmware-D/.extapps/hid_ble/scenes/hid_scene_unpair.o
                0x00000208                hid_scene_unpair_on_enter
 .text.hid_scene_unpair_on_event
                0x000002e4        0xe build/f7-firmware-D/.extapps/hid_ble/scenes/hid_scene_unpair.o
                0x000002e4                hid_scene_unpair_on_event
 *fill*         0x000002f2        0x2 
 .text.hid_scene_unpair_on_exit
                0x000002f4       0x1c build/f7-firmware-D/.extapps/hid_ble/scenes/hid_scene_unpair.o
                0x000002f4                hid_scene_unpair_on_exit
 .text.hid_keyboard_get_selected_key
                0x00000310       0x40 build/f7-firmware-D/.extapps/hid_ble/views/hid_keyboard.o
 .text.hid_keyboard_get_select_key
                0x00000350       0x9c build/f7-firmware-D/.extapps/hid_ble/views/hid_keyboard.o
 .text.hid_keyboard_modifier_set
                0x000003ec       0x18 build/f7-firmware-D/.extapps/hid_ble/views/hid_keyboard.o
 .text.hid_keyboard_process
                0x00000404      0x16c build/f7-firmware-D/.extapps/hid_ble/views/hid_keyboard.o
 .text.hid_keyboard_input_callback
                0x00000570       0x5c build/f7-firmware-D/.extapps/hid_ble/views/hid_keyboard.o
 .text.hid_keyboard_draw_key
                0x000005cc      0x1e4 build/f7-firmware-D/.extapps/hid_ble/views/hid_keyboard.o
 .text.hid_keyboard_draw_callback
                0x000007b0      0x194 build/f7-firmware-D/.extapps/hid_ble/views/hid_keyboard.o
 .text.hid_keyboard_alloc
                0x00000944       0x70 build/f7-firmware-D/.extapps/hid_ble/views/hid_keyboard.o
                0x00000944                hid_keyboard_alloc
 .text.hid_keyboard_free
                0x000009b4       0x28 build/f7-firmware-D/.extapps/hid_ble/views/hid_keyboard.o
                0x000009b4                hid_keyboard_free
 .text.hid_keyboard_get_view
                0x000009dc       0x14 build/f7-firmware-D/.extapps/hid_ble/views/hid_keyboard.o
                0x000009dc                hid_keyboard_get_view
 .text.hid_keyboard_set_connected_status
                0x000009f0       0x30 build/f7-firmware-D/.extapps/hid_ble/views/hid_keyboard.o
                0x000009f0                hid_keyboard_set_connected_status
 .text.hid_keynote_process
                0x00000a20      0x128 build/f7-firmware-D/.extapps/hid_ble/views/hid_keynote.o
 .text.hid_keynote_input_callback
                0x00000b48       0x3c build/f7-firmware-D/.extapps/hid_ble/views/hid_keynote.o
 .text.hid_keynote_draw_arrow
                0x00000b84       0x7c build/f7-firmware-D/.extapps/hid_ble/views/hid_keynote.o
 .text.hid_keynote_draw_callback
                0x00000c00      0x258 build/f7-firmware-D/.extapps/hid_ble/views/hid_keynote.o
 .text.hid_keynote_draw_vertical_callback
                0x00000e58      0x258 build/f7-firmware-D/.extapps/hid_ble/views/hid_keynote.o
 .text.hid_keynote_alloc
                0x000010b0       0x58 build/f7-firmware-D/.extapps/hid_ble/views/hid_keynote.o
                0x000010b0                hid_keynote_alloc
 .text.hid_keynote_free
                0x00001108       0x28 build/f7-firmware-D/.extapps/hid_ble/views/hid_keynote.o
                0x00001108                hid_keynote_free
 .text.hid_keynote_get_view
                0x00001130       0x14 build/f7-firmware-D/.extapps/hid_ble/views/hid_keynote.o
                0x00001130                hid_keynote_get_view
 .text.hid_keynote_set_connected_status
                0x00001144       0x30 build/f7-firmware-D/.extapps/hid_ble/views/hid_keynote.o
                0x00001144                hid_keynote_set_connected_status
 .text.hid_keynote_set_orientation
                0x00001174       0x48 build/f7-firmware-D/.extapps/hid_ble/views/hid_keynote.o
                0x00001174                hid_keynote_set_orientation
 .text.hid_media_process_press
                0x000011bc       0x78 build/f7-firmware-D/.extapps/hid_ble/views/hid_media.o
 .text.hid_media_process_release
                0x00001234       0x78 build/f7-firmware-D/.extapps/hid_ble/views/hid_media.o
 .text.hid_media_input_callback
                0x000012ac       0x60 build/f7-firmware-D/.extapps/hid_ble/views/hid_media.o
 .text.hid_media_draw_arrow
                0x0000130c       0x68 build/f7-firmware-D/.extapps/hid_ble/views/hid_media.o
 .text.hid_media_draw_callback
                0x00001374      0x22c build/f7-firmware-D/.extapps/hid_ble/views/hid_media.o
 .text.hid_media_alloc
                0x000015a0       0x58 build/f7-firmware-D/.extapps/hid_ble/views/hid_media.o
                0x000015a0                hid_media_alloc
 .text.hid_media_free
                0x000015f8       0x28 build/f7-firmware-D/.extapps/hid_ble/views/hid_media.o
                0x000015f8                hid_media_free
 .text.hid_media_get_view
                0x00001620       0x14 build/f7-firmware-D/.extapps/hid_ble/views/hid_media.o
                0x00001620                hid_media_get_view
 .text.hid_media_set_connected_status
                0x00001634       0x30 build/f7-firmware-D/.extapps/hid_ble/views/hid_media.o
                0x00001634                hid_media_set_connected_status
 .text.hid_mouse_process
                0x00001664      0x178 build/f7-firmware-D/.extapps/hid_ble/views/hid_mouse.o
 .text.hid_mouse_input_callback
                0x000017dc       0x58 build/f7-firmware-D/.extapps/hid_ble/views/hid_mouse.o
 .text.hid_mouse_draw_callback
                0x00001834      0x230 build/f7-firmware-D/.extapps/hid_ble/views/hid_mouse.o
 .text.hid_mouse_alloc
                0x00001a64       0x58 build/f7-firmware-D/.extapps/hid_ble/views/hid_mouse.o
                0x00001a64                hid_mouse_alloc
 .text.hid_mouse_free
                0x00001abc       0x28 build/f7-firmware-D/.extapps/hid_ble/views/hid_mouse.o
                0x00001abc                hid_mouse_free
 .text.hid_mouse_get_view
                0x00001ae4       0x14 build/f7-firmware-D/.extapps/hid_ble/views/hid_mouse.o
                0x00001ae4                hid_mouse_get_view
 .text.hid_mouse_set_connected_status
                0x00001af8       0x30 build/f7-firmware-D/.extapps/hid_ble/views/hid_mouse.o
                0x00001af8                hid_mouse_set_connected_status
 .text.hid_mouse_clicker_timer_callback
                0x00001b28       0x4c build/f7-firmware-D/.extapps/hid_ble/views/hid_mouse_clicker.o
 .text.hid_mouse_clicker_exit_callback
                0x00001b74       0x1c build/f7-firmware-D/.extapps/hid_ble/views/hid_mouse_clicker.o
 .text.hid_mouse_clicker_start_or_restart_timer
                0x00001b90       0x64 build/f7-firmware-D/.extapps/hid_ble/views/hid_mouse_clicker.o
 .text.hid_mouse_clicker_enter_callback
                0x00001bf4        0xc build/f7-firmware-D/.extapps/hid_ble/views/hid_mouse_clicker.o
 .text.hid_mouse_clicker_input_callback
                0x00001c00       0xfc build/f7-firmware-D/.extapps/hid_ble/views/hid_mouse_clicker.o
 .text.hid_mouse_clicker_draw_callback
                0x00001cfc      0x1d0 build/f7-firmware-D/.extapps/hid_ble/views/hid_mouse_clicker.o
 .text.hid_mouse_clicker_alloc
                0x00001ecc       0xa8 build/f7-firmware-D/.extapps/hid_ble/views/hid_mouse_clicker.o
                0x00001ecc                hid_mouse_clicker_alloc
 .text.hid_mouse_clicker_free
                0x00001f74       0x3c build/f7-firmware-D/.extapps/hid_ble/views/hid_mouse_clicker.o
                0x00001f74                hid_mouse_clicker_free
 .text.hid_mouse_clicker_get_view
                0x00001fb0       0x14 build/f7-firmware-D/.extapps/hid_ble/views/hid_mouse_clicker.o
                0x00001fb0                hid_mouse_clicker_get_view
 .text.hid_mouse_clicker_set_connected_status
                0x00001fc4       0x30 build/f7-firmware-D/.extapps/hid_ble/views/hid_mouse_clicker.o
                0x00001fc4                hid_mouse_clicker_set_connected_status
 .text.hid_mouse_jiggler_timer_callback
                0x00001ff4       0x50 build/f7-firmware-D/.extapps/hid_ble/views/hid_mouse_jiggler.o
 .text.hid_mouse_jiggler_input_callback
                0x00002044       0x58 build/f7-firmware-D/.extapps/hid_ble/views/hid_mouse_jiggler.o
 .text.hid_mouse_jiggler_exit_callback
                0x0000209c       0x1c build/f7-firmware-D/.extapps/hid_ble/views/hid_mouse_jiggler.o
 .text.hid_mouse_jiggler_enter_callback
                0x000020b8       0x20 build/f7-firmware-D/.extapps/hid_ble/views/hid_mouse_jiggler.o
 .text.hid_mouse_jiggler_draw_callback
                0x000020d8      0x124 build/f7-firmware-D/.extapps/hid_ble/views/hid_mouse_jiggler.o
 .text.hid_mouse_jiggler_alloc
                0x000021fc       0x8c build/f7-firmware-D/.extapps/hid_ble/views/hid_mouse_jiggler.o
                0x000021fc                hid_mouse_jiggler_alloc
 .text.hid_mouse_jiggler_free
                0x00002288       0x3c build/f7-firmware-D/.extapps/hid_ble/views/hid_mouse_jiggler.o
                0x00002288                hid_mouse_jiggler_free
 .text.hid_mouse_jiggler_get_view
                0x000022c4       0x14 build/f7-firmware-D/.extapps/hid_ble/views/hid_mouse_jiggler.o
                0x000022c4                hid_mouse_jiggler_get_view
 .text.hid_mouse_jiggler_set_connected_status
                0x000022d8       0x30 build/f7-firmware-D/.extapps/hid_ble/views/hid_mouse_jiggler.o
                0x000022d8                hid_mouse_jiggler_set_connected_status
 .text.hid_tiktok_process_press
                0x00002308       0x48 build/f7-firmware-D/.extapps/hid_ble/views/hid_tiktok.o
 .text.hid_tiktok_reset_cursor
                0x00002350       0x48 build/f7-firmware-D/.extapps/hid_ble/views/hid_tiktok.o
 .text.hid_tiktok_process_release
                0x00002398       0x44 build/f7-firmware-D/.extapps/hid_ble/views/hid_tiktok.o
 .text.hid_tiktok_input_callback
                0x000023dc      0x14c build/f7-firmware-D/.extapps/hid_ble/views/hid_tiktok.o
 .text.hid_tiktok_draw_callback
                0x00002528      0x1fc build/f7-firmware-D/.extapps/hid_ble/views/hid_tiktok.o
 .text.hid_tiktok_alloc
                0x00002724       0x58 build/f7-firmware-D/.extapps/hid_ble/views/hid_tiktok.o
                0x00002724                hid_tiktok_alloc
 .text.hid_tiktok_free
                0x0000277c       0x28 build/f7-firmware-D/.extapps/hid_ble/views/hid_tiktok.o
                0x0000277c                hid_tiktok_free
 .text.hid_tiktok_get_view
                0x000027a4       0x14 build/f7-firmware-D/.extapps/hid_ble/views/hid_tiktok.o
                0x000027a4                hid_tiktok_get_view
 .text.hid_tiktok_set_connected_status
                0x000027b8       0x34 build/f7-firmware-D/.extapps/hid_ble/views/hid_tiktok.o
                0x000027b8                hid_tiktok_set_connected_status
 .text.hid_custom_event_callback
                0x000027ec       0x1c build/f7-firmware-D/.extapps/hid_ble/hid.o
                0x000027ec                hid_custom_event_callback
 .text.hid_back_event_callback
                0x00002808       0x1c build/f7-firmware-D/.extapps/hid_ble/hid.o
                0x00002808                hid_back_event_callback
 .text.bt_hid_connection_status_changed_callback
                0x00002824       0x8c build/f7-firmware-D/.extapps/hid_ble/hid.o
 .text.bt_hid_remove_pairing
                0x000028b0       0x34 build/f7-firmware-D/.extapps/hid_ble/hid.o
                0x000028b0                bt_hid_remove_pairing
 .text.hid_alloc
                0x000028e4      0x1b8 build/f7-firmware-D/.extapps/hid_ble/hid.o
                0x000028e4                hid_alloc
 .text.hid_free
                0x00002a9c      0x110 build/f7-firmware-D/.extapps/hid_ble/hid.o
                0x00002a9c                hid_free
 .text.hid_ble_app
                0x00002bac      0x114 build/f7-firmware-D/.extapps/hid_ble/hid.o
                0x00002bac                hid_ble_app
 .text.hid_hal_keyboard_press
                0x00002cc0       0x1c build/f7-firmware-D/.extapps/hid_ble/transport_ble.o
                0x00002cc0                hid_hal_keyboard_press
 .text.hid_hal_keyboard_release
                0x00002cdc       0x1c build/f7-firmware-D/.extapps/hid_ble/transport_ble.o
                0x00002cdc                hid_hal_keyboard_release
 .text.hid_hal_keyboard_release_all
                0x00002cf8       0x1c build/f7-firmware-D/.extapps/hid_ble/transport_ble.o
                0x00002cf8                hid_hal_keyboard_release_all
 .text.hid_hal_consumer_key_press
                0x00002d14       0x1c build/f7-firmware-D/.extapps/hid_ble/transport_ble.o
                0x00002d14                hid_hal_consumer_key_press
 .text.hid_hal_consumer_key_release
                0x00002d30       0x1c build/f7-firmware-D/.extapps/hid_ble/transport_ble.o
                0x00002d30                hid_hal_consumer_key_release
 .text.hid_hal_consumer_key_release_all
                0x00002d4c       0x1c build/f7-firmware-D/.extapps/hid_ble/transport_ble.o
                0x00002d4c                hid_hal_consumer_key_release_all
 .text.hid_hal_mouse_move
                0x00002d68       0x1c build/f7-firmware-D/.extapps/hid_ble/transport_ble.o
                0x00002d68                hid_hal_mouse_move
 .text.hid_hal_mouse_scroll
                0x00002d84       0x1c build/f7-firmware-D/.extapps/hid_ble/transport_ble.o
                0x00002d84                hid_hal_mouse_scroll
 .text.hid_hal_mouse_press
                0x00002da0       0x20 build/f7-firmware-D/.extapps/hid_ble/transport_ble.o
                0x00002da0                hid_hal_mouse_press
 .text.hid_hal_mouse_release
                0x00002dc0       0x20 build/f7-firmware-D/.extapps/hid_ble/transport_ble.o
                0x00002dc0                hid_hal_mouse_release
 .text.hid_hal_mouse_release_all
                0x00002de0       0x1c build/f7-firmware-D/.extapps/hid_ble/transport_ble.o
                0x00002de0                hid_hal_mouse_release_all
 .text.ble_profile_hid_get_config
                0x00002dfc       0xe4 build/f7-firmware-D/lib/libble_profile.a(hid_profile.o)
 .text.ble_profile_hid_stop
                0x00002ee0       0x58 build/f7-firmware-D/lib/libble_profile.a(hid_profile.o)
 .text.ble_profile_hid_start
                0x00002f38       0x78 build/f7-firmware-D/lib/libble_profile.a(hid_profile.o)
 .text.ble_profile_hid_kb_press
                0x00002fb0       0x54 build/f7-firmware-D/lib/libble_profile.a(hid_profile.o)
                0x00002fb0                ble_profile_hid_kb_press
 .text.ble_profile_hid_kb_release
                0x00003004       0x58 build/f7-firmware-D/lib/libble_profile.a(hid_profile.o)
                0x00003004                ble_profile_hid_kb_release
 .text.ble_profile_hid_kb_release_all
                0x0000305c       0x44 build/f7-firmware-D/lib/libble_profile.a(hid_profile.o)
                0x0000305c                ble_profile_hid_kb_release_all
 .text.ble_profile_hid_consumer_key_press
                0x000030a0       0x3c build/f7-firmware-D/lib/libble_profile.a(hid_profile.o)
                0x000030a0                ble_profile_hid_consumer_key_press
 .text.ble_profile_hid_consumer_key_release
                0x000030dc       0x40 build/f7-firmware-D/lib/libble_profile.a(hid_profile.o)
                0x000030dc                ble_profile_hid_consumer_key_release
 .text.ble_profile_hid_consumer_key_release_all
                0x0000311c       0x3c build/f7-firmware-D/lib/libble_profile.a(hid_profile.o)
                0x0000311c                ble_profile_hid_consumer_key_release_all
 .text.ble_profile_hid_mouse_move
                0x00003158       0x3c build/f7-firmware-D/lib/libble_profile.a(hid_profile.o)
                0x00003158                ble_profile_hid_mouse_move
 .text.ble_profile_hid_mouse_press
                0x00003194       0x3c build/f7-firmware-D/lib/libble_profile.a(hid_profile.o)
                0x00003194                ble_profile_hid_mouse_press
 .text.ble_profile_hid_mouse_release
                0x000031d0       0x3c build/f7-firmware-D/lib/libble_profile.a(hid_profile.o)
                0x000031d0                ble_profile_hid_mouse_release
 .text.ble_profile_hid_mouse_release_all
                0x0000320c       0x38 build/f7-firmware-D/lib/libble_profile.a(hid_profile.o)
                0x0000320c                ble_profile_hid_mouse_release_all
 .text.ble_profile_hid_mouse_scroll
                0x00003244       0x38 build/f7-firmware-D/lib/libble_profile.a(hid_profile.o)
                0x00003244                ble_profile_hid_mouse_scroll
 .text.ble_svc_hid_char_desc_data_callback
                0x0000327c        0xc build/f7-firmware-D/lib/libble_profile.a(hid_service.o)
 .text.ble_svc_hid_report_data_callback
                0x00003288       0x12 build/f7-firmware-D/lib/libble_profile.a(hid_service.o)
 .text.ble_svc_hid_event_handler
                0x0000329a       0x26 build/f7-firmware-D/lib/libble_profile.a(hid_service.o)
 .text.ble_svc_hid_start
                0x000032c0      0x138 build/f7-firmware-D/lib/libble_profile.a(hid_service.o)
                0x000032c0                ble_svc_hid_start
 .text.ble_svc_hid_update_report_map
                0x000033f8       0x20 build/f7-firmware-D/lib/libble_profile.a(hid_service.o)
                0x000033f8                ble_svc_hid_update_report_map
 .text.ble_svc_hid_update_input_report
                0x00003418       0x20 build/f7-firmware-D/lib/libble_profile.a(hid_service.o)
                0x00003418                ble_svc_hid_update_input_report
 .text.ble_svc_hid_update_info
                0x00003438       0x1c build/f7-firmware-D/lib/libble_profile.a(hid_service.o)
                0x00003438                ble_svc_hid_update_info
 .text.ble_svc_hid_stop
                0x00003454       0x80 build/f7-firmware-D/lib/libble_profile.a(hid_service.o)
                0x00003454                ble_svc_hid_stop
 *(.text.*)
 *(.text._*)
 *(.init)
 *(.fini)

.rodata         0x000034d4     0x15b0
 *(.rodata)
 *(.rodata1)
 *(.rodata.*)
 .rodata.hid_scene_handlers
                0x000034d4       0x10 build/f7-firmware-D/.extapps/hid_ble/scenes/hid_scene.o
                0x000034d4                hid_scene_handlers
 .rodata.hid_on_exit_handlers
                0x000034e4        0xc build/f7-firmware-D/.extapps/hid_ble/scenes/hid_scene.o
                0x000034e4                hid_on_exit_handlers
 .rodata.hid_on_event_handlers
                0x000034f0        0xc build/f7-firmware-D/.extapps/hid_ble/scenes/hid_scene.o
                0x000034f0                hid_on_event_handlers
 .rodata.hid_on_enter_handlers
                0x000034fc        0xc build/f7-firmware-D/.extapps/hid_ble/scenes/hid_scene.o
                0x000034fc                hid_on_enter_handlers
 .rodata.hid_scene_start_on_enter.str1.4
                0x00003508       0x80 build/f7-firmware-D/.extapps/hid_ble/scenes/hid_scene_start.o
 .rodata.hid_scene_unpair_on_enter.str1.4
                0x00003588       0x29 build/f7-firmware-D/.extapps/hid_ble/scenes/hid_scene_unpair.o
 *fill*         0x000035b1        0x3 
 .rodata.hid_keyboard_draw_callback.str1.4
                0x000035b4       0x36 build/f7-firmware-D/.extapps/hid_ble/views/hid_keyboard.o
 *fill*         0x000035ea        0x2 
 .rodata.hid_keyboard_keyset
                0x000035ec      0x690 build/f7-firmware-D/.extapps/hid_ble/views/hid_keyboard.o
                0x000035ec                hid_keyboard_keyset
 .rodata.hid_keynote_draw_callback.str1.4
                0x00003c7c       0x25 build/f7-firmware-D/.extapps/hid_ble/views/hid_keynote.o
 *fill*         0x00003ca1        0x3 
 .rodata.hid_media_draw_callback.str1.4
                0x00003ca4       0x15 build/f7-firmware-D/.extapps/hid_ble/views/hid_media.o
 *fill*         0x00003cb9        0x3 
 .rodata.hid_mouse_draw_callback.str1.4
                0x00003cbc       0x25 build/f7-firmware-D/.extapps/hid_ble/views/hid_mouse.o
 *fill*         0x00003ce1        0x3 
 .rodata.hid_mouse_clicker_draw_callback.str1.4
                0x00003ce4       0x59 build/f7-firmware-D/.extapps/hid_ble/views/hid_mouse_clicker.o
 *fill*         0x00003d3d        0x3 
 .rodata.hid_mouse_jiggler_draw_callback.str1.4
                0x00003d40       0x25 build/f7-firmware-D/.extapps/hid_ble/views/hid_mouse_jiggler.o
 *fill*         0x00003d65        0x3 
 .rodata.hid_tiktok_draw_callback.str1.4
                0x00003d68       0x15 build/f7-firmware-D/.extapps/hid_ble/views/hid_tiktok.o
 *fill*         0x00003d7d        0x3 
 .rodata.hid_alloc.str1.4
                0x00003d80       0x15 build/f7-firmware-D/.extapps/hid_ble/hid.o
 *fill*         0x00003d95        0x3 
 .rodata.hid_usb_app.str1.4
                0x00003d98       0x18 build/f7-firmware-D/.extapps/hid_ble/hid.o
 .rodata.hid_ble_app.str1.4
                0x00003db0       0x4d build/f7-firmware-D/.extapps/hid_ble/hid.o
 *fill*         0x00003dfd        0x3 
 .rodata.I_underscore_button_9x11
                0x00003e00        0xc build/f7-firmware-D/.extapps/hid_ble/hid_icons.o
                0x00003e00                I_underscore_button_9x11
 .rodata.I_sq_bracket_right_button_9x11
                0x00003e0c        0xc build/f7-firmware-D/.extapps/hid_ble/hid_icons.o
                0x00003e0c                I_sq_bracket_right_button_9x11
 .rodata.I_sq_bracket_left_button_9x11
                0x00003e18        0xc build/f7-firmware-D/.extapps/hid_ble/hid_icons.o
                0x00003e18                I_sq_bracket_left_button_9x11
 .rodata.I_slash_button_9x11
                0x00003e24        0xc build/f7-firmware-D/.extapps/hid_ble/hid_icons.o
                0x00003e24                I_slash_button_9x11
 .rodata.I_quote_button_9x11
                0x00003e30        0xc build/f7-firmware-D/.extapps/hid_ble/hid_icons.o
                0x00003e30                I_quote_button_9x11
 .rodata.I_percent_button_9x11
                0x00003e3c        0xc build/f7-firmware-D/.extapps/hid_ble/hid_icons.o
                0x00003e3c                I_percent_button_9x11
 .rodata.I_hash_button_9x11
                0x00003e48        0xc build/f7-firmware-D/.extapps/hid_ble/hid_icons.o
                0x00003e48                I_hash_button_9x11
 .rodata.I_equals_button_9x11
                0x00003e54        0xc build/f7-firmware-D/.extapps/hid_ble/hid_icons.o
                0x00003e54                I_equals_button_9x11
 .rodata.I_brace_right_button_9x11
                0x00003e60        0xc build/f7-firmware-D/.extapps/hid_ble/hid_icons.o
                0x00003e60                I_brace_right_button_9x11
 .rodata.I_brace_left_button_9x11
                0x00003e6c        0xc build/f7-firmware-D/.extapps/hid_ble/hid_icons.o
                0x00003e6c                I_brace_left_button_9x11
 .rodata.I_backtick_button_9x11
                0x00003e78        0xc build/f7-firmware-D/.extapps/hid_ble/hid_icons.o
                0x00003e78                I_backtick_button_9x11
 .rodata.I_backspace_19x11
                0x00003e84        0xc build/f7-firmware-D/.extapps/hid_ble/hid_icons.o
                0x00003e84                I_backspace_19x11
 .rodata.I_backslash_button_9x11
                0x00003e90        0xc build/f7-firmware-D/.extapps/hid_ble/hid_icons.o
                0x00003e90                I_backslash_button_9x11
 .rodata.I_apostrophe_button_9x11
                0x00003e9c        0xc build/f7-firmware-D/.extapps/hid_ble/hid_icons.o
                0x00003e9c                I_apostrophe_button_9x11
 .rodata.I_Volup_8x6
                0x00003ea8        0xc build/f7-firmware-D/.extapps/hid_ble/hid_icons.o
                0x00003ea8                I_Volup_8x6
 .rodata.I_Voldwn_6x6
                0x00003eb4        0xc build/f7-firmware-D/.extapps/hid_ble/hid_icons.o
                0x00003eb4                I_Voldwn_6x6
 .rodata.I_Tab_17x10
                0x00003ec0        0xc build/f7-firmware-D/.extapps/hid_ble/hid_icons.o
                0x00003ec0                I_Tab_17x10
 .rodata.I_Space_65x18
                0x00003ecc        0xc build/f7-firmware-D/.extapps/hid_ble/hid_icons.o
                0x00003ecc                I_Space_65x18
 .rodata.I_Space_60x18
                0x00003ed8        0xc build/f7-firmware-D/.extapps/hid_ble/hid_icons.o
                0x00003ed8                I_Space_60x18
 .rodata.I_Shift_inactive_7x9
                0x00003ee4        0xc build/f7-firmware-D/.extapps/hid_ble/hid_icons.o
                0x00003ee4                I_Shift_inactive_7x9
 .rodata.I_Shift_active_7x9
                0x00003ef0        0xc build/f7-firmware-D/.extapps/hid_ble/hid_icons.o
                0x00003ef0                I_Shift_active_7x9
 .rodata.I_Right_mouse_icon_9x10
                0x00003efc        0xc build/f7-firmware-D/.extapps/hid_ble/hid_icons.o
                0x00003efc                I_Right_mouse_icon_9x10
 .rodata.I_Return_10x7
                0x00003f08        0xc build/f7-firmware-D/.extapps/hid_ble/hid_icons.o
                0x00003f08                I_Return_10x7
 .rodata.I_Pressed_Button_13x13
                0x00003f14        0xc build/f7-firmware-D/.extapps/hid_ble/hid_icons.o
                0x00003f14                I_Pressed_Button_13x13
 .rodata.I_Pin_back_arrow_10x8
                0x00003f20        0xc build/f7-firmware-D/.extapps/hid_ble/hid_icons.o
                0x00003f20                I_Pin_back_arrow_10x8
 .rodata.I_Pin_arrow_up_7x9
                0x00003f2c        0xc build/f7-firmware-D/.extapps/hid_ble/hid_icons.o
                0x00003f2c                I_Pin_arrow_up_7x9
 .rodata.I_Pin_arrow_right_9x7
                0x00003f38        0xc build/f7-firmware-D/.extapps/hid_ble/hid_icons.o
                0x00003f38                I_Pin_arrow_right_9x7
 .rodata.I_Pin_arrow_left_9x7
                0x00003f44        0xc build/f7-firmware-D/.extapps/hid_ble/hid_icons.o
                0x00003f44                I_Pin_arrow_left_9x7
 .rodata.I_Pin_arrow_down_7x9
                0x00003f50        0xc build/f7-firmware-D/.extapps/hid_ble/hid_icons.o
                0x00003f50                I_Pin_arrow_down_7x9
 .rodata.I_Ok_btn_pressed_13x12
                0x00003f5c        0xc build/f7-firmware-D/.extapps/hid_ble/hid_icons.o
                0x00003f5c                I_Ok_btn_pressed_13x12
 .rodata.I_Ok_btn_9x9
                0x00003f68        0xc build/f7-firmware-D/.extapps/hid_ble/hid_icons.o
                0x00003f68                I_Ok_btn_9x9
 .rodata.I_Like_pressed_17x16
                0x00003f74        0xc build/f7-firmware-D/.extapps/hid_ble/hid_icons.o
                0x00003f74                I_Like_pressed_17x16
 .rodata.I_Like_def_13x11
                0x00003f80        0xc build/f7-firmware-D/.extapps/hid_ble/hid_icons.o
                0x00003f80                I_Like_def_13x11
 .rodata.I_Left_mouse_icon_9x10
                0x00003f8c        0xc build/f7-firmware-D/.extapps/hid_ble/hid_icons.o
                0x00003f8c                I_Left_mouse_icon_9x10
 .rodata.I_Esc_17x10
                0x00003f98        0xc build/f7-firmware-D/.extapps/hid_ble/hid_icons.o
                0x00003f98                I_Esc_17x10
 .rodata.I_Dpad_49x46
                0x00003fa4        0xc build/f7-firmware-D/.extapps/hid_ble/hid_icons.o
                0x00003fa4                I_Dpad_49x46
 .rodata.I_DolphinDone_80x58
                0x00003fb0        0xc build/f7-firmware-D/.extapps/hid_ble/hid_icons.o
                0x00003fb0                I_DolphinDone_80x58
 .rodata.I_Del_17x10
                0x00003fbc        0xc build/f7-firmware-D/.extapps/hid_ble/hid_icons.o
                0x00003fbc                I_Del_17x10
 .rodata.I_Ctrl_active_17x9
                0x00003fc8        0xc build/f7-firmware-D/.extapps/hid_ble/hid_icons.o
                0x00003fc8                I_Ctrl_active_17x9
 .rodata.I_Ctrl_17x10
                0x00003fd4        0xc build/f7-firmware-D/.extapps/hid_ble/hid_icons.o
                0x00003fd4                I_Ctrl_17x10
 .rodata.I_Cmd_active_17x9
                0x00003fe0        0xc build/f7-firmware-D/.extapps/hid_ble/hid_icons.o
                0x00003fe0                I_Cmd_active_17x9
 .rodata.I_Cmd_17x10
                0x00003fec        0xc build/f7-firmware-D/.extapps/hid_ble/hid_icons.o
                0x00003fec                I_Cmd_17x10
 .rodata.I_Button_18x18
                0x00003ff8        0xc build/f7-firmware-D/.extapps/hid_ble/hid_icons.o
                0x00003ff8                I_Button_18x18
 .rodata.I_ButtonUp_7x4
                0x00004004        0xc build/f7-firmware-D/.extapps/hid_ble/hid_icons.o
                0x00004004                I_ButtonUp_7x4
 .rodata.I_ButtonRight_4x7
                0x00004010        0xc build/f7-firmware-D/.extapps/hid_ble/hid_icons.o
                0x00004010                I_ButtonRight_4x7
 .rodata.I_ButtonLeft_4x7
                0x0000401c        0xc build/f7-firmware-D/.extapps/hid_ble/hid_icons.o
                0x0000401c                I_ButtonLeft_4x7
 .rodata.I_ButtonF9_5x8
                0x00004028        0xc build/f7-firmware-D/.extapps/hid_ble/hid_icons.o
                0x00004028                I_ButtonF9_5x8
 .rodata.I_ButtonF8_5x8
                0x00004034        0xc build/f7-firmware-D/.extapps/hid_ble/hid_icons.o
                0x00004034                I_ButtonF8_5x8
 .rodata.I_ButtonF7_5x8
                0x00004040        0xc build/f7-firmware-D/.extapps/hid_ble/hid_icons.o
                0x00004040                I_ButtonF7_5x8
 .rodata.I_ButtonF6_5x8
                0x0000404c        0xc build/f7-firmware-D/.extapps/hid_ble/hid_icons.o
                0x0000404c                I_ButtonF6_5x8
 .rodata.I_ButtonF5_5x8
                0x00004058        0xc build/f7-firmware-D/.extapps/hid_ble/hid_icons.o
                0x00004058                I_ButtonF5_5x8
 .rodata.I_ButtonF4_5x8
                0x00004064        0xc build/f7-firmware-D/.extapps/hid_ble/hid_icons.o
                0x00004064                I_ButtonF4_5x8
 .rodata.I_ButtonF3_5x8
                0x00004070        0xc build/f7-firmware-D/.extapps/hid_ble/hid_icons.o
                0x00004070                I_ButtonF3_5x8
 .rodata.I_ButtonF2_5x8
                0x0000407c        0xc build/f7-firmware-D/.extapps/hid_ble/hid_icons.o
                0x0000407c                I_ButtonF2_5x8
 .rodata.I_ButtonF1_5x8
                0x00004088        0xc build/f7-firmware-D/.extapps/hid_ble/hid_icons.o
                0x00004088                I_ButtonF1_5x8
 .rodata.I_ButtonF12_5x8
                0x00004094        0xc build/f7-firmware-D/.extapps/hid_ble/hid_icons.o
                0x00004094                I_ButtonF12_5x8
 .rodata.I_ButtonF11_5x8
                0x000040a0        0xc build/f7-firmware-D/.extapps/hid_ble/hid_icons.o
                0x000040a0                I_ButtonF11_5x8
 .rodata.I_ButtonF10_5x8
                0x000040ac        0xc build/f7-firmware-D/.extapps/hid_ble/hid_icons.o
                0x000040ac                I_ButtonF10_5x8
 .rodata.I_ButtonDown_7x4
                0x000040b8        0xc build/f7-firmware-D/.extapps/hid_ble/hid_icons.o
                0x000040b8                I_ButtonDown_7x4
 .rodata.I_Ble_disconnected_15x15
                0x000040c4        0xc build/f7-firmware-D/.extapps/hid_ble/hid_icons.o
                0x000040c4                I_Ble_disconnected_15x15
 .rodata.I_Ble_connected_15x15
                0x000040d0        0xc build/f7-firmware-D/.extapps/hid_ble/hid_icons.o
                0x000040d0                I_Ble_connected_15x15
 .rodata.I_Arr_up_7x9
                0x000040dc        0xc build/f7-firmware-D/.extapps/hid_ble/hid_icons.o
                0x000040dc                I_Arr_up_7x9
 .rodata.I_Arr_dwn_7x9
                0x000040e8        0xc build/f7-firmware-D/.extapps/hid_ble/hid_icons.o
                0x000040e8                I_Arr_dwn_7x9
 .rodata.I_Alt_active_17x9
                0x000040f4        0xc build/f7-firmware-D/.extapps/hid_ble/hid_icons.o
                0x000040f4                I_Alt_active_17x9
 .rodata.I_Alt_17x10
                0x00004100        0xc build/f7-firmware-D/.extapps/hid_ble/hid_icons.o
                0x00004100                I_Alt_17x10
 .rodata._I_underscore_button_9x11
                0x0000410c        0x4 build/f7-firmware-D/.extapps/hid_ble/hid_icons.o
                0x0000410c                _I_underscore_button_9x11
 .rodata._I_underscore_button_9x11_0
                0x00004110        0x9 build/f7-firmware-D/.extapps/hid_ble/hid_icons.o
                0x00004110                _I_underscore_button_9x11_0
 *fill*         0x00004119        0x3 
 .rodata._I_sq_bracket_right_button_9x11
                0x0000411c        0x4 build/f7-firmware-D/.extapps/hid_ble/hid_icons.o
                0x0000411c                _I_sq_bracket_right_button_9x11
 .rodata._I_sq_bracket_right_button_9x11_0
                0x00004120        0xe build/f7-firmware-D/.extapps/hid_ble/hid_icons.o
                0x00004120                _I_sq_bracket_right_button_9x11_0
 *fill*         0x0000412e        0x2 
 .rodata._I_sq_bracket_left_button_9x11
                0x00004130        0x4 build/f7-firmware-D/.extapps/hid_ble/hid_icons.o
                0x00004130                _I_sq_bracket_left_button_9x11
 .rodata._I_sq_bracket_left_button_9x11_0
                0x00004134        0xe build/f7-firmware-D/.extapps/hid_ble/hid_icons.o
                0x00004134                _I_sq_bracket_left_button_9x11_0
 *fill*         0x00004142        0x2 
 .rodata._I_slash_button_9x11
                0x00004144        0x4 build/f7-firmware-D/.extapps/hid_ble/hid_icons.o
                0x00004144                _I_slash_button_9x11
 .rodata._I_slash_button_9x11_0
                0x00004148       0x13 build/f7-firmware-D/.extapps/hid_ble/hid_icons.o
                0x00004148                _I_slash_button_9x11_0
 *fill*         0x0000415b        0x1 
 .rodata._I_quote_button_9x11
                0x0000415c        0x4 build/f7-firmware-D/.extapps/hid_ble/hid_icons.o
                0x0000415c                _I_quote_button_9x11
 .rodata._I_quote_button_9x11_0
                0x00004160        0xa build/f7-firmware-D/.extapps/hid_ble/hid_icons.o
                0x00004160                _I_quote_button_9x11_0
 *fill*         0x0000416a        0x2 
 .rodata._I_percent_button_9x11
                0x0000416c        0x4 build/f7-firmware-D/.extapps/hid_ble/hid_icons.o
                0x0000416c                _I_percent_button_9x11
 .rodata._I_percent_button_9x11_0
                0x00004170       0x17 build/f7-firmware-D/.extapps/hid_ble/hid_icons.o
                0x00004170                _I_percent_button_9x11_0
 *fill*         0x00004187        0x1 
 .rodata._I_hash_button_9x11
                0x00004188        0x4 build/f7-firmware-D/.extapps/hid_ble/hid_icons.o
                0x00004188                _I_hash_button_9x11
 .rodata._I_hash_button_9x11_0
                0x0000418c        0xd build/f7-firmware-D/.extapps/hid_ble/hid_icons.o
                0x0000418c                _I_hash_button_9x11_0
 *fill*         0x00004199        0x3 
 .rodata._I_equals_button_9x11
                0x0000419c        0x4 build/f7-firmware-D/.extapps/hid_ble/hid_icons.o
                0x0000419c                _I_equals_button_9x11
 .rodata._I_equals_button_9x11_0
                0x000041a0        0xa build/f7-firmware-D/.extapps/hid_ble/hid_icons.o
                0x000041a0                _I_equals_button_9x11_0
 *fill*         0x000041aa        0x2 
 .rodata._I_brace_right_button_9x11
                0x000041ac        0x4 build/f7-firmware-D/.extapps/hid_ble/hid_icons.o
                0x000041ac                _I_brace_right_button_9x11
 .rodata._I_brace_right_button_9x11_0
                0x000041b0       0x11 build/f7-firmware-D/.extapps/hid_ble/hid_icons.o
                0x000041b0                _I_brace_right_button_9x11_0
 *fill*         0x000041c1        0x3 
 .rodata._I_brace_left_button_9x11
                0x000041c4        0x4 build/f7-firmware-D/.extapps/hid_ble/hid_icons.o
                0x000041c4                _I_brace_left_button_9x11
 .rodata._I_brace_left_button_9x11_0
                0x000041c8       0x11 build/f7-firmware-D/.extapps/hid_ble/hid_icons.o
                0x000041c8                _I_brace_left_button_9x11_0
 *fill*         0x000041d9        0x3 
 .rodata._I_backtick_button_9x11
                0x000041dc        0x4 build/f7-firmware-D/.extapps/hid_ble/hid_icons.o
                0x000041dc                _I_backtick_button_9x11
 .rodata._I_backtick_button_9x11_0
                0x000041e0        0xb build/f7-firmware-D/.extapps/hid_ble/hid_icons.o
                0x000041e0                _I_backtick_button_9x11_0
 *fill*         0x000041eb        0x1 
 .rodata._I_backspace_19x11
                0x000041ec        0x4 build/f7-firmware-D/.extapps/hid_ble/hid_icons.o
                0x000041ec                _I_backspace_19x11
 .rodata._I_backspace_19x11_0
                0x000041f0       0x19 build/f7-firmware-D/.extapps/hid_ble/hid_icons.o
                0x000041f0                _I_backspace_19x11_0
 *fill*         0x00004209        0x3 
 .rodata._I_backslash_button_9x11
                0x0000420c        0x4 build/f7-firmware-D/.extapps/hid_ble/hid_icons.o
                0x0000420c                _I_backslash_button_9x11
 .rodata._I_backslash_button_9x11_0
                0x00004210       0x13 build/f7-firmware-D/.extapps/hid_ble/hid_icons.o
                0x00004210                _I_backslash_button_9x11_0
 *fill*         0x00004223        0x1 
 .rodata._I_apostrophe_button_9x11
                0x00004224        0x4 build/f7-firmware-D/.extapps/hid_ble/hid_icons.o
                0x00004224                _I_apostrophe_button_9x11
 .rodata._I_apostrophe_button_9x11_0
                0x00004228        0xa build/f7-firmware-D/.extapps/hid_ble/hid_icons.o
                0x00004228                _I_apostrophe_button_9x11_0
 *fill*         0x00004232        0x2 
 .rodata._I_Volup_8x6
                0x00004234        0x4 build/f7-firmware-D/.extapps/hid_ble/hid_icons.o
                0x00004234                _I_Volup_8x6
 .rodata._I_Volup_8x6_0
                0x00004238        0x7 build/f7-firmware-D/.extapps/hid_ble/hid_icons.o
                0x00004238                _I_Volup_8x6_0
 *fill*         0x0000423f        0x1 
 .rodata._I_Voldwn_6x6
                0x00004240        0x4 build/f7-firmware-D/.extapps/hid_ble/hid_icons.o
                0x00004240                _I_Voldwn_6x6
 .rodata._I_Voldwn_6x6_0
                0x00004244        0x7 build/f7-firmware-D/.extapps/hid_ble/hid_icons.o
                0x00004244                _I_Voldwn_6x6_0
 *fill*         0x0000424b        0x1 
 .rodata._I_Tab_17x10
                0x0000424c        0x4 build/f7-firmware-D/.extapps/hid_ble/hid_icons.o
                0x0000424c                _I_Tab_17x10
 .rodata._I_Tab_17x10_0
                0x00004250       0x16 build/f7-firmware-D/.extapps/hid_ble/hid_icons.o
                0x00004250                _I_Tab_17x10_0
 *fill*         0x00004266        0x2 
 .rodata._I_Space_65x18
                0x00004268        0x4 build/f7-firmware-D/.extapps/hid_ble/hid_icons.o
                0x00004268                _I_Space_65x18
 .rodata._I_Space_65x18_0
                0x0000426c       0x2a build/f7-firmware-D/.extapps/hid_ble/hid_icons.o
                0x0000426c                _I_Space_65x18_0
 *fill*         0x00004296        0x2 
 .rodata._I_Space_60x18
                0x00004298        0x4 build/f7-firmware-D/.extapps/hid_ble/hid_icons.o
                0x00004298                _I_Space_60x18
 .rodata._I_Space_60x18_0
                0x0000429c       0x25 build/f7-firmware-D/.extapps/hid_ble/hid_icons.o
                0x0000429c                _I_Space_60x18_0
 *fill*         0x000042c1        0x3 
 .rodata._I_Shift_inactive_7x9
                0x000042c4        0x4 build/f7-firmware-D/.extapps/hid_ble/hid_icons.o
                0x000042c4                _I_Shift_inactive_7x9
 .rodata._I_Shift_inactive_7x9_0
                0x000042c8        0xa build/f7-firmware-D/.extapps/hid_ble/hid_icons.o
                0x000042c8                _I_Shift_inactive_7x9_0
 *fill*         0x000042d2        0x2 
 .rodata._I_Shift_active_7x9
                0x000042d4        0x4 build/f7-firmware-D/.extapps/hid_ble/hid_icons.o
                0x000042d4                _I_Shift_active_7x9
 .rodata._I_Shift_active_7x9_0
                0x000042d8        0xa build/f7-firmware-D/.extapps/hid_ble/hid_icons.o
                0x000042d8                _I_Shift_active_7x9_0
 *fill*         0x000042e2        0x2 
 .rodata._I_Right_mouse_icon_9x10
                0x000042e4        0x4 build/f7-firmware-D/.extapps/hid_ble/hid_icons.o
                0x000042e4                _I_Right_mouse_icon_9x10
 .rodata._I_Right_mouse_icon_9x10_0
                0x000042e8       0x13 build/f7-firmware-D/.extapps/hid_ble/hid_icons.o
                0x000042e8                _I_Right_mouse_icon_9x10_0
 *fill*         0x000042fb        0x1 
 .rodata._I_Return_10x7
                0x000042fc        0x4 build/f7-firmware-D/.extapps/hid_ble/hid_icons.o
                0x000042fc                _I_Return_10x7
 .rodata._I_Return_10x7_0
                0x00004300        0xf build/f7-firmware-D/.extapps/hid_ble/hid_icons.o
                0x00004300                _I_Return_10x7_0
 *fill*         0x0000430f        0x1 
 .rodata._I_Pressed_Button_13x13
                0x00004310        0x4 build/f7-firmware-D/.extapps/hid_ble/hid_icons.o
                0x00004310                _I_Pressed_Button_13x13
 .rodata._I_Pressed_Button_13x13_0
                0x00004314       0x16 build/f7-firmware-D/.extapps/hid_ble/hid_icons.o
                0x00004314                _I_Pressed_Button_13x13_0
 *fill*         0x0000432a        0x2 
 .rodata._I_Pin_back_arrow_10x8
                0x0000432c        0x4 build/f7-firmware-D/.extapps/hid_ble/hid_icons.o
                0x0000432c                _I_Pin_back_arrow_10x8
 .rodata._I_Pin_back_arrow_10x8_0
                0x00004330       0x11 build/f7-firmware-D/.extapps/hid_ble/hid_icons.o
                0x00004330                _I_Pin_back_arrow_10x8_0
 *fill*         0x00004341        0x3 
 .rodata._I_Pin_arrow_up_7x9
                0x00004344        0x4 build/f7-firmware-D/.extapps/hid_ble/hid_icons.o
                0x00004344                _I_Pin_arrow_up_7x9
 .rodata._I_Pin_arrow_up_7x9_0
                0x00004348        0xa build/f7-firmware-D/.extapps/hid_ble/hid_icons.o
                0x00004348                _I_Pin_arrow_up_7x9_0
 *fill*         0x00004352        0x2 
 .rodata._I_Pin_arrow_right_9x7
                0x00004354        0x4 build/f7-firmware-D/.extapps/hid_ble/hid_icons.o
                0x00004354                _I_Pin_arrow_right_9x7
 .rodata._I_Pin_arrow_right_9x7_0
                0x00004358        0xf build/f7-firmware-D/.extapps/hid_ble/hid_icons.o
                0x00004358                _I_Pin_arrow_right_9x7_0
 *fill*         0x00004367        0x1 
 .rodata._I_Pin_arrow_left_9x7
                0x00004368        0x4 build/f7-firmware-D/.extapps/hid_ble/hid_icons.o
                0x00004368                _I_Pin_arrow_left_9x7
 .rodata._I_Pin_arrow_left_9x7_0
                0x0000436c        0xf build/f7-firmware-D/.extapps/hid_ble/hid_icons.o
                0x0000436c                _I_Pin_arrow_left_9x7_0
 *fill*         0x0000437b        0x1 
 .rodata._I_Pin_arrow_down_7x9
                0x0000437c        0x4 build/f7-firmware-D/.extapps/hid_ble/hid_icons.o
                0x0000437c                _I_Pin_arrow_down_7x9
 .rodata._I_Pin_arrow_down_7x9_0
                0x00004380        0xa build/f7-firmware-D/.extapps/hid_ble/hid_icons.o
                0x00004380                _I_Pin_arrow_down_7x9_0
 *fill*         0x0000438a        0x2 
 .rodata._I_Ok_btn_pressed_13x12
                0x0000438c        0x4 build/f7-firmware-D/.extapps/hid_ble/hid_icons.o
                0x0000438c                _I_Ok_btn_pressed_13x12
 .rodata._I_Ok_btn_pressed_13x12_0
                0x00004390       0x18 build/f7-firmware-D/.extapps/hid_ble/hid_icons.o
                0x00004390                _I_Ok_btn_pressed_13x12_0
 .rodata._I_Ok_btn_9x9
                0x000043a8        0x4 build/f7-firmware-D/.extapps/hid_ble/hid_icons.o
                0x000043a8                _I_Ok_btn_9x9
 .rodata._I_Ok_btn_9x9_0
                0x000043ac       0x13 build/f7-firmware-D/.extapps/hid_ble/hid_icons.o
                0x000043ac                _I_Ok_btn_9x9_0
 *fill*         0x000043bf        0x1 
 .rodata._I_Like_pressed_17x16
                0x000043c0        0x4 build/f7-firmware-D/.extapps/hid_ble/hid_icons.o
                0x000043c0                _I_Like_pressed_17x16
 .rodata._I_Like_pressed_17x16_0
                0x000043c4       0x31 build/f7-firmware-D/.extapps/hid_ble/hid_icons.o
                0x000043c4                _I_Like_pressed_17x16_0
 *fill*         0x000043f5        0x3 
 .rodata._I_Like_def_13x11
                0x000043f8        0x4 build/f7-firmware-D/.extapps/hid_ble/hid_icons.o
                0x000043f8                _I_Like_def_13x11
 .rodata._I_Like_def_13x11_0
                0x000043fc       0x17 build/f7-firmware-D/.extapps/hid_ble/hid_icons.o
                0x000043fc                _I_Like_def_13x11_0
 *fill*         0x00004413        0x1 
 .rodata._I_Left_mouse_icon_9x10
                0x00004414        0x4 build/f7-firmware-D/.extapps/hid_ble/hid_icons.o
                0x00004414                _I_Left_mouse_icon_9x10
 .rodata._I_Left_mouse_icon_9x10_0
                0x00004418       0x13 build/f7-firmware-D/.extapps/hid_ble/hid_icons.o
                0x00004418                _I_Left_mouse_icon_9x10_0
 *fill*         0x0000442b        0x1 
 .rodata._I_Esc_17x10
                0x0000442c        0x4 build/f7-firmware-D/.extapps/hid_ble/hid_icons.o
                0x0000442c                _I_Esc_17x10
 .rodata._I_Esc_17x10_0
                0x00004430       0x1c build/f7-firmware-D/.extapps/hid_ble/hid_icons.o
                0x00004430                _I_Esc_17x10_0
 .rodata._I_Dpad_49x46
                0x0000444c        0x4 build/f7-firmware-D/.extapps/hid_ble/hid_icons.o
                0x0000444c                _I_Dpad_49x46
 .rodata._I_Dpad_49x46_0
                0x00004450       0x8e build/f7-firmware-D/.extapps/hid_ble/hid_icons.o
                0x00004450                _I_Dpad_49x46_0
 *fill*         0x000044de        0x2 
 .rodata._I_DolphinDone_80x58
                0x000044e0        0x4 build/f7-firmware-D/.extapps/hid_ble/hid_icons.o
                0x000044e0                _I_DolphinDone_80x58
 .rodata._I_DolphinDone_80x58_0
                0x000044e4      0x180 build/f7-firmware-D/.extapps/hid_ble/hid_icons.o
                0x000044e4                _I_DolphinDone_80x58_0
 .rodata._I_Del_17x10
                0x00004664        0x4 build/f7-firmware-D/.extapps/hid_ble/hid_icons.o
                0x00004664                _I_Del_17x10
 .rodata._I_Del_17x10_0
                0x00004668       0x1b build/f7-firmware-D/.extapps/hid_ble/hid_icons.o
                0x00004668                _I_Del_17x10_0
 *fill*         0x00004683        0x1 
 .rodata._I_Ctrl_active_17x9
                0x00004684        0x4 build/f7-firmware-D/.extapps/hid_ble/hid_icons.o
                0x00004684                _I_Ctrl_active_17x9
 .rodata._I_Ctrl_active_17x9_0
                0x00004688       0x1c build/f7-firmware-D/.extapps/hid_ble/hid_icons.o
                0x00004688                _I_Ctrl_active_17x9_0
 .rodata._I_Ctrl_17x10
                0x000046a4        0x4 build/f7-firmware-D/.extapps/hid_ble/hid_icons.o
                0x000046a4                _I_Ctrl_17x10
 .rodata._I_Ctrl_17x10_0
                0x000046a8       0x1a build/f7-firmware-D/.extapps/hid_ble/hid_icons.o
                0x000046a8                _I_Ctrl_17x10_0
 *fill*         0x000046c2        0x2 
 .rodata._I_Cmd_active_17x9
                0x000046c4        0x4 build/f7-firmware-D/.extapps/hid_ble/hid_icons.o
                0x000046c4                _I_Cmd_active_17x9
 .rodata._I_Cmd_active_17x9_0
                0x000046c8       0x1c build/f7-firmware-D/.extapps/hid_ble/hid_icons.o
                0x000046c8                _I_Cmd_active_17x9_0
 .rodata._I_Cmd_17x10
                0x000046e4        0x4 build/f7-firmware-D/.extapps/hid_ble/hid_icons.o
                0x000046e4                _I_Cmd_17x10
 .rodata._I_Cmd_17x10_0
                0x000046e8       0x1a build/f7-firmware-D/.extapps/hid_ble/hid_icons.o
                0x000046e8                _I_Cmd_17x10_0
 *fill*         0x00004702        0x2 
 .rodata._I_Button_18x18
                0x00004704        0x4 build/f7-firmware-D/.extapps/hid_ble/hid_icons.o
                0x00004704                _I_Button_18x18
 .rodata._I_Button_18x18_0
                0x00004708       0x1d build/f7-firmware-D/.extapps/hid_ble/hid_icons.o
                0x00004708                _I_Button_18x18_0
 *fill*         0x00004725        0x3 
 .rodata._I_ButtonUp_7x4
                0x00004728        0x4 build/f7-firmware-D/.extapps/hid_ble/hid_icons.o
                0x00004728                _I_ButtonUp_7x4
 .rodata._I_ButtonUp_7x4_0
                0x0000472c        0x5 build/f7-firmware-D/.extapps/hid_ble/hid_icons.o
                0x0000472c                _I_ButtonUp_7x4_0
 *fill*         0x00004731        0x3 
 .rodata._I_ButtonRight_4x7
                0x00004734        0x4 build/f7-firmware-D/.extapps/hid_ble/hid_icons.o
                0x00004734                _I_ButtonRight_4x7
 .rodata._I_ButtonRight_4x7_0
                0x00004738        0x8 build/f7-firmware-D/.extapps/hid_ble/hid_icons.o
                0x00004738                _I_ButtonRight_4x7_0
 .rodata._I_ButtonLeft_4x7
                0x00004740        0x4 build/f7-firmware-D/.extapps/hid_ble/hid_icons.o
                0x00004740                _I_ButtonLeft_4x7
 .rodata._I_ButtonLeft_4x7_0
                0x00004744        0x8 build/f7-firmware-D/.extapps/hid_ble/hid_icons.o
                0x00004744                _I_ButtonLeft_4x7_0
 .rodata._I_ButtonF9_5x8
                0x0000474c        0x4 build/f7-firmware-D/.extapps/hid_ble/hid_icons.o
                0x0000474c                _I_ButtonF9_5x8
 .rodata._I_ButtonF9_5x8_0
                0x00004750        0x9 build/f7-firmware-D/.extapps/hid_ble/hid_icons.o
                0x00004750                _I_ButtonF9_5x8_0
 *fill*         0x00004759        0x3 
 .rodata._I_ButtonF8_5x8
                0x0000475c        0x4 build/f7-firmware-D/.extapps/hid_ble/hid_icons.o
                0x0000475c                _I_ButtonF8_5x8
 .rodata._I_ButtonF8_5x8_0
                0x00004760        0x9 build/f7-firmware-D/.extapps/hid_ble/hid_icons.o
                0x00004760                _I_ButtonF8_5x8_0
 *fill*         0x00004769        0x3 
 .rodata._I_ButtonF7_5x8
                0x0000476c        0x4 build/f7-firmware-D/.extapps/hid_ble/hid_icons.o
                0x0000476c                _I_ButtonF7_5x8
 .rodata._I_ButtonF7_5x8_0
                0x00004770        0x9 build/f7-firmware-D/.extapps/hid_ble/hid_icons.o
                0x00004770                _I_ButtonF7_5x8_0
 *fill*         0x00004779        0x3 
 .rodata._I_ButtonF6_5x8
                0x0000477c        0x4 build/f7-firmware-D/.extapps/hid_ble/hid_icons.o
                0x0000477c                _I_ButtonF6_5x8
 .rodata._I_ButtonF6_5x8_0
                0x00004780        0x9 build/f7-firmware-D/.extapps/hid_ble/hid_icons.o
                0x00004780                _I_ButtonF6_5x8_0
 *fill*         0x00004789        0x3 
 .rodata._I_ButtonF5_5x8
                0x0000478c        0x4 build/f7-firmware-D/.extapps/hid_ble/hid_icons.o
                0x0000478c                _I_ButtonF5_5x8
 .rodata._I_ButtonF5_5x8_0
                0x00004790        0x9 build/f7-firmware-D/.extapps/hid_ble/hid_icons.o
                0x00004790                _I_ButtonF5_5x8_0
 *fill*         0x00004799        0x3 
 .rodata._I_ButtonF4_5x8
                0x0000479c        0x4 build/f7-firmware-D/.extapps/hid_ble/hid_icons.o
                0x0000479c                _I_ButtonF4_5x8
 .rodata._I_ButtonF4_5x8_0
                0x000047a0        0x9 build/f7-firmware-D/.extapps/hid_ble/hid_icons.o
                0x000047a0                _I_ButtonF4_5x8_0
 *fill*         0x000047a9        0x3 
 .rodata._I_ButtonF3_5x8
                0x000047ac        0x4 build/f7-firmware-D/.extapps/hid_ble/hid_icons.o
                0x000047ac                _I_ButtonF3_5x8
 .rodata._I_ButtonF3_5x8_0
                0x000047b0        0x9 build/f7-firmware-D/.extapps/hid_ble/hid_icons.o
                0x000047b0                _I_ButtonF3_5x8_0
 *fill*         0x000047b9        0x3 
 .rodata._I_ButtonF2_5x8
                0x000047bc        0x4 build/f7-firmware-D/.extapps/hid_ble/hid_icons.o
                0x000047bc                _I_ButtonF2_5x8
 .rodata._I_ButtonF2_5x8_0
                0x000047c0        0x9 build/f7-firmware-D/.extapps/hid_ble/hid_icons.o
                0x000047c0                _I_ButtonF2_5x8_0
 *fill*         0x000047c9        0x3 
 .rodata._I_ButtonF1_5x8
                0x000047cc        0x4 build/f7-firmware-D/.extapps/hid_ble/hid_icons.o
                0x000047cc                _I_ButtonF1_5x8
 .rodata._I_ButtonF1_5x8_0
                0x000047d0        0x9 build/f7-firmware-D/.extapps/hid_ble/hid_icons.o
                0x000047d0                _I_ButtonF1_5x8_0
 *fill*         0x000047d9        0x3 
 .rodata._I_ButtonF12_5x8
                0x000047dc        0x4 build/f7-firmware-D/.extapps/hid_ble/hid_icons.o
                0x000047dc                _I_ButtonF12_5x8
 .rodata._I_ButtonF12_5x8_0
                0x000047e0        0x9 build/f7-firmware-D/.extapps/hid_ble/hid_icons.o
                0x000047e0                _I_ButtonF12_5x8_0
 *fill*         0x000047e9        0x3 
 .rodata._I_ButtonF11_5x8
                0x000047ec        0x4 build/f7-firmware-D/.extapps/hid_ble/hid_icons.o
                0x000047ec                _I_ButtonF11_5x8
 .rodata._I_ButtonF11_5x8_0
                0x000047f0        0x9 build/f7-firmware-D/.extapps/hid_ble/hid_icons.o
                0x000047f0                _I_ButtonF11_5x8_0
 *fill*         0x000047f9        0x3 
 .rodata._I_ButtonF10_5x8
                0x000047fc        0x4 build/f7-firmware-D/.extapps/hid_ble/hid_icons.o
                0x000047fc                _I_ButtonF10_5x8
 .rodata._I_ButtonF10_5x8_0
                0x00004800        0x9 build/f7-firmware-D/.extapps/hid_ble/hid_icons.o
                0x00004800                _I_ButtonF10_5x8_0
 *fill*         0x00004809        0x3 
 .rodata._I_ButtonDown_7x4
                0x0000480c        0x4 build/f7-firmware-D/.extapps/hid_ble/hid_icons.o
                0x0000480c                _I_ButtonDown_7x4
 .rodata._I_ButtonDown_7x4_0
                0x00004810        0x5 build/f7-firmware-D/.extapps/hid_ble/hid_icons.o
                0x00004810                _I_ButtonDown_7x4_0
 *fill*         0x00004815        0x3 
 .rodata._I_Ble_disconnected_15x15
                0x00004818        0x4 build/f7-firmware-D/.extapps/hid_ble/hid_icons.o
                0x00004818                _I_Ble_disconnected_15x15
 .rodata._I_Ble_disconnected_15x15_0
                0x0000481c       0x1f build/f7-firmware-D/.extapps/hid_ble/hid_icons.o
                0x0000481c                _I_Ble_disconnected_15x15_0
 *fill*         0x0000483b        0x1 
 .rodata._I_Ble_connected_15x15
                0x0000483c        0x4 build/f7-firmware-D/.extapps/hid_ble/hid_icons.o
                0x0000483c                _I_Ble_connected_15x15
 .rodata._I_Ble_connected_15x15_0
                0x00004840       0x1f build/f7-firmware-D/.extapps/hid_ble/hid_icons.o
                0x00004840                _I_Ble_connected_15x15_0
 *fill*         0x0000485f        0x1 
 .rodata._I_Arr_up_7x9
                0x00004860        0x4 build/f7-firmware-D/.extapps/hid_ble/hid_icons.o
                0x00004860                _I_Arr_up_7x9
 .rodata._I_Arr_up_7x9_0
                0x00004864        0xa build/f7-firmware-D/.extapps/hid_ble/hid_icons.o
                0x00004864                _I_Arr_up_7x9_0
 *fill*         0x0000486e        0x2 
 .rodata._I_Arr_dwn_7x9
                0x00004870        0x4 build/f7-firmware-D/.extapps/hid_ble/hid_icons.o
                0x00004870                _I_Arr_dwn_7x9
 .rodata._I_Arr_dwn_7x9_0
                0x00004874        0xa build/f7-firmware-D/.extapps/hid_ble/hid_icons.o
                0x00004874                _I_Arr_dwn_7x9_0
 *fill*         0x0000487e        0x2 
 .rodata._I_Alt_active_17x9
                0x00004880        0x4 build/f7-firmware-D/.extapps/hid_ble/hid_icons.o
                0x00004880                _I_Alt_active_17x9
 .rodata._I_Alt_active_17x9_0
                0x00004884       0x18 build/f7-firmware-D/.extapps/hid_ble/hid_icons.o
                0x00004884                _I_Alt_active_17x9_0
 .rodata._I_Alt_17x10
                0x0000489c        0x4 build/f7-firmware-D/.extapps/hid_ble/hid_icons.o
                0x0000489c                _I_Alt_17x10
 .rodata._I_Alt_17x10_0
                0x000048a0       0x16 build/f7-firmware-D/.extapps/hid_ble/hid_icons.o
                0x000048a0                _I_Alt_17x10_0
 .rodata.ble_profile_hid_get_config.str1.1
                0x000048b6       0x10 build/f7-firmware-D/lib/libble_profile.a(hid_profile.o)
 *fill*         0x000048c6        0x2 
 .rodata.profile_callbacks
                0x000048c8        0xc build/f7-firmware-D/lib/libble_profile.a(hid_profile.o)
 .rodata.ble_profile_hid_report_map_data
                0x000048d4       0x8a build/f7-firmware-D/lib/libble_profile.a(hid_profile.o)
 .rodata.str1.1
                0x0000495e       0x42 build/f7-firmware-D/lib/libble_profile.a(hid_service.o)
 .rodata.ble_svc_hid_report_template
                0x000049a0       0x24 build/f7-firmware-D/lib/libble_profile.a(hid_service.o)
 .rodata.ble_svc_hid_char_descr_template
                0x000049c4       0x20 build/f7-firmware-D/lib/libble_profile.a(hid_service.o)
 .rodata.ble_svc_hid_chars
                0x000049e4       0x90 build/f7-firmware-D/lib/libble_profile.a(hid_service.o)
 .rodata.ble_svc_hid_uuid
                0x00004a74       0x10 build/f7-firmware-D/lib/libble_profile.a(hid_service.o)

.data           0x00004a84       0x54
 *(.data)
 *(.data1)
 *(.data.*)
 .data.ble_profile_hid
                0x00004a84        0x4 build/f7-firmware-D/lib/libble_profile.a(hid_profile.o)
                0x00004a84                ble_profile_hid
 .data.template_config
                0x00004a88       0x50 build/f7-firmware-D/lib/libble_profile.a(hid_profile.o)

.bss
 *(.bss)
 *(.bss*)
 *(.sbss)
 *(.sbss*)
 *(COMMON)

.stab
 *(.stab)

.stabstr
 *(.stabstr)

.stab.excl
 *(.stab.excl)

.stab.exclstr
 *(.stab.exclstr)

.stab.index
 *(.stab.index)

.stab.indexstr
 *(.stab.indexstr)

.gnu.build.attributes
 *(.gnu.build.attributes .gnu.build.attributes.*)

.debug
 *(.debug)

.line
 *(.line)

.debug_srcinfo
 *(.debug_srcinfo)

.debug_sfnames
 *(.debug_sfnames)

.debug_aranges  0x00000000      0x530
 *(.debug_aranges)
 .debug_aranges
                0x00000000       0x18 build/f7-firmware-D/.extapps/hid_ble/scenes/hid_scene.o
 .debug_aranges
                0x00000018       0x30 build/f7-firmware-D/.extapps/hid_ble/scenes/hid_scene_main.o
 .debug_aranges
                0x00000048       0x38 build/f7-firmware-D/.extapps/hid_ble/scenes/hid_scene_start.o
 .debug_aranges
                0x00000080       0x40 build/f7-firmware-D/.extapps/hid_ble/scenes/hid_scene_unpair.o
 .debug_aranges
                0x000000c0       0x70 build/f7-firmware-D/.extapps/hid_ble/views/hid_keyboard.o
 .debug_aranges
                0x00000130       0x68 build/f7-firmware-D/.extapps/hid_ble/views/hid_keynote.o
 .debug_aranges
                0x00000198       0x60 build/f7-firmware-D/.extapps/hid_ble/views/hid_media.o
 .debug_aranges
                0x000001f8       0x50 build/f7-firmware-D/.extapps/hid_ble/views/hid_mouse.o
 .debug_aranges
                0x00000248       0x68 build/f7-firmware-D/.extapps/hid_ble/views/hid_mouse_clicker.o
 .debug_aranges
                0x000002b0       0x60 build/f7-firmware-D/.extapps/hid_ble/views/hid_mouse_jiggler.o
 .debug_aranges
                0x00000310       0x60 build/f7-firmware-D/.extapps/hid_ble/views/hid_tiktok.o
 .debug_aranges
                0x00000370       0x58 build/f7-firmware-D/.extapps/hid_ble/hid.o
 .debug_aranges
                0x000003c8       0x70 build/f7-firmware-D/.extapps/hid_ble/transport_ble.o
 .debug_aranges
                0x00000438       0x18 build/f7-firmware-D/.extapps/hid_ble/hid_icons.o
 .debug_aranges
                0x00000450       0x88 build/f7-firmware-D/lib/libble_profile.a(hid_profile.o)
 .debug_aranges
                0x000004d8       0x58 build/f7-firmware-D/lib/libble_profile.a(hid_service.o)

.debug_pubnames
 *(.debug_pubnames)

.debug_info     0x00000000    0x12d5d
 *(.debug_info .gnu.linkonce.wi.*)
 .debug_info    0x00000000      0x2e5 build/f7-firmware-D/.extapps/hid_ble/scenes/hid_scene.o
 .debug_info    0x000002e5      0x82b build/f7-firmware-D/.extapps/hid_ble/scenes/hid_scene_main.o
 .debug_info    0x00000b10      0xc76 build/f7-firmware-D/.extapps/hid_ble/scenes/hid_scene_start.o
 .debug_info    0x00001786      0xc68 build/f7-firmware-D/.extapps/hid_ble/scenes/hid_scene_unpair.o
 .debug_info    0x000023ee     0x19ea build/f7-firmware-D/.extapps/hid_ble/views/hid_keyboard.o
 .debug_info    0x00003dd8     0x1ddc build/f7-firmware-D/.extapps/hid_ble/views/hid_keynote.o
 .debug_info    0x00005bb4     0x16b4 build/f7-firmware-D/.extapps/hid_ble/views/hid_media.o
 .debug_info    0x00007268     0x1562 build/f7-firmware-D/.extapps/hid_ble/views/hid_mouse.o
 .debug_info    0x000087ca     0x1691 build/f7-firmware-D/.extapps/hid_ble/views/hid_mouse_clicker.o
 .debug_info    0x00009e5b     0x1396 build/f7-firmware-D/.extapps/hid_ble/views/hid_mouse_jiggler.o
 .debug_info    0x0000b1f1     0x1701 build/f7-firmware-D/.extapps/hid_ble/views/hid_tiktok.o
 .debug_info    0x0000c8f2     0x2420 build/f7-firmware-D/.extapps/hid_ble/hid.o
 .debug_info    0x0000ed12      0xbf2 build/f7-firmware-D/.extapps/hid_ble/transport_ble.o
 .debug_info    0x0000f904     0x123d build/f7-firmware-D/.extapps/hid_ble/hid_icons.o
 .debug_info    0x00010b41     0x1469 build/f7-firmware-D/lib/libble_profile.a(hid_profile.o)
 .debug_info    0x00011faa      0xdb3 build/f7-firmware-D/lib/libble_profile.a(hid_service.o)

.debug_abbrev   0x00000000     0x2d76
 *(.debug_abbrev)
 .debug_abbrev  0x00000000      0x137 build/f7-firmware-D/.extapps/hid_ble/scenes/hid_scene.o
 .debug_abbrev  0x00000137      0x20c build/f7-firmware-D/.extapps/hid_ble/scenes/hid_scene_main.o
 .debug_abbrev  0x00000343      0x26e build/f7-firmware-D/.extapps/hid_ble/scenes/hid_scene_start.o
 .debug_abbrev  0x000005b1      0x227 build/f7-firmware-D/.extapps/hid_ble/scenes/hid_scene_unpair.o
 .debug_abbrev  0x000007d8      0x3f2 build/f7-firmware-D/.extapps/hid_ble/views/hid_keyboard.o
 .debug_abbrev  0x00000bca      0x36e build/f7-firmware-D/.extapps/hid_ble/views/hid_keynote.o
 .debug_abbrev  0x00000f38      0x306 build/f7-firmware-D/.extapps/hid_ble/views/hid_media.o
 .debug_abbrev  0x0000123e      0x31a build/f7-firmware-D/.extapps/hid_ble/views/hid_mouse.o
 .debug_abbrev  0x00001558      0x3ce build/f7-firmware-D/.extapps/hid_ble/views/hid_mouse_clicker.o
 .debug_abbrev  0x00001926      0x313 build/f7-firmware-D/.extapps/hid_ble/views/hid_mouse_jiggler.o
 .debug_abbrev  0x00001c39      0x319 build/f7-firmware-D/.extapps/hid_ble/views/hid_tiktok.o
 .debug_abbrev  0x00001f52      0x354 build/f7-firmware-D/.extapps/hid_ble/hid.o
 .debug_abbrev  0x000022a6      0x1ee build/f7-firmware-D/.extapps/hid_ble/transport_ble.o
 .debug_abbrev  0x00002494       0xcf build/f7-firmware-D/.extapps/hid_ble/hid_icons.o
 .debug_abbrev  0x00002563      0x3b5 build/f7-firmware-D/lib/libble_profile.a(hid_profile.o)
 .debug_abbrev  0x00002918      0x45e build/f7-firmware-D/lib/libble_profile.a(hid_service.o)

.debug_line     0x00000000     0x7da1
 *(.debug_line .debug_line.* .debug_line_end)
 .debug_line    0x00000000      0x16a build/f7-firmware-D/.extapps/hid_ble/scenes/hid_scene.o
 .debug_line_end
                0x0000016a        0x0 build/f7-firmware-D/.extapps/hid_ble/scenes/hid_scene.o
 .debug_line    0x0000016a      0x3a8 build/f7-firmware-D/.extapps/hid_ble/scenes/hid_scene_main.o
 .debug_line.text.hid_scene_main_on_enter
                0x00000512       0x1b build/f7-firmware-D/.extapps/hid_ble/scenes/hid_scene_main.o
 .debug_line.text.hid_scene_main_on_event
                0x0000052d       0x20 build/f7-firmware-D/.extapps/hid_ble/scenes/hid_scene_main.o
 .debug_line.text.hid_scene_main_on_exit
                0x0000054d       0x19 build/f7-firmware-D/.extapps/hid_ble/scenes/hid_scene_main.o
 .debug_line_end
                0x00000566        0x0 build/f7-firmware-D/.extapps/hid_ble/scenes/hid_scene_main.o
 .debug_line    0x00000566      0x3c9 build/f7-firmware-D/.extapps/hid_ble/scenes/hid_scene_start.o
 .debug_line.text.hid_scene_start_submenu_callback
                0x0000092f       0x56 build/f7-firmware-D/.extapps/hid_ble/scenes/hid_scene_start.o
 .debug_line.text.hid_scene_start_on_enter
                0x00000985       0x2a build/f7-firmware-D/.extapps/hid_ble/scenes/hid_scene_start.o
 .debug_line.text.hid_scene_start_on_event
                0x000009af       0xb0 build/f7-firmware-D/.extapps/hid_ble/scenes/hid_scene_start.o
 .debug_line.text.hid_scene_start_on_exit
                0x00000a5f       0x1e build/f7-firmware-D/.extapps/hid_ble/scenes/hid_scene_start.o
 .debug_line_end
                0x00000a7d        0x0 build/f7-firmware-D/.extapps/hid_ble/scenes/hid_scene_start.o
 .debug_line    0x00000a7d      0x3c3 build/f7-firmware-D/.extapps/hid_ble/scenes/hid_scene_unpair.o
 .debug_line.text.hid_scene_unpair_popup_callback
                0x00000e40       0x1d build/f7-firmware-D/.extapps/hid_ble/scenes/hid_scene_unpair.o
 .debug_line.text.hid_scene_unpair_dialog_callback
                0x00000e5d       0x35 build/f7-firmware-D/.extapps/hid_ble/scenes/hid_scene_unpair.o
 .debug_line.text.hid_scene_unpair_on_enter
                0x00000e92       0x2c build/f7-firmware-D/.extapps/hid_ble/scenes/hid_scene_unpair.o
 .debug_line.text.hid_scene_unpair_on_event
                0x00000ebe       0x20 build/f7-firmware-D/.extapps/hid_ble/scenes/hid_scene_unpair.o
 .debug_line.text.hid_scene_unpair_on_exit
                0x00000ede       0x21 build/f7-firmware-D/.extapps/hid_ble/scenes/hid_scene_unpair.o
 .debug_line_end
                0x00000eff        0x0 build/f7-firmware-D/.extapps/hid_ble/scenes/hid_scene_unpair.o
 .debug_line    0x00000eff      0x50e build/f7-firmware-D/.extapps/hid_ble/views/hid_keyboard.o
 .debug_line.text.hid_keyboard_get_selected_key
                0x0000140d       0x2b build/f7-firmware-D/.extapps/hid_ble/views/hid_keyboard.o
 .debug_line.text.hid_keyboard_get_select_key
                0x00001438       0xb3 build/f7-firmware-D/.extapps/hid_ble/views/hid_keyboard.o
 .debug_line.text.hid_keyboard_modifier_set
                0x000014eb       0x2c build/f7-firmware-D/.extapps/hid_ble/views/hid_keyboard.o
 .debug_line.text.hid_keyboard_process
                0x00001517      0x11a build/f7-firmware-D/.extapps/hid_ble/views/hid_keyboard.o
 .debug_line.text.hid_keyboard_input_callback
                0x00001631       0x93 build/f7-firmware-D/.extapps/hid_ble/views/hid_keyboard.o
 .debug_line.text.hid_keyboard_draw_key
                0x000016c4      0x1fb build/f7-firmware-D/.extapps/hid_ble/views/hid_keyboard.o
 .debug_line.text.hid_keyboard_draw_callback
                0x000018bf      0x1b1 build/f7-firmware-D/.extapps/hid_ble/views/hid_keyboard.o
 .debug_line.text.hid_keyboard_alloc
                0x00001a70       0x49 build/f7-firmware-D/.extapps/hid_ble/views/hid_keyboard.o
 .debug_line.text.hid_keyboard_free
                0x00001ab9       0x59 build/f7-firmware-D/.extapps/hid_ble/views/hid_keyboard.o
 .debug_line.text.hid_keyboard_get_view
                0x00001b12       0x52 build/f7-firmware-D/.extapps/hid_ble/views/hid_keyboard.o
 .debug_line.text.hid_keyboard_set_connected_status
                0x00001b64       0x71 build/f7-firmware-D/.extapps/hid_ble/views/hid_keyboard.o
 .debug_line_end
                0x00001bd5        0x0 build/f7-firmware-D/.extapps/hid_ble/views/hid_keyboard.o
 .debug_line    0x00001bd5      0x501 build/f7-firmware-D/.extapps/hid_ble/views/hid_keynote.o
 .debug_line.text.hid_keynote_process
                0x000020d6      0x126 build/f7-firmware-D/.extapps/hid_ble/views/hid_keynote.o
 .debug_line.text.hid_keynote_input_callback
                0x000021fc       0x7e build/f7-firmware-D/.extapps/hid_ble/views/hid_keynote.o
 .debug_line.text.hid_keynote_draw_arrow
                0x0000227a       0x57 build/f7-firmware-D/.extapps/hid_ble/views/hid_keynote.o
 .debug_line.text.hid_keynote_draw_callback
                0x000022d1       0xde build/f7-firmware-D/.extapps/hid_ble/views/hid_keynote.o
 .debug_line.text.hid_keynote_draw_vertical_callback
                0x000023af       0xe4 build/f7-firmware-D/.extapps/hid_ble/views/hid_keynote.o
 .debug_line.text.hid_keynote_alloc
                0x00002493       0x3d build/f7-firmware-D/.extapps/hid_ble/views/hid_keynote.o
 .debug_line.text.hid_keynote_free
                0x000024d0       0x59 build/f7-firmware-D/.extapps/hid_ble/views/hid_keynote.o
 .debug_line.text.hid_keynote_get_view
                0x00002529       0x52 build/f7-firmware-D/.extapps/hid_ble/views/hid_keynote.o
 .debug_line.text.hid_keynote_set_connected_status
                0x0000257b       0x71 build/f7-firmware-D/.extapps/hid_ble/views/hid_keynote.o
 .debug_line.text.hid_keynote_set_orientation
                0x000025ec       0x69 build/f7-firmware-D/.extapps/hid_ble/views/hid_keynote.o
 .debug_line_end
                0x00002655        0x0 build/f7-firmware-D/.extapps/hid_ble/views/hid_keynote.o
 .debug_line    0x00002655      0x4ff build/f7-firmware-D/.extapps/hid_ble/views/hid_media.o
 .debug_line.text.hid_media_process_press
                0x00002b54       0x91 build/f7-firmware-D/.extapps/hid_ble/views/hid_media.o
 .debug_line.text.hid_media_process_release
                0x00002be5       0x91 build/f7-firmware-D/.extapps/hid_ble/views/hid_media.o
 .debug_line.text.hid_media_input_callback
                0x00002c76       0xc3 build/f7-firmware-D/.extapps/hid_ble/views/hid_media.o
 .debug_line.text.hid_media_draw_arrow
                0x00002d39       0x47 build/f7-firmware-D/.extapps/hid_ble/views/hid_media.o
 .debug_line.text.hid_media_draw_callback
                0x00002d80       0xd4 build/f7-firmware-D/.extapps/hid_ble/views/hid_media.o
 .debug_line.text.hid_media_alloc
                0x00002e54       0x3d build/f7-firmware-D/.extapps/hid_ble/views/hid_media.o
 .debug_line.text.hid_media_free
                0x00002e91       0x59 build/f7-firmware-D/.extapps/hid_ble/views/hid_media.o
 .debug_line.text.hid_media_get_view
                0x00002eea       0x52 build/f7-firmware-D/.extapps/hid_ble/views/hid_media.o
 .debug_line.text.hid_media_set_connected_status
                0x00002f3c       0x71 build/f7-firmware-D/.extapps/hid_ble/views/hid_media.o
 .debug_line_end
                0x00002fad        0x0 build/f7-firmware-D/.extapps/hid_ble/views/hid_media.o
 .debug_line    0x00002fad      0x4ff build/f7-firmware-D/.extapps/hid_ble/views/hid_mouse.o
 .debug_line.text.hid_mouse_process
                0x000034ac      0x181 build/f7-firmware-D/.extapps/hid_ble/views/hid_mouse.o
 .debug_line.text.hid_mouse_input_callback
                0x0000362d       0x8f build/f7-firmware-D/.extapps/hid_ble/views/hid_mouse.o
 .debug_line.text.hid_mouse_draw_callback
                0x000036bc       0xef build/f7-firmware-D/.extapps/hid_ble/views/hid_mouse.o
 .debug_line.text.hid_mouse_alloc
                0x000037ab       0x3d build/f7-firmware-D/.extapps/hid_ble/views/hid_mouse.o
 .debug_line.text.hid_mouse_free
                0x000037e8       0x59 build/f7-firmware-D/.extapps/hid_ble/views/hid_mouse.o
 .debug_line.text.hid_mouse_get_view
                0x00003841       0x52 build/f7-firmware-D/.extapps/hid_ble/views/hid_mouse.o
 .debug_line.text.hid_mouse_set_connected_status
                0x00003893       0x71 build/f7-firmware-D/.extapps/hid_ble/views/hid_mouse.o
 .debug_line_end
                0x00003904        0x0 build/f7-firmware-D/.extapps/hid_ble/views/hid_mouse.o
 .debug_line    0x00003904      0x533 build/f7-firmware-D/.extapps/hid_ble/views/hid_mouse_clicker.o
 .debug_line.text.hid_mouse_clicker_timer_callback
                0x00003e37       0x85 build/f7-firmware-D/.extapps/hid_ble/views/hid_mouse_clicker.o
 .debug_line.text.hid_mouse_clicker_exit_callback
                0x00003ebc       0x57 build/f7-firmware-D/.extapps/hid_ble/views/hid_mouse_clicker.o
 .debug_line.text.hid_mouse_clicker_start_or_restart_timer
                0x00003f13       0x8b build/f7-firmware-D/.extapps/hid_ble/views/hid_mouse_clicker.o
 .debug_line.text.hid_mouse_clicker_enter_callback
                0x00003f9e       0x1c build/f7-firmware-D/.extapps/hid_ble/views/hid_mouse_clicker.o
 .debug_line.text.hid_mouse_clicker_input_callback
                0x00003fba      0x1d1 build/f7-firmware-D/.extapps/hid_ble/views/hid_mouse_clicker.o
 .debug_line.text.hid_mouse_clicker_draw_callback
                0x0000418b       0xdc build/f7-firmware-D/.extapps/hid_ble/views/hid_mouse_clicker.o
 .debug_line.text.hid_mouse_clicker_alloc
                0x00004267       0x57 build/f7-firmware-D/.extapps/hid_ble/views/hid_mouse_clicker.o
 .debug_line.text.hid_mouse_clicker_free
                0x000042be       0x65 build/f7-firmware-D/.extapps/hid_ble/views/hid_mouse_clicker.o
 .debug_line.text.hid_mouse_clicker_get_view
                0x00004323       0x52 build/f7-firmware-D/.extapps/hid_ble/views/hid_mouse_clicker.o
 .debug_line.text.hid_mouse_clicker_set_connected_status
                0x00004375       0x73 build/f7-firmware-D/.extapps/hid_ble/views/hid_mouse_clicker.o
 .debug_line_end
                0x000043e8        0x0 build/f7-firmware-D/.extapps/hid_ble/views/hid_mouse_clicker.o
 .debug_line    0x000043e8      0x51c build/f7-firmware-D/.extapps/hid_ble/views/hid_mouse_jiggler.o
 .debug_line.text.hid_mouse_jiggler_timer_callback
                0x00004904       0x8a build/f7-firmware-D/.extapps/hid_ble/views/hid_mouse_jiggler.o
 .debug_line.text.hid_mouse_jiggler_input_callback
                0x0000498e       0xb0 build/f7-firmware-D/.extapps/hid_ble/views/hid_mouse_jiggler.o
 .debug_line.text.hid_mouse_jiggler_exit_callback
                0x00004a3e       0x57 build/f7-firmware-D/.extapps/hid_ble/views/hid_mouse_jiggler.o
 .debug_line.text.hid_mouse_jiggler_enter_callback
                0x00004a95       0x57 build/f7-firmware-D/.extapps/hid_ble/views/hid_mouse_jiggler.o
 .debug_line.text.hid_mouse_jiggler_draw_callback
                0x00004aec       0x9b build/f7-firmware-D/.extapps/hid_ble/views/hid_mouse_jiggler.o
 .debug_line.text.hid_mouse_jiggler_alloc
                0x00004b87       0x4a build/f7-firmware-D/.extapps/hid_ble/views/hid_mouse_jiggler.o
 .debug_line.text.hid_mouse_jiggler_free
                0x00004bd1       0x65 build/f7-firmware-D/.extapps/hid_ble/views/hid_mouse_jiggler.o
 .debug_line.text.hid_mouse_jiggler_get_view
                0x00004c36       0x52 build/f7-firmware-D/.extapps/hid_ble/views/hid_mouse_jiggler.o
 .debug_line.text.hid_mouse_jiggler_set_connected_status
                0x00004c88       0x73 build/f7-firmware-D/.extapps/hid_ble/views/hid_mouse_jiggler.o
 .debug_line_end
                0x00004cfb        0x0 build/f7-firmware-D/.extapps/hid_ble/views/hid_mouse_jiggler.o
 .debug_line    0x00004cfb      0x50c build/f7-firmware-D/.extapps/hid_ble/views/hid_tiktok.o
 .debug_line.text.hid_tiktok_process_press
                0x00005207       0x5e build/f7-firmware-D/.extapps/hid_ble/views/hid_tiktok.o
 .debug_line.text.hid_tiktok_reset_cursor
                0x00005265       0x4b build/f7-firmware-D/.extapps/hid_ble/views/hid_tiktok.o
 .debug_line.text.hid_tiktok_process_release
                0x000052b0       0x5e build/f7-firmware-D/.extapps/hid_ble/views/hid_tiktok.o
 .debug_line.text.hid_tiktok_input_callback
                0x0000530e      0x1f0 build/f7-firmware-D/.extapps/hid_ble/views/hid_tiktok.o
 .debug_line.text.hid_tiktok_draw_callback
                0x000054fe       0xd6 build/f7-firmware-D/.extapps/hid_ble/views/hid_tiktok.o
 .debug_line.text.hid_tiktok_alloc
                0x000055d4       0x3d build/f7-firmware-D/.extapps/hid_ble/views/hid_tiktok.o
 .debug_line.text.hid_tiktok_free
                0x00005611       0x59 build/f7-firmware-D/.extapps/hid_ble/views/hid_tiktok.o
 .debug_line.text.hid_tiktok_get_view
                0x0000566a       0x52 build/f7-firmware-D/.extapps/hid_ble/views/hid_tiktok.o
 .debug_line.text.hid_tiktok_set_connected_status
                0x000056bc       0x78 build/f7-firmware-D/.extapps/hid_ble/views/hid_tiktok.o
 .debug_line_end
                0x00005734        0x0 build/f7-firmware-D/.extapps/hid_ble/views/hid_tiktok.o
 .debug_line    0x00005734      0x5ed build/f7-firmware-D/.extapps/hid_ble/hid.o
 .debug_line.text.hid_custom_event_callback
                0x00005d21       0x5d build/f7-firmware-D/.extapps/hid_ble/hid.o
 .debug_line.text.hid_back_event_callback
                0x00005d7e       0x5d build/f7-firmware-D/.extapps/hid_ble/hid.o
 .debug_line.text.bt_hid_connection_status_changed_callback
                0x00005ddb       0x95 build/f7-firmware-D/.extapps/hid_ble/hid.o
 .debug_line.text.bt_hid_remove_pairing
                0x00005e70       0x2b build/f7-firmware-D/.extapps/hid_ble/hid.o
 .debug_line.text.hid_alloc
                0x00005e9b       0xd5 build/f7-firmware-D/.extapps/hid_ble/hid.o
 .debug_line.text.hid_free
                0x00005f70      0x108 build/f7-firmware-D/.extapps/hid_ble/hid.o
 .debug_line.text.hid_ble_app
                0x00006078       0xcb build/f7-firmware-D/.extapps/hid_ble/hid.o
 .debug_line_end
                0x00006143        0x0 build/f7-firmware-D/.extapps/hid_ble/hid.o
 .debug_line    0x00006143      0x379 build/f7-firmware-D/.extapps/hid_ble/transport_ble.o
 .debug_line.text.hid_hal_keyboard_press
                0x000064bc       0x4f build/f7-firmware-D/.extapps/hid_ble/transport_ble.o
 .debug_line.text.hid_hal_keyboard_release
                0x0000650b       0x51 build/f7-firmware-D/.extapps/hid_ble/transport_ble.o
 .debug_line.text.hid_hal_keyboard_release_all
                0x0000655c       0x51 build/f7-firmware-D/.extapps/hid_ble/transport_ble.o
 .debug_line.text.hid_hal_consumer_key_press
                0x000065ad       0x51 build/f7-firmware-D/.extapps/hid_ble/transport_ble.o
 .debug_line.text.hid_hal_consumer_key_release
                0x000065fe       0x51 build/f7-firmware-D/.extapps/hid_ble/transport_ble.o
 .debug_line.text.hid_hal_consumer_key_release_all
                0x0000664f       0x51 build/f7-firmware-D/.extapps/hid_ble/transport_ble.o
 .debug_line.text.hid_hal_mouse_move
                0x000066a0       0x51 build/f7-firmware-D/.extapps/hid_ble/transport_ble.o
 .debug_line.text.hid_hal_mouse_scroll
                0x000066f1       0x51 build/f7-firmware-D/.extapps/hid_ble/transport_ble.o
 .debug_line.text.hid_hal_mouse_press
                0x00006742       0x56 build/f7-firmware-D/.extapps/hid_ble/transport_ble.o
 .debug_line.text.hid_hal_mouse_release
                0x00006798       0x56 build/f7-firmware-D/.extapps/hid_ble/transport_ble.o
 .debug_line.text.hid_hal_mouse_release_all
                0x000067ee       0x51 build/f7-firmware-D/.extapps/hid_ble/transport_ble.o
 .debug_line_end
                0x0000683f        0x0 build/f7-firmware-D/.extapps/hid_ble/transport_ble.o
 .debug_line    0x0000683f      0x159 build/f7-firmware-D/.extapps/hid_ble/hid_icons.o
 .debug_line_end
                0x00006998        0x0 build/f7-firmware-D/.extapps/hid_ble/hid_icons.o
 .debug_line    0x00006998      0x333 build/f7-firmware-D/lib/libble_profile.a(hid_profile.o)
 .debug_line.text.ble_profile_hid_get_config
                0x00006ccb       0xee build/f7-firmware-D/lib/libble_profile.a(hid_profile.o)
 .debug_line.text.ble_profile_hid_stop
                0x00006db9       0x9a build/f7-firmware-D/lib/libble_profile.a(hid_profile.o)
 .debug_line.text.ble_profile_hid_start
                0x00006e53       0x84 build/f7-firmware-D/lib/libble_profile.a(hid_profile.o)
 .debug_line.text.ble_profile_hid_kb_press
                0x00006ed7       0xd2 build/f7-firmware-D/lib/libble_profile.a(hid_profile.o)
 .debug_line.text.ble_profile_hid_kb_release
                0x00006fa9       0xdc build/f7-firmware-D/lib/libble_profile.a(hid_profile.o)
 .debug_line.text.ble_profile_hid_kb_release_all
                0x00007085      0x16c build/f7-firmware-D/lib/libble_profile.a(hid_profile.o)
 .debug_line.text.ble_profile_hid_consumer_key_press
                0x000071f1       0xac build/f7-firmware-D/lib/libble_profile.a(hid_profile.o)
 .debug_line.text.ble_profile_hid_consumer_key_release
                0x0000729d       0xe4 build/f7-firmware-D/lib/libble_profile.a(hid_profile.o)
 .debug_line.text.ble_profile_hid_consumer_key_release_all
                0x00007381       0xc6 build/f7-firmware-D/lib/libble_profile.a(hid_profile.o)
 .debug_line.text.ble_profile_hid_mouse_move
                0x00007447       0xe4 build/f7-firmware-D/lib/libble_profile.a(hid_profile.o)
 .debug_line.text.ble_profile_hid_mouse_press
                0x0000752b       0xa8 build/f7-firmware-D/lib/libble_profile.a(hid_profile.o)
 .debug_line.text.ble_profile_hid_mouse_release
                0x000075d3       0xa8 build/f7-firmware-D/lib/libble_profile.a(hid_profile.o)
 .debug_line.text.ble_profile_hid_mouse_release_all
                0x0000767b       0xa3 build/f7-firmware-D/lib/libble_profile.a(hid_profile.o)
 .debug_line.text.ble_profile_hid_mouse_scroll
                0x0000771e       0xbf build/f7-firmware-D/lib/libble_profile.a(hid_profile.o)
 .debug_line_end
                0x000077dd        0x0 build/f7-firmware-D/lib/libble_profile.a(hid_profile.o)
 .debug_line    0x000077dd      0x2a9 build/f7-firmware-D/lib/libble_profile.a(hid_service.o)
 .debug_line.text.ble_svc_hid_char_desc_data_callback
                0x00007a86       0x32 build/f7-firmware-D/lib/libble_profile.a(hid_service.o)
 .debug_line.text.ble_svc_hid_report_data_callback
                0x00007ab8       0x39 build/f7-firmware-D/lib/libble_profile.a(hid_service.o)
 .debug_line.text.ble_svc_hid_event_handler
                0x00007af1       0x4a build/f7-firmware-D/lib/libble_profile.a(hid_service.o)
 .debug_line.text.ble_svc_hid_start
                0x00007b3b      0x11d build/f7-firmware-D/lib/libble_profile.a(hid_service.o)
 .debug_line.text.ble_svc_hid_update_report_map
                0x00007c58       0x37 build/f7-firmware-D/lib/libble_profile.a(hid_service.o)
 .debug_line.text.ble_svc_hid_update_input_report
                0x00007c8f       0x3b build/f7-firmware-D/lib/libble_profile.a(hid_service.o)
 .debug_line.text.ble_svc_hid_update_info
                0x00007cca       0x2b build/f7-firmware-D/lib/libble_profile.a(hid_service.o)
 .debug_line.text.ble_svc_hid_stop
                0x00007cf5       0xac build/f7-firmware-D/lib/libble_profile.a(hid_service.o)
 .debug_line_end
                0x00007da1        0x0 build/f7-firmware-D/lib/libble_profile.a(hid_service.o)

.debug_frame    0x00000000      0xde4
 *(.debug_frame)
 .debug_frame   0x00000000       0x50 build/f7-firmware-D/.extapps/hid_ble/scenes/hid_scene_main.o
 .debug_frame   0x00000050       0x84 build/f7-firmware-D/.extapps/hid_ble/scenes/hid_scene_start.o
 .debug_frame   0x000000d4       0x94 build/f7-firmware-D/.extapps/hid_ble/scenes/hid_scene_unpair.o
 .debug_frame   0x00000168      0x168 build/f7-firmware-D/.extapps/hid_ble/views/hid_keyboard.o
 .debug_frame   0x000002d0      0x144 build/f7-firmware-D/.extapps/hid_ble/views/hid_keynote.o
 .debug_frame   0x00000414      0x118 build/f7-firmware-D/.extapps/hid_ble/views/hid_media.o
 .debug_frame   0x0000052c       0xd8 build/f7-firmware-D/.extapps/hid_ble/views/hid_mouse.o
 .debug_frame   0x00000604      0x124 build/f7-firmware-D/.extapps/hid_ble/views/hid_mouse_clicker.o
 .debug_frame   0x00000728      0x104 build/f7-firmware-D/.extapps/hid_ble/views/hid_mouse_jiggler.o
 .debug_frame   0x0000082c      0x10c build/f7-firmware-D/.extapps/hid_ble/views/hid_tiktok.o
 .debug_frame   0x00000938       0xe4 build/f7-firmware-D/.extapps/hid_ble/hid.o
 .debug_frame   0x00000a1c      0x118 build/f7-firmware-D/.extapps/hid_ble/transport_ble.o
 .debug_frame   0x00000b34      0x1cc build/f7-firmware-D/lib/libble_profile.a(hid_profile.o)
 .debug_frame   0x00000d00       0xe4 build/f7-firmware-D/lib/libble_profile.a(hid_service.o)

.debug_str      0x00000000     0xc40b
 *(.debug_str)
 .debug_str     0x00000000      0x474 build/f7-firmware-D/.extapps/hid_ble/scenes/hid_scene.o
 .debug_str     0x00000474      0x6c3 build/f7-firmware-D/.extapps/hid_ble/scenes/hid_scene_main.o
 .debug_str     0x00000b37      0x96a build/f7-firmware-D/.extapps/hid_ble/scenes/hid_scene_start.o
 .debug_str     0x000014a1      0x9da build/f7-firmware-D/.extapps/hid_ble/scenes/hid_scene_unpair.o
 .debug_str     0x00001e7b     0x1002 build/f7-firmware-D/.extapps/hid_ble/views/hid_keyboard.o
 .debug_str     0x00002e7d      0xcb9 build/f7-firmware-D/.extapps/hid_ble/views/hid_keynote.o
 .debug_str     0x00003b36      0xbc1 build/f7-firmware-D/.extapps/hid_ble/views/hid_media.o
 .debug_str     0x000046f7      0xbdf build/f7-firmware-D/.extapps/hid_ble/views/hid_mouse.o
 .debug_str     0x000052d6      0xd97 build/f7-firmware-D/.extapps/hid_ble/views/hid_mouse_clicker.o
 .debug_str     0x0000606d      0xc6e build/f7-firmware-D/.extapps/hid_ble/views/hid_mouse_jiggler.o
 .debug_str     0x00006cdb      0xc2d build/f7-firmware-D/.extapps/hid_ble/views/hid_tiktok.o
 .debug_str     0x00007908     0x1dc1 build/f7-firmware-D/.extapps/hid_ble/hid.o
 .debug_str     0x000096c9      0x804 build/f7-firmware-D/.extapps/hid_ble/transport_ble.o
 .debug_str     0x00009ecd     0x11af build/f7-firmware-D/.extapps/hid_ble/hid_icons.o
 .debug_str     0x0000b07c      0xa32 build/f7-firmware-D/lib/libble_profile.a(hid_profile.o)
 .debug_str     0x0000baae      0x95d build/f7-firmware-D/lib/libble_profile.a(hid_service.o)

.debug_loc
 *(.debug_loc)

.debug_macinfo
 *(.debug_macinfo)

.debug_weaknames
 *(.debug_weaknames)

.debug_funcnames
 *(.debug_funcnames)

.debug_typenames
 *(.debug_typenames)

.debug_varnames
 *(.debug_varnames)

.debug_pubtypes
 *(.debug_pubtypes)

.debug_ranges
 *(.debug_ranges)

.debug_addr
 *(.debug_addr)

.debug_line_str
 *(.debug_line_str)

.debug_loclists
                0x00000000     0x3578
 *(.debug_loclists)
 .debug_loclists
                0x00000000       0x73 build/f7-firmware-D/.extapps/hid_ble/scenes/hid_scene_main.o
 .debug_loclists
                0x00000073      0x20a build/f7-firmware-D/.extapps/hid_ble/scenes/hid_scene_start.o
 .debug_loclists
                0x0000027d      0x17f build/f7-firmware-D/.extapps/hid_ble/scenes/hid_scene_unpair.o
 .debug_loclists
                0x000003fc      0x62a build/f7-firmware-D/.extapps/hid_ble/views/hid_keyboard.o
 .debug_loclists
                0x00000a26      0x564 build/f7-firmware-D/.extapps/hid_ble/views/hid_keynote.o
 .debug_loclists
                0x00000f8a      0x443 build/f7-firmware-D/.extapps/hid_ble/views/hid_media.o
 .debug_loclists
                0x000013cd      0x37f build/f7-firmware-D/.extapps/hid_ble/views/hid_mouse.o
 .debug_loclists
                0x0000174c      0x550 build/f7-firmware-D/.extapps/hid_ble/views/hid_mouse_clicker.o
 .debug_loclists
                0x00001c9c      0x3a3 build/f7-firmware-D/.extapps/hid_ble/views/hid_mouse_jiggler.o
 .debug_loclists
                0x0000203f      0x58c build/f7-firmware-D/.extapps/hid_ble/views/hid_tiktok.o
 .debug_loclists
                0x000025cb      0x229 build/f7-firmware-D/.extapps/hid_ble/hid.o
 .debug_loclists
                0x000027f4      0x32c build/f7-firmware-D/.extapps/hid_ble/transport_ble.o
 .debug_loclists
                0x00002b20      0x72b build/f7-firmware-D/lib/libble_profile.a(hid_profile.o)
 .debug_loclists
                0x0000324b      0x32d build/f7-firmware-D/lib/libble_profile.a(hid_service.o)

.debug_macro
 *(.debug_macro)

.debug_names
 *(.debug_names)

.debug_rnglists
                0x00000000      0x513
 *(.debug_rnglists)
 .debug_rnglists
                0x00000000       0x1f build/f7-firmware-D/.extapps/hid_ble/scenes/hid_scene_main.o
 .debug_rnglists
                0x0000001f       0x36 build/f7-firmware-D/.extapps/hid_ble/scenes/hid_scene_start.o
 .debug_rnglists
                0x00000055       0x2c build/f7-firmware-D/.extapps/hid_ble/scenes/hid_scene_unpair.o
 .debug_rnglists
                0x00000081       0xb5 build/f7-firmware-D/.extapps/hid_ble/views/hid_keyboard.o
 .debug_rnglists
                0x00000136       0x59 build/f7-firmware-D/.extapps/hid_ble/views/hid_keynote.o
 .debug_rnglists
                0x0000018f       0x5c build/f7-firmware-D/.extapps/hid_ble/views/hid_media.o
 .debug_rnglists
                0x000001eb       0x46 build/f7-firmware-D/.extapps/hid_ble/views/hid_mouse.o
 .debug_rnglists
                0x00000231       0x8b build/f7-firmware-D/.extapps/hid_ble/views/hid_mouse_clicker.o
 .debug_rnglists
                0x000002bc       0x51 build/f7-firmware-D/.extapps/hid_ble/views/hid_mouse_jiggler.o
 .debug_rnglists
                0x0000030d       0x5d build/f7-firmware-D/.extapps/hid_ble/views/hid_tiktok.o
 .debug_rnglists
                0x0000036a       0x42 build/f7-firmware-D/.extapps/hid_ble/hid.o
 .debug_rnglists
                0x000003ac       0x4f build/f7-firmware-D/.extapps/hid_ble/transport_ble.o
 .debug_rnglists
                0x000003fb       0xa7 build/f7-firmware-D/lib/libble_profile.a(hid_profile.o)
 .debug_rnglists
                0x000004a2       0x71 build/f7-firmware-D/lib/libble_profile.a(hid_service.o)

.debug_str_offsets
 *(.debug_str_offsets)

.debug_sup
 *(.debug_sup)

.ARM.attributes
                0x00000000       0x34
 *(.ARM.attributes)
 .ARM.attributes
                0x00000000       0x34 build/f7-firmware-D/.extapps/hid_ble/scenes/hid_scene.o
 .ARM.attributes
                0x00000034       0x34 build/f7-firmware-D/.extapps/hid_ble/scenes/hid_scene_main.o
 .ARM.attributes
                0x00000068       0x34 build/f7-firmware-D/.extapps/hid_ble/scenes/hid_scene_start.o
 .ARM.attributes