Archive member included to satisfy reference by file (symbol)

build/f7-firmware-D/lib/libassets.a(assets_icons.o)
                              build/f7-firmware-D/.extapps/infrared/scenes/infrared_scene_error_databases.o (I_SDQuestion_35x43)
build/f7-firmware-D/lib/libinfrared.a(infrared.o)
                              build/f7-firmware-D/.extapps/infrared/scenes/infrared_scene_debug.o (infrared_get_protocol_name)
build/f7-firmware-D/lib/libinfrared.a(infrared_brute_force.o)
                              build/f7-firmware-D/.extapps/infrared/infrared_app.o (infrared_brute_force_alloc)
build/f7-firmware-D/lib/libinfrared.a(infrared_signal.o)
                              build/f7-firmware-D/.extapps/infrared/infrared_app.o (infrared_signal_alloc)
build/f7-firmware-D/lib/libinfrared.a(infrared_transmit.o)
                              build/f7-firmware-D/lib/libinfrared.a(infrared_signal.o) (infrared_send_raw_ext)
build/f7-firmware-D/lib/libinfrared.a(infrared_worker.o)
                              build/f7-firmware-D/.extapps/infrared/scenes/infrared_scene_debug.o (infrared_worker_rx_set_received_signal_callback)
build/f7-firmware-D/lib/libinfrared.a(infrared_decoder_kaseikyo.o)
                              build/f7-firmware-D/lib/libinfrared.a(infrared.o) (infrared_decoder_kaseikyo_check_ready)
build/f7-firmware-D/lib/libinfrared.a(infrared_encoder_kaseikyo.o)
                              build/f7-firmware-D/lib/libinfrared.a(infrared.o) (infrared_encoder_kaseikyo_reset)
build/f7-firmware-D/lib/libinfrared.a(infrared_protocol_kaseikyo.o)
                              build/f7-firmware-D/lib/libinfrared.a(infrared.o) (infrared_protocol_kaseikyo_get_variant)
build/f7-firmware-D/lib/libinfrared.a(infrared_decoder_nec.o)
                              build/f7-firmware-D/lib/libinfrared.a(infrared.o) (infrared_decoder_nec_check_ready)
build/f7-firmware-D/lib/libinfrared.a(infrared_encoder_nec.o)
                              build/f7-firmware-D/lib/libinfrared.a(infrared.o) (infrared_encoder_nec_reset)
build/f7-firmware-D/lib/libinfrared.a(infrared_protocol_nec.o)
                              build/f7-firmware-D/lib/libinfrared.a(infrared.o) (infrared_protocol_nec_get_variant)
build/f7-firmware-D/lib/libinfrared.a(infrared_decoder_pioneer.o)
                              build/f7-firmware-D/lib/libinfrared.a(infrared.o) (infrared_decoder_pioneer_check_ready)
build/f7-firmware-D/lib/libinfrared.a(infrared_encoder_pioneer.o)
                              build/f7-firmware-D/lib/libinfrared.a(infrared.o) (infrared_encoder_pioneer_reset)
build/f7-firmware-D/lib/libinfrared.a(infrared_protocol_pioneer.o)
                              build/f7-firmware-D/lib/libinfrared.a(infrared.o) (infrared_protocol_pioneer_get_variant)
build/f7-firmware-D/lib/libinfrared.a(infrared_decoder_rc5.o)
                              build/f7-firmware-D/lib/libinfrared.a(infrared.o) (infrared_decoder_rc5_check_ready)
build/f7-firmware-D/lib/libinfrared.a(infrared_encoder_rc5.o)
                              build/f7-firmware-D/lib/libinfrared.a(infrared.o) (infrared_encoder_rc5_reset)
build/f7-firmware-D/lib/libinfrared.a(infrared_protocol_rc5.o)
                              build/f7-firmware-D/lib/libinfrared.a(infrared.o) (infrared_protocol_rc5_get_variant)
build/f7-firmware-D/lib/libinfrared.a(infrared_decoder_rc6.o)
                              build/f7-firmware-D/lib/libinfrared.a(infrared.o) (infrared_decoder_rc6_check_ready)
build/f7-firmware-D/lib/libinfrared.a(infrared_encoder_rc6.o)
                              build/f7-firmware-D/lib/libinfrared.a(infrared.o) (infrared_encoder_rc6_reset)
build/f7-firmware-D/lib/libinfrared.a(infrared_protocol_rc6.o)
                              build/f7-firmware-D/lib/libinfrared.a(infrared.o) (infrared_protocol_rc6_get_variant)
build/f7-firmware-D/lib/libinfrared.a(infrared_decoder_rca.o)
                              build/f7-firmware-D/lib/libinfrared.a(infrared.o) (infrared_decoder_rca_check_ready)
build/f7-firmware-D/lib/libinfrared.a(infrared_encoder_rca.o)
                              build/f7-firmware-D/lib/libinfrared.a(infrared.o) (infrared_encoder_rca_reset)
build/f7-firmware-D/lib/libinfrared.a(infrared_protocol_rca.o)
                              build/f7-firmware-D/lib/libinfrared.a(infrared.o) (infrared_protocol_rca_get_variant)
build/f7-firmware-D/lib/libinfrared.a(infrared_decoder_samsung.o)
                              build/f7-firmware-D/lib/libinfrared.a(infrared.o) (infrared_decoder_samsung32_check_ready)
build/f7-firmware-D/lib/libinfrared.a(infrared_encoder_samsung.o)
                              build/f7-firmware-D/lib/libinfrared.a(infrared.o) (infrared_encoder_samsung32_reset)
build/f7-firmware-D/lib/libinfrared.a(infrared_protocol_samsung.o)
                              build/f7-firmware-D/lib/libinfrared.a(infrared.o) (infrared_protocol_samsung32_get_variant)
build/f7-firmware-D/lib/libinfrared.a(infrared_decoder_sirc.o)
[...]
Memory Configuration

Name             Origin             Length             Attributes
*default*        0x00000000         0xffffffff

Linker script and memory map

LOAD build/f7-firmware-D/.extapps/infrared/scenes/common/infrared_scene_universal_common.o
LOAD build/f7-firmware-D/.extapps/infrared/scenes/infrared_scene.o
LOAD build/f7-firmware-D/.extapps/infrared/scenes/infrared_scene_ask_back.o
LOAD build/f7-firmware-D/.extapps/infrared/scenes/infrared_scene_ask_retry.o
LOAD build/f7-firmware-D/.extapps/infrared/scenes/infrared_scene_debug.o
LOAD build/f7-firmware-D/.extapps/infrared/scenes/infrared_scene_edit.o
LOAD build/f7-firmware-D/.extapps/infrared/scenes/infrared_scene_edit_button_select.o
LOAD build/f7-firmware-D/.extapps/infrared/scenes/infrared_scene_edit_delete.o
LOAD build/f7-firmware-D/.extapps/infrared/scenes/infrared_scene_edit_delete_done.o
LOAD build/f7-firmware-D/.extapps/infrared/scenes/infrared_scene_edit_move.o
LOAD build/f7-firmware-D/.extapps/infrared/scenes/infrared_scene_edit_rename.o
LOAD build/f7-firmware-D/.extapps/infrared/scenes/infrared_scene_edit_rename_done.o
LOAD build/f7-firmware-D/.extapps/infrared/scenes/infrared_scene_error_databases.o
LOAD build/f7-firmware-D/.extapps/infrared/scenes/infrared_scene_gpio_settings.o
LOAD build/f7-firmware-D/.extapps/infrared/scenes/infrared_scene_learn.o
LOAD build/f7-firmware-D/.extapps/infrared/scenes/infrared_scene_learn_done.o
LOAD build/f7-firmware-D/.extapps/infrared/scenes/infrared_scene_learn_enter_name.o
LOAD build/f7-firmware-D/.extapps/infrared/scenes/infrared_scene_learn_success.o
LOAD build/f7-firmware-D/.extapps/infrared/scenes/infrared_scene_remote.o
LOAD build/f7-firmware-D/.extapps/infrared/scenes/infrared_scene_remote_list.o
LOAD build/f7-firmware-D/.extapps/infrared/scenes/infrared_scene_rpc.o
LOAD build/f7-firmware-D/.extapps/infrared/scenes/infrared_scene_start.o
LOAD build/f7-firmware-D/.extapps/infrared/scenes/infrared_scene_universal.o
LOAD build/f7-firmware-D/.extapps/infrared/scenes/infrared_scene_universal_ac.o
LOAD build/f7-firmware-D/.extapps/infrared/scenes/infrared_scene_universal_audio.o
LOAD build/f7-firmware-D/.extapps/infrared/scenes/infrared_scene_universal_projector.o
LOAD build/f7-firmware-D/.extapps/infrared/scenes/infrared_scene_universal_tv.o
LOAD build/f7-firmware-D/.extapps/infrared/views/infrared_debug_view.o
LOAD build/f7-firmware-D/.extapps/infrared/views/infrared_move_view.o
LOAD build/f7-firmware-D/.extapps/infrared/views/infrared_progress_view.o
LOAD build/f7-firmware-D/.extapps/infrared/infrared_app.o
LOAD build/f7-firmware-D/.extapps/infrared/infrared_remote.o
LOAD /home/arjun/flipperzero-firmware/toolchain/x86_64-linux/bin/../lib/gcc/arm-none-eabi/12.3.1/../../../../arm-none-eabi/lib/thumb/v7e-m+fp/hard/libm.a
LOAD /home/arjun/flipperzero-firmware/toolchain/x86_64-linux/bin/../lib/gcc/arm-none-eabi/12.3.1/thumb/v7e-m+fp/hard/libgcc.a
LOAD /home/arjun/flipperzero-firmware/toolchain/x86_64-linux/bin/../lib/gcc/arm-none-eabi/12.3.1/../../../../arm-none-eabi/lib/thumb/v7e-m+fp/hard/libstdc++_nano.a
LOAD /home/arjun/flipperzero-firmware/toolchain/x86_64-linux/bin/../lib/gcc/arm-none-eabi/12.3.1/../../../../arm-none-eabi/lib/thumb/v7e-m+fp/hard/libsupc++_nano.a
LOAD build/f7-firmware-D/lib/libassets.a
LOAD build/f7-firmware-D/lib/libinfrared.a
LOAD build/f7-firmware-D/lib/libassets.a
LOAD build/f7-firmware-D/lib/libinfrared.a

.text           0x00000000     0x7994
 *(.text)
 *(.stub)
 *(.text*)
 .text.infrared_scene_universal_common_progress_input_callback
                0x00000000       0x20 build/f7-firmware-D/.extapps/infrared/scenes/common/infrared_scene_universal_common.o
 .text.infrared_scene_universal_common_task_callback
                0x00000020       0x30 build/f7-firmware-D/.extapps/infrared/scenes/common/infrared_scene_universal_common.o
 .text.infrared_scene_universal_common_hide_popup
                0x00000050       0x2c build/f7-firmware-D/.extapps/infrared/scenes/common/infrared_scene_universal_common.o
 .text.infrared_scene_universal_common_handle_popup_input
                0x0000007c      0x144 build/f7-firmware-D/.extapps/infrared/scenes/common/infrared_scene_universal_common.o
 .text.infrared_scene_universal_common_show_popup
                0x000001c0       0x4c build/f7-firmware-D/.extapps/infrared/scenes/common/infrared_scene_universal_common.o
 .text.infrared_scene_universal_common_item_callback
                0x0000020c       0x28 build/f7-firmware-D/.extapps/infrared/scenes/common/infrared_scene_universal_common.o
                0x0000020c                infrared_scene_universal_common_item_callback
 .text.infrared_scene_universal_common_on_enter
                0x00000234       0x44 build/f7-firmware-D/.extapps/infrared/scenes/common/infrared_scene_universal_common.o
                0x00000234                infrared_scene_universal_common_on_enter
 .text.infrared_scene_universal_common_on_event
                0x00000278      0x170 build/f7-firmware-D/.extapps/infrared/scenes/common/infrared_scene_universal_common.o
                0x00000278                infrared_scene_universal_common_on_event
 .text.infrared_scene_universal_common_on_exit
                0x000003e8       0x34 build/f7-firmware-D/.extapps/infrared/scenes/common/infrared_scene_universal_common.o
                0x000003e8                infrared_scene_universal_common_on_exit
 .text.infrared_scene_dialog_result_callback
                0x0000041c       0x14 build/f7-firmware-D/.extapps/infrared/scenes/infrared_scene_ask_back.o
 .text.infrared_scene_ask_back_on_enter
                0x00000430       0xcc build/f7-firmware-D/.extapps/infrared/scenes/infrared_scene_ask_back.o
                0x00000430                infrared_scene_ask_back_on_enter
 .text.infrared_scene_ask_back_on_event
                0x000004fc       0x5c build/f7-firmware-D/.extapps/infrared/scenes/infrared_scene_ask_back.o
                0x000004fc                infrared_scene_ask_back_on_event
 .text.infrared_scene_ask_back_on_exit
                0x00000558       0x10 build/f7-firmware-D/.extapps/infrared/scenes/infrared_scene_ask_back.o
                0x00000558                infrared_scene_ask_back_on_exit
 .text.infrared_scene_dialog_result_callback
                0x00000568       0x14 build/f7-firmware-D/.extapps/infrared/scenes/infrared_scene_ask_retry.o
 .text.infrared_scene_ask_retry_on_enter
                0x0000057c       0xac build/f7-firmware-D/.extapps/infrared/scenes/infrared_scene_ask_retry.o
                0x0000057c                infrared_scene_ask_retry_on_enter
 .text.infrared_scene_ask_retry_on_event
                0x00000628       0x48 build/f7-firmware-D/.extapps/infrared/scenes/infrared_scene_ask_retry.o
                0x00000628                infrared_scene_ask_retry_on_event
 .text.infrared_scene_ask_retry_on_exit
                0x00000670       0x10 build/f7-firmware-D/.extapps/infrared/scenes/infrared_scene_ask_retry.o
                0x00000670                infrared_scene_ask_retry_on_exit
 .text.infrared_scene_debug_on_enter
                0x00000680       0x4c build/f7-firmware-D/.extapps/infrared/scenes/infrared_scene_debug.o
                0x00000680                infrared_scene_debug_on_enter
 .text.infrared_scene_debug_on_event
                0x000006cc      0x194 build/f7-firmware-D/.extapps/infrared/scenes/infrared_scene_debug.o
                0x000006cc                infrared_scene_debug_on_event
 .text.infrared_scene_debug_on_exit
                0x00000860       0x2c build/f7-firmware-D/.extapps/infrared/scenes/infrared_scene_debug.o
                0x00000860                infrared_scene_debug_on_exit
 .text.infrared_scene_edit_submenu_callback
                0x0000088c       0x10 build/f7-firmware-D/.extapps/infrared/scenes/infrared_scene_edit.o
 .text.infrared_scene_edit_on_enter
                0x0000089c       0xb4 build/f7-firmware-D/.extapps/infrared/scenes/infrared_scene_edit.o
                0x0000089c                infrared_scene_edit_on_enter
 .text.infrared_scene_edit_on_event
                0x00000950       0xbc build/f7-firmware-D/.extapps/infrared/scenes/infrared_scene_edit.o
                0x00000950                infrared_scene_edit_on_event
 .text.infrared_scene_edit_on_exit
                0x00000a0c       0x10 build/f7-firmware-D/.extapps/infrared/scenes/infrared_scene_edit.o
                0x00000a0c                infrared_scene_edit_on_exit
 .text.infrared_scene_edit_button_select_submenu_callback
                0x00000a1c       0x10 build/f7-firmware-D/.extapps/infrared/scenes/infrared_scene_edit_button_select.o
 .text.infrared_scene_edit_button_select_on_enter
                0x00000a2c       0x9c build/f7-firmware-D/.extapps/infrared/scenes/infrared_scene_edit_button_select.o
                0x00000a2c                infrared_scene_edit_button_select_on_enter
 .text.infrared_scene_edit_button_select_on_event
                0x00000ac8       0x54 build/f7-firmware-D/.extapps/infrared/scenes/infrared_scene_edit_button_select.o
                0x00000ac8                infrared_scene_edit_button_select_on_event
 .text.infrared_scene_edit_button_select_on_exit
                0x00000b1c       0x10 build/f7-firmware-D/.extapps/infrared/scenes/infrared_scene_edit_button_select.o
                0x00000b1c                infrared_scene_edit_button_select_on_exit
 .text.infrared_scene_edit_delete_dialog_result_callback
                0x00000b2c       0x14 build/f7-firmware-D/.extapps/infrared/scenes/infrared_scene_edit_delete.o
 .text.infrared_scene_edit_delete_task_callback
                0x00000b40       0x58 build/f7-firmware-D/.extapps/infrared/scenes/infrared_scene_edit_delete.o
 .text.infrared_scene_edit_delete_on_enter
                0x00000b98      0x22c build/f7-firmware-D/.extapps/infrared/scenes/infrared_scene_edit_delete.o
                0x00000b98                infrared_scene_edit_delete_on_enter
 .text.infrared_scene_edit_delete_on_event
                0x00000dc4       0xe0 build/f7-firmware-D/.extapps/infrared/scenes/infrared_scene_edit_delete.o
                0x00000dc4                infrared_scene_edit_delete_on_event
 .text.infrared_scene_edit_delete_on_exit
                0x00000ea4       0x10 build/f7-firmware-D/.extapps/infrared/scenes/infrared_scene_edit_delete.o
                0x00000ea4                infrared_scene_edit_delete_on_exit
 .text.infrared_scene_edit_delete_done_on_enter
                0x00000eb4       0x7c build/f7-firmware-D/.extapps/infrared/scenes/infrared_scene_edit_delete_done.o
                0x00000eb4                infrared_scene_edit_delete_done_on_enter
 .text.infrared_scene_edit_delete_done_on_event
                0x00000f30       0x70 build/f7-firmware-D/.extapps/infrared/scenes/infrared_scene_edit_delete_done.o
                0x00000f30                infrared_scene_edit_delete_done_on_event
 .text.infrared_scene_edit_delete_done_on_exit
                0x00000fa0        0x2 build/f7-firmware-D/.extapps/infrared/scenes/infrared_scene_edit_delete_done.o
                0x00000fa0                infrared_scene_edit_delete_done_on_exit
 *fill*         0x00000fa2        0x2 
 .text.infrared_scene_edit_move_button_callback
                0x00000fa4       0x28 build/f7-firmware-D/.extapps/infrared/scenes/infrared_scene_edit_move.o
 .text.infrared_scene_edit_move_task_callback
                0x00000fcc       0x28 build/f7-firmware-D/.extapps/infrared/scenes/infrared_scene_edit_move.o
 .text.infrared_scene_edit_move_on_enter
                0x00000ff4       0x54 build/f7-firmware-D/.extapps/infrared/scenes/infrared_scene_edit_move.o
                0x00000ff4                infrared_scene_edit_move_on_enter
 .text.infrared_scene_edit_move_on_event
                0x00001048       0xb0 build/f7-firmware-D/.extapps/infrared/scenes/infrared_scene_edit_move.o
                0x00001048                infrared_scene_edit_move_on_event
 .text.infrared_scene_edit_move_on_exit
                0x000010f8       0x10 build/f7-firmware-D/.extapps/infrared/scenes/infrared_scene_edit_move.o
                0x000010f8                infrared_scene_edit_move_on_exit
 .text.infrared_scene_edit_rename_task_callback
                0x00001108       0x60 build/f7-firmware-D/.extapps/infrared/scenes/infrared_scene_edit_rename.o
 .text.infrared_scene_edit_rename_on_enter
                0x00001168      0x128 build/f7-firmware-D/.extapps/infrared/scenes/infrared_scene_edit_rename.o
                0x00001168                infrared_scene_edit_rename_on_enter
 .text.infrared_scene_edit_rename_on_event
                0x00001290       0xc8 build/f7-firmware-D/.extapps/infrared/scenes/infrared_scene_edit_rename.o
                0x00001290                infrared_scene_edit_rename_on_event
 .text.infrared_scene_edit_rename_on_exit
                0x00001358       0x24 build/f7-firmware-D/.extapps/infrared/scenes/infrared_scene_edit_rename.o
                0x00001358                infrared_scene_edit_rename_on_exit
 .text.infrared_scene_edit_rename_done_on_enter
                0x0000137c       0x7c build/f7-firmware-D/.extapps/infrared/scenes/infrared_scene_edit_rename_done.o
                0x0000137c                infrared_scene_edit_rename_done_on_enter
 .text.infrared_scene_edit_rename_done_on_event
                0x000013f8       0x40 build/f7-firmware-D/.extapps/infrared/scenes/infrared_scene_edit_rename_done.o
                0x000013f8                infrared_scene_edit_rename_done_on_event
 .text.infrared_scene_edit_rename_done_on_exit
                0x00001438        0x2 build/f7-firmware-D/.extapps/infrared/scenes/infrared_scene_edit_rename_done.o
                0x00001438                infrared_scene_edit_rename_done_on_exit
 *fill*         0x0000143a        0x2 
 .text.infrared_scene_error_databases_on_enter
                0x0000143c       0x70 build/f7-firmware-D/.extapps/infrared/scenes/infrared_scene_error_databases.o
                0x0000143c                infrared_scene_error_databases_on_enter
 .text.infrared_scene_error_databases_on_event
                0x000014ac       0x30 build/f7-firmware-D/.extapps/infrared/scenes/infrared_scene_error_databases.o
                0x000014ac                infrared_scene_error_databases_on_event
 .text.infrared_scene_error_databases_on_exit
                0x000014dc       0x1c build/f7-firmware-D/.extapps/infrared/scenes/infrared_scene_error_databases.o
                0x000014dc                infrared_scene_error_databases_on_exit
 .text.infrared_scene_gpio_settings_init
                0x000014f8       0xa8 build/f7-firmware-D/.extapps/infrared/scenes/infrared_scene_gpio_settings.o
 .text.infrared_scene_gpio_settings_otg_change_callback
                0x000015a0       0x4c build/f7-firmware-D/.extapps/infrared/scenes/infrared_scene_gpio_settings.o
 .text.infrared_scene_gpio_settings_pin_change_callback
                0x000015ec       0x4c build/f7-firmware-D/.extapps/infrared/scenes/infrared_scene_gpio_settings.o
 .text.infrared_scene_gpio_settings_on_enter
                0x00001638       0x1c build/f7-firmware-D/.extapps/infrared/scenes/infrared_scene_gpio_settings.o
                0x00001638                infrared_scene_gpio_settings_on_enter
 .text.infrared_scene_gpio_settings_on_event
                0x00001654       0x64 build/f7-firmware-D/.extapps/infrared/scenes/infrared_scene_gpio_settings.o
                0x00001654                infrared_scene_gpio_settings_on_event
 .text.infrared_scene_gpio_settings_on_exit
                0x000016b8       0x1c build/f7-firmware-D/.extapps/infrared/scenes/infrared_scene_gpio_settings.o
                0x000016b8                infrared_scene_gpio_settings_on_exit
 .text.infrared_scene_learn_on_enter
                0x000016d4       0x98 build/f7-firmware-D/.extapps/infrared/scenes/infrared_scene_learn.o
                0x000016d4                infrared_scene_learn_on_enter
 .text.infrared_scene_learn_on_event
                0x0000176c       0x44 build/f7-firmware-D/.extapps/infrared/scenes/infrared_scene_learn.o
                0x0000176c                infrared_scene_learn_on_event
 .text.infrared_scene_learn_on_exit
                0x000017b0       0x58 build/f7-firmware-D/.extapps/infrared/scenes/infrared_scene_learn.o
                0x000017b0                infrared_scene_learn_on_exit
 .text.infrared_scene_learn_done_on_enter
                0x00001808       0xac build/f7-firmware-D/.extapps/infrared/scenes/infrared_scene_learn_done.o
                0x00001808                infrared_scene_learn_done_on_enter
 .text.infrared_scene_learn_done_on_event
                0x000018b4       0x40 build/f7-firmware-D/.extapps/infrared/scenes/infrared_scene_learn_done.o
                0x000018b4                infrared_scene_learn_done_on_event
 .text.infrared_scene_learn_done_on_exit
                0x000018f4       0x24 build/f7-firmware-D/.extapps/infrared/scenes/infrared_scene_learn_done.o
                0x000018f4                infrared_scene_learn_done_on_exit
 .text.infrared_scene_learn_enter_name_on_enter
                0x00001918       0xc8 build/f7-firmware-D/.extapps/infrared/scenes/infrared_scene_learn_enter_name.o
                0x00001918                infrared_scene_learn_enter_name_on_enter
 .text.infrared_scene_learn_enter_name_on_event
                0x000019e0       0xa8 build/f7-firmware-D/.extapps/infrared/scenes/infrared_scene_learn_enter_name.o
                0x000019e0                infrared_scene_learn_enter_name_on_event
 .text.infrared_scene_learn_enter_name_on_exit
                0x00001a88        0x2 build/f7-firmware-D/.extapps/infrared/scenes/infrared_scene_learn_enter_name.o
                0x00001a88                infrared_scene_learn_enter_name_on_exit
 *fill*         0x00001a8a        0x2 
 .text.infrared_scene_learn_success_dialog_result_callback
                0x00001a8c       0x14 build/f7-firmware-D/.extapps/infrared/scenes/infrared_scene_learn_success.o
 .text.infrared_scene_learn_success_on_enter
                0x00001aa0      0x1cc build/f7-firmware-D/.extapps/infrared/scenes/infrared_scene_learn_success.o
                0x00001aa0                infrared_scene_learn_success_on_enter
 .text.infrared_scene_learn_success_on_event
                0x00001c6c       0xa8 build/f7-firmware-D/.extapps/infrared/scenes/infrared_scene_learn_success.o
                0x00001c6c                infrared_scene_learn_success_on_event
 .text.infrared_scene_learn_success_on_exit
                0x00001d14       0x1c build/f7-firmware-D/.extapps/infrared/scenes/infrared_scene_learn_success.o
                0x00001d14                infrared_scene_learn_success_on_exit
 .text.infrared_scene_remote_button_menu_callback
                0x00001d30       0x44 build/f7-firmware-D/.extapps/infrared/scenes/infrared_scene_remote.o
 .text.infrared_scene_remote_on_enter
                0x00001d74       0xd0 build/f7-firmware-D/.extapps/infrared/scenes/infrared_scene_remote.o
                0x00001d74                infrared_scene_remote_on_enter
 .text.infrared_scene_remote_on_event
                0x00001e44      0x100 build/f7-firmware-D/.extapps/infrared/scenes/infrared_scene_remote.o
                0x00001e44                infrared_scene_remote_on_event
 .text.infrared_scene_remote_on_exit
                0x00001f44       0x10 build/f7-firmware-D/.extapps/infrared/scenes/infrared_scene_remote.o
                0x00001f44                infrared_scene_remote_on_exit
 .text.infrared_scene_remote_list_select_and_load
                0x00001f54       0x58 build/f7-firmware-D/.extapps/infrared/scenes/infrared_scene_remote_list.o
 .text.infrared_scene_remote_list_task_callback
                0x00001fac       0x30 build/f7-firmware-D/.extapps/infrared/scenes/infrared_scene_remote_list.o
 .text.infrared_scene_remote_list_on_enter
                0x00001fdc        0xc build/f7-firmware-D/.extapps/infrared/scenes/infrared_scene_remote_list.o
                0x00001fdc                infrared_scene_remote_list_on_enter
 .text.infrared_scene_remote_list_on_event
                0x00001fe8       0x80 build/f7-firmware-D/.extapps/infrared/scenes/infrared_scene_remote_list.o
                0x00001fe8                infrared_scene_remote_list_on_event
 .text.infrared_scene_remote_list_on_exit
                0x00002068        0x2 build/f7-firmware-D/.extapps/infrared/scenes/infrared_scene_remote_list.o
                0x00002068                infrared_scene_remote_list_on_exit
 *fill*         0x0000206a        0x2 
 .text.infrared_scene_rpc_task_callback
                0x0000206c       0x30 build/f7-firmware-D/.extapps/infrared/scenes/infrared_scene_rpc.o
 .text.infrared_scene_rpc_show
                0x0000209c       0xb4 build/f7-firmware-D/.extapps/infrared/scenes/infrared_scene_rpc.o
 .text.infrared_scene_rpc_on_enter
                0x00002150       0x14 build/f7-firmware-D/.extapps/infrared/scenes/infrared_scene_rpc.o
                0x00002150                infrared_scene_rpc_on_enter
 .text.infrared_scene_rpc_on_event
                0x00002164      0x2e0 build/f7-firmware-D/.extapps/infrared/scenes/infrared_scene_rpc.o
                0x00002164                infrared_scene_rpc_on_event
 .text.infrared_scene_rpc_on_exit
                0x00002444       0x2c build/f7-firmware-D/.extapps/infrared/scenes/infrared_scene_rpc.o
                0x00002444                infrared_scene_rpc_on_exit
 .text.infrared_scene_start_submenu_callback
                0x00002470       0x10 build/f7-firmware-D/.extapps/infrared/scenes/infrared_scene_start.o
 .text.infrared_scene_start_on_enter
                0x00002480       0xac build/f7-firmware-D/.extapps/infrared/scenes/infrared_scene_start.o
                0x00002480                infrared_scene_start_on_enter
 .text.infrared_scene_start_on_event
                0x0000252c       0x94 build/f7-firmware-D/.extapps/infrared/scenes/infrared_scene_start.o
                0x0000252c                infrared_scene_start_on_event
 .text.infrared_scene_start_on_exit
                0x000025c0       0x10 build/f7-firmware-D/.extapps/infrared/scenes/infrared_scene_start.o
                0x000025c0                infrared_scene_start_on_exit
 .text.infrared_scene_universal_submenu_callback
                0x000025d0       0x10 build/f7-firmware-D/.extapps/infrared/scenes/infrared_scene_universal.o
 .text.infrared_scene_universal_on_enter
                0x000025e0       0x7c build/f7-firmware-D/.extapps/infrared/scenes/infrared_scene_universal.o
                0x000025e0                infrared_scene_universal_on_enter
 .text.infrared_scene_universal_on_event
                0x0000265c       0x70 build/f7-firmware-D/.extapps/infrared/scenes/infrared_scene_universal.o
                0x0000265c                infrared_scene_universal_on_event
 .text.infrared_scene_universal_on_exit
                0x000026cc       0x10 build/f7-firmware-D/.extapps/infrared/scenes/infrared_scene_universal.o
                0x000026cc                infrared_scene_universal_on_exit
 .text.infrared_scene_universal_ac_on_enter
                0x000026dc      0x248 build/f7-firmware-D/.extapps/infrared/scenes/infrared_scene_universal_ac.o
                0x000026dc                infrared_scene_universal_ac_on_enter
 .text.infrared_scene_universal_ac_on_event
                0x00002924       0x1c build/f7-firmware-D/.extapps/infrared/scenes/infrared_scene_universal_ac.o
                0x00002924                infrared_scene_universal_ac_on_event
 .text.infrared_scene_universal_ac_on_exit
                0x00002940        0xc build/f7-firmware-D/.extapps/infrared/scenes/infrared_scene_universal_ac.o
                0x00002940                infrared_scene_universal_ac_on_exit
 .text.infrared_scene_universal_audio_on_enter
                0x0000294c      0x278 build/f7-firmware-D/.extapps/infrared/scenes/infrared_scene_universal_audio.o
                0x0000294c                infrared_scene_universal_audio_on_enter
 .text.infrared_scene_universal_audio_on_event
                0x00002bc4       0x1c build/f7-firmware-D/.extapps/infrared/scenes/infrared_scene_universal_audio.o
                0x00002bc4                infrared_scene_universal_audio_on_event
 .text.infrared_scene_universal_audio_on_exit
                0x00002be0        0xc build/f7-firmware-D/.extapps/infrared/scenes/infrared_scene_universal_audio.o
                0x00002be0                infrared_scene_universal_audio_on_exit
 .text.infrared_scene_universal_projector_on_enter
                0x00002bec      0x178 build/f7-firmware-D/.extapps/infrared/scenes/infrared_scene_universal_projector.o
                0x00002bec                infrared_scene_universal_projector_on_enter
 .text.infrared_scene_universal_projector_on_event
                0x00002d64       0x1c build/f7-firmware-D/.extapps/infrared/scenes/infrared_scene_universal_projector.o
                0x00002d64                infrared_scene_universal_projector_on_event
 .text.infrared_scene_universal_projector_on_exit
                0x00002d80        0xc build/f7-firmware-D/.extapps/infrared/scenes/infrared_scene_universal_projector.o
                0x00002d80                infrared_scene_universal_projector_on_exit
 .text.infrared_scene_universal_tv_on_enter
                0x00002d8c      0x1f4 build/f7-firmware-D/.extapps/infrared/scenes/infrared_scene_universal_tv.o
                0x00002d8c                infrared_scene_universal_tv_on_enter
 .text.infrared_scene_universal_tv_on_event
                0x00002f80       0x1c build/f7-firmware-D/.extapps/infrared/scenes/infrared_scene_universal_tv.o
                0x00002f80                infrared_scene_universal_tv_on_event
 .text.infrared_scene_universal_tv_on_exit
                0x00002f9c        0xc build/f7-firmware-D/.extapps/infrared/scenes/infrared_scene_universal_tv.o
                0x00002f9c                infrared_scene_universal_tv_on_exit
 .text.infrared_debug_view_draw_callback
                0x00002fa8       0x5c build/f7-firmware-D/.extapps/infrared/views/infrared_debug_view.o
 .text.infrared_debug_view_alloc
                0x00003004       0x44 build/f7-firmware-D/.extapps/infrared/views/infrared_debug_view.o
                0x00003004                infrared_debug_view_alloc
 .text.infrared_debug_view_free
                0x00003048       0x1c build/f7-firmware-D/.extapps/infrared/views/infrared_debug_view.o
                0x00003048                infrared_debug_view_free
 .text.infrared_debug_view_get_view
                0x00003064        0x4 build/f7-firmware-D/.extapps/infrared/views/infrared_debug_view.o
                0x00003064                infrared_debug_view_get_view
 .text.infrared_debug_view_set_text
                0x00003068       0x40 build/f7-firmware-D/.extapps/infrared/views/infrared_debug_view.o
                0x00003068                infrared_debug_view_set_text
 .text.update_list_offset
                0x000030a8       0x54 build/f7-firmware-D/.extapps/infrared/views/infrared_move_view.o
 .text.InfraredMoveViewItemArray_push_raw
                0x000030fc       0x54 build/f7-firmware-D/.extapps/infrared/views/infrared_move_view.o
 .text.InfraredMoveViewItemArray_push_back
                0x00003150       0x20 build/f7-firmware-D/.extapps/infrared/views/infrared_move_view.o
 .text.InfraredMoveViewItemArray_reset
                0x00003170       0x24 build/f7-firmware-D/.extapps/infrared/views/infrared_move_view.o
 .text.InfraredMoveViewItemArray_swap_at
                0x00003194       0x54 build/f7-firmware-D/.extapps/infrared/views/infrared_move_view.o
 .text.infrared_move_view_input_callback
                0x000031e8       0xe4 build/f7-firmware-D/.extapps/infrared/views/infrared_move_view.o
 .text.InfraredMoveViewItemArray_clear
                0x000032cc       0x20 build/f7-firmware-D/.extapps/infrared/views/infrared_move_view.o
 .text.infrared_move_view_draw_callback
                0x000032ec      0x180 build/f7-firmware-D/.extapps/infrared/views/infrared_move_view.o
 .text.infrared_move_view_set_callback
                0x0000346c       0x18 build/f7-firmware-D/.extapps/infrared/views/infrared_move_view.o
                0x0000346c                infrared_move_view_set_callback
 .text.infrared_move_view_add_item
                0x00003484       0x28 build/f7-firmware-D/.extapps/infrared/views/infrared_move_view.o
                0x00003484                infrared_move_view_add_item
 .text.infrared_move_view_reset
                0x000034ac       0x34 build/f7-firmware-D/.extapps/infrared/views/infrared_move_view.o
                0x000034ac                infrared_move_view_reset
 .text.infrared_move_view_alloc
                0x000034e0       0x74 build/f7-firmware-D/.extapps/infrared/views/infrared_move_view.o
                0x000034e0                infrared_move_view_alloc
 .text.infrared_move_view_free
                0x00003554       0x38 build/f7-firmware-D/.extapps/infrared/views/infrared_move_view.o
                0x00003554                infrared_move_view_free
 .text.infrared_move_view_get_view
                0x0000358c        0x4 build/f7-firmware-D/.extapps/infrared/views/infrared_move_view.o
                0x0000358c                infrared_move_view_get_view
 .text.infrared_progress_view_input_callback
                0x00003590       0x90 build/f7-firmware-D/.extapps/infrared/views/infrared_progress_view.o
                0x00003590                infrared_progress_view_input_callback
 .text.infrared_progress_view_draw_callback
                0x00003620      0x1a4 build/f7-firmware-D/.extapps/infrared/views/infrared_progress_view.o
 .text.infrared_progress_view_set_progress
                0x000037c4       0x30 build/f7-firmware-D/.extapps/infrared/views/infrared_progress_view.o
                0x000037c4                infrared_progress_view_set_progress
 .text.infrared_progress_view_set_progress_total
                0x000037f4       0x30 build/f7-firmware-D/.extapps/infrared/views/infrared_progress_view.o
                0x000037f4                infrared_progress_view_set_progress_total
 .text.infrared_progress_view_set_paused
                0x00003824       0x20 build/f7-firmware-D/.extapps/infrared/views/infrared_progress_view.o
                0x00003824                infrared_progress_view_set_paused
 .text.infrared_progress_view_alloc
                0x00003844       0x70 build/f7-firmware-D/.extapps/infrared/views/infrared_progress_view.o
                0x00003844                infrared_progress_view_alloc
 .text.infrared_progress_view_free
                0x000038b4       0x1c build/f7-firmware-D/.extapps/infrared/views/infrared_progress_view.o
                0x000038b4                infrared_progress_view_free
 .text.infrared_progress_view_set_input_callback
                0x000038d0       0x18 build/f7-firmware-D/.extapps/infrared/views/infrared_progress_view.o
                0x000038d0                infrared_progress_view_set_input_callback
 .text.infrared_progress_view_get_view
                0x000038e8       0x20 build/f7-firmware-D/.extapps/infrared/views/infrared_progress_view.o
                0x000038e8                infrared_progress_view_get_view
 .text.infrared_find_vacant_remote_name
                0x00003908      0x110 build/f7-firmware-D/.extapps/infrared/infrared_app.o
 .text.infrared_rpc_command_callback
                0x00003a18      0x110 build/f7-firmware-D/.extapps/infrared/infrared_app.o
 .text.infrared_alloc
                0x00003b28      0x238 build/f7-firmware-D/.extapps/infrared/infrared_app.o
 .text.infrared_tick_event_callback
                0x00003d60       0x1c build/f7-firmware-D/.extapps/infrared/infrared_app.o
 .text.infrared_back_event_callback
                0x00003d7c       0x1c build/f7-firmware-D/.extapps/infrared/infrared_app.o
 .text.infrared_custom_event_callback
                0x00003d98       0x1c build/f7-firmware-D/.extapps/infrared/infrared_app.o
 .text.infrared_free
                0x00003db4      0x190 build/f7-firmware-D/.extapps/infrared/infrared_app.o
 .text.infrared_add_remote_with_button
                0x00003f44       0x94 build/f7-firmware-D/.extapps/infrared/infrared_app.o
                0x00003f44                infrared_add_remote_with_button
 .text.infrared_rename_current_remote
                0x00003fd8       0xb0 build/f7-firmware-D/.extapps/infrared/infrared_app.o
                0x00003fd8                infrared_rename_current_remote
 .text.infrared_tx_send_once
                0x00004088       0x24 build/f7-firmware-D/.extapps/infrared/infrared_app.o
                0x00004088                infrared_tx_send_once
 .text.infrared_tx_send_once_button_index
                0x000040ac       0x48 build/f7-firmware-D/.extapps/infrared/infrared_app.o
                0x000040ac                infrared_tx_send_once_button_index
 .text.infrared_blocking_task_start
                0x000040f4       0x2c build/f7-firmware-D/.extapps/infrared/infrared_app.o
                0x000040f4                infrared_blocking_task_start
 .text.infrared_blocking_task_finalize
                0x00004120       0x1c build/f7-firmware-D/.extapps/infrared/infrared_app.o
                0x00004120                infrared_blocking_task_finalize
 .text.infrared_text_store_set
                0x0000413c       0x2c build/f7-firmware-D/.extapps/infrared/infrared_app.o
                0x0000413c                infrared_text_store_set
 .text.infrared_play_notification_message
                0x00004168       0x28 build/f7-firmware-D/.extapps/infrared/infrared_app.o
                0x00004168                infrared_play_notification_message
 .text.infrared_tx_start
                0x00004190       0x9c build/f7-firmware-D/.extapps/infrared/infrared_app.o
                0x00004190                infrared_tx_start
 .text.infrared_tx_start_button_index
                0x0000422c       0x44 build/f7-firmware-D/.extapps/infrared/infrared_app.o
                0x0000422c                infrared_tx_start_button_index
 .text.infrared_tx_stop
                0x00004270       0x44 build/f7-firmware-D/.extapps/infrared/infrared_app.o
                0x00004270                infrared_tx_stop
 .text.infrared_show_error_message
                0x000042b4       0x44 build/f7-firmware-D/.extapps/infrared/infrared_app.o
                0x000042b4                infrared_show_error_message
 .text.infrared_make_app_folder
                0x000042f8       0x2c build/f7-firmware-D/.extapps/infrared/infrared_app.o
 .text.infrared_enable_otg
                0x00004324       0x30 build/f7-firmware-D/.extapps/infrared/infrared_app.o
                0x00004324                infrared_enable_otg
 .text.infrared_set_tx_pin
                0x00004354       0x38 build/f7-firmware-D/.extapps/infrared/infrared_app.o
                0x00004354                infrared_set_tx_pin
 .text.infrared_save_settings
                0x0000438c       0x4c build/f7-firmware-D/.extapps/infrared/infrared_app.o
                0x0000438c                infrared_save_settings
 .text.infrared_load_settings
                0x000043d8       0x74 build/f7-firmware-D/.extapps/infrared/infrared_app.o
 .text.infrared_signal_received_callback
                0x0000444c       0x74 build/f7-firmware-D/.extapps/infrared/infrared_app.o
                0x0000444c                infrared_signal_received_callback
 .text.infrared_text_input_callback
                0x000044c0       0x20 build/f7-firmware-D/.extapps/infrared/infrared_app.o
                0x000044c0                infrared_text_input_callback
 .text.infrared_popup_closed_callback
                0x000044e0       0x20 build/f7-firmware-D/.extapps/infrared/infrared_app.o
                0x000044e0                infrared_popup_closed_callback
 .text.infrared_app
                0x00004500      0x128 build/f7-firmware-D/.extapps/infrared/infrared_app.o
                0x00004500                infrared_app
 .text.StringArray_reset
                0x00004628       0x24 build/f7-firmware-D/.extapps/infrared/infrared_remote.o
 .text.StringArray_clear
                0x0000464c       0x20 build/f7-firmware-D/.extapps/infrared/infrared_remote.o
 .text.StringArray_set_at
                0x0000466c       0x28 build/f7-firmware-D/.extapps/infrared/infrared_remote.o
 .text.infrared_remote_rename_signal_callback
                0x00004694       0x3c build/f7-firmware-D/.extapps/infrared/infrared_remote.o
 .text.StringArray_set
                0x000046d0       0xa8 build/f7-firmware-D/.extapps/infrared/infrared_remote.o
 .text.StringArray_push_raw
                0x00004778       0x54 build/f7-firmware-D/.extapps/infrared/infrared_remote.o
 .text.StringArray_push_back
                0x000047cc       0x20 build/f7-firmware-D/.extapps/infrared/infrared_remote.o
 .text.StringArray_push_at
                0x000047ec       0x7c build/f7-firmware-D/.extapps/infrared/infrared_remote.o
 .text.infrared_remote_insert_signal_callback
                0x00004868       0x4c build/f7-firmware-D/.extapps/infrared/infrared_remote.o
 .text.StringArray_remove_v
                0x000048b4       0x44 build/f7-firmware-D/.extapps/infrared/infrared_remote.o
 .text.infrared_remote_delete_signal_callback
                0x000048f8       0x3c build/f7-firmware-D/.extapps/infrared/infrared_remote.o
 .text.infrared_remote_set_path
                0x00004934       0x20 build/f7-firmware-D/.extapps/infrared/infrared_remote.o
 .text.infrared_remote_alloc
                0x00004954       0x28 build/f7-firmware-D/.extapps/infrared/infrared_remote.o
                0x00004954                infrared_remote_alloc
 .text.infrared_remote_free
                0x0000497c       0x28 build/f7-firmware-D/.extapps/infrared/infrared_remote.o
                0x0000497c                infrared_remote_free
 .text.infrared_remote_reset
                0x000049a4       0x1c build/f7-firmware-D/.extapps/infrared/infrared_remote.o
                0x000049a4                infrared_remote_reset
 .text.infrared_remote_get_name
                0x000049c0       0x10 build/f7-firmware-D/.extapps/infrared/infrared_remote.o
                0x000049c0                infrared_remote_get_name
 .text.infrared_remote_get_path
                0x000049d0       0x10 build/f7-firmware-D/.extapps/infrared/infrared_remote.o
                0x000049d0                infrared_remote_get_path
 .text.infrared_remote_get_signal_count
                0x000049e0        0x4 build/f7-firmware-D/.extapps/infrared/infrared_remote.o
                0x000049e0                infrared_remote_get_signal_count
 .text.infrared_remote_batch_start
                0x000049e4      0x204 build/f7-firmware-D/.extapps/infrared/infrared_remote.o
 .text.infrared_remote_get_signal_name
                0x00004be8       0x28 build/f7-firmware-D/.extapps/infrared/infrared_remote.o
                0x00004be8                infrared_remote_get_signal_name
 .text.infrared_remote_load_signal
                0x00004c10       0xb4 build/f7-firmware-D/.extapps/infrared/infrared_remote.o
                0x00004c10                infrared_remote_load_signal
 .text.infrared_remote_get_signal_index
                0x00004cc4       0x48 build/f7-firmware-D/.extapps/infrared/infrared_remote.o
                0x00004cc4                infrared_remote_get_signal_index
 .text.infrared_remote_append_signal
                0x00004d0c       0x78 build/f7-firmware-D/.extapps/infrared/infrared_remote.o
                0x00004d0c                infrared_remote_append_signal
 .text.infrared_remote_insert_signal
                0x00004d84       0x44 build/f7-firmware-D/.extapps/infrared/infrared_remote.o
                0x00004d84                infrared_remote_insert_signal
 .text.infrared_remote_rename_signal
                0x00004dc8       0x40 build/f7-firmware-D/.extapps/infrared/infrared_remote.o
                0x00004dc8                infrared_remote_rename_signal
 .text.infrared_remote_delete_signal
                0x00004e08       0x40 build/f7-firmware-D/.extapps/infrared/infrared_remote.o
                0x00004e08                infrared_remote_delete_signal
 .text.infrared_remote_move_signal
                0x00004e48       0xac build/f7-firmware-D/.extapps/infrared/infrared_remote.o
                0x00004e48                infrared_remote_move_signal
 .text.infrared_remote_create
                0x00004ef4       0x90 build/f7-firmware-D/.extapps/infrared/infrared_remote.o
                0x00004ef4                infrared_remote_create
 .text.infrared_remote_load
                0x00004f84      0x134 build/f7-firmware-D/.extapps/infrared/infrared_remote.o
                0x00004f84                infrared_remote_load
 .text.infrared_remote_rename
                0x000050b8       0x54 build/f7-firmware-D/.extapps/infrared/infrared_remote.o
                0x000050b8                infrared_remote_rename
 .text.infrared_remote_remove
                0x0000510c       0x54 build/f7-firmware-D/.extapps/infrared/infrared_remote.o
                0x0000510c                infrared_remote_remove
 .text.infrared_find_index_by_protocol
                0x00005160       0x28 build/f7-firmware-D/lib/libinfrared.a(infrared.o)
 .text.infrared_get_variant_by_protocol
                0x00005188       0x2c build/f7-firmware-D/lib/libinfrared.a(infrared.o)
 .text.infrared_decode
                0x000051b4       0x44 build/f7-firmware-D/lib/libinfrared.a(infrared.o)
                0x000051b4                infrared_decode
 .text.infrared_free_decoder
                0x000051f8       0x40 build/f7-firmware-D/lib/libinfrared.a(infrared.o)
                0x000051f8                infrared_free_decoder
 .text.infrared_reset_decoder
                0x00005238       0x2c build/f7-firmware-D/lib/libinfrared.a(infrared.o)
                0x00005238                infrared_reset_decoder
 .text.infrared_alloc_decoder
                0x00005264       0x44 build/f7-firmware-D/lib/libinfrared.a(infrared.o)
                0x00005264                infrared_alloc_decoder
 .text.infrared_check_decoder_ready
                0x000052a8       0x38 build/f7-firmware-D/lib/libinfrared.a(infrared.o)
                0x000052a8                infrared_check_decoder_ready
 .text.infrared_alloc_encoder
                0x000052e0       0x10 build/f7-firmware-D/lib/libinfrared.a(infrared.o)
                0x000052e0                infrared_alloc_encoder
 .text.infrared_free_encoder
                0x000052f0       0x30 build/f7-firmware-D/lib/libinfrared.a(infrared.o)
                0x000052f0                infrared_free_encoder
 .text.infrared_reset_encoder
                0x00005320       0x60 build/f7-firmware-D/lib/libinfrared.a(infrared.o)
                0x00005320                infrared_reset_encoder
 .text.infrared_encode
                0x00005380       0x2a build/f7-firmware-D/lib/libinfrared.a(infrared.o)
                0x00005380                infrared_encode
 .text.infrared_is_protocol_valid
                0x000053aa        0xc build/f7-firmware-D/lib/libinfrared.a(infrared.o)
                0x000053aa                infrared_is_protocol_valid
 .text.infrared_get_protocol_name
                0x000053b6        0xa build/f7-firmware-D/lib/libinfrared.a(infrared.o)
                0x000053b6                infrared_get_protocol_name
 .text.infrared_get_protocol_by_name
                0x000053c0       0x2e build/f7-firmware-D/lib/libinfrared.a(infrared.o)
                0x000053c0                infrared_get_protocol_by_name
 .text.infrared_get_protocol_address_length
                0x000053ee        0xa build/f7-firmware-D/lib/libinfrared.a(infrared.o)
                0x000053ee                infrared_get_protocol_address_length
 .text.infrared_get_protocol_command_length
                0x000053f8        0xa build/f7-firmware-D/lib/libinfrared.a(infrared.o)
                0x000053f8                infrared_get_protocol_command_length
 .text.infrared_get_protocol_frequency
                0x00005402        0xa build/f7-firmware-D/lib/libinfrared.a(infrared.o)
                0x00005402                infrared_get_protocol_frequency
 .text.infrared_get_protocol_duty_cycle
                0x0000540c        0xc build/f7-firmware-D/lib/libinfrared.a(infrared.o)
                0x0000540c                infrared_get_protocol_duty_cycle
 .text.infrared_get_protocol_min_repeat_count
                0x00005418        0xa build/f7-firmware-D/lib/libinfrared.a(infrared.o)
                0x00005418                infrared_get_protocol_min_repeat_count
 .text.SignalPositionArray_set
                0x00005422       0x66 build/f7-firmware-D/lib/libinfrared.a(infrared_brute_force.o)
 .text.InfraredBruteForceRecordDict_list_pair_reset
                0x00005488       0x24 build/f7-firmware-D/lib/libinfrared.a(infrared_brute_force.o)
 .text.InfraredBruteForceRecordDict_array_list_pair_reset
                0x000054ac       0x20 build/f7-firmware-D/lib/libinfrared.a(infrared_brute_force.o)
 .text.InfraredBruteForceRecordDict_array_list_pair_resize
                0x000054cc       0x5a build/f7-firmware-D/lib/libinfrared.a(infrared_brute_force.o)
 .text.infrared_brute_force_alloc
                0x00005526       0x38 build/f7-firmware-D/lib/libinfrared.a(infrared_brute_force.o)
                0x00005526                infrared_brute_force_alloc
 .text.infrared_brute_force_free
                0x0000555e       0x32 build/f7-firmware-D/lib/libinfrared.a(infrared_brute_force.o)
                0x0000555e                infrared_brute_force_free
 .text.infrared_brute_force_set_db_filename
                0x00005590       0x10 build/f7-firmware-D/lib/libinfrared.a(infrared_brute_force.o)
                0x00005590                infrared_brute_force_set_db_filename
 .text.infrared_brute_force_calculate_messages
                0x000055a0       0xf8 build/f7-firmware-D/lib/libinfrared.a(infrared_brute_force.o)
                0x000055a0                infrared_brute_force_calculate_messages
 .text.infrared_brute_force_is_started
                0x00005698       0x12 build/f7-firmware-D/lib/libinfrared.a(infrared_brute_force.o)
                0x00005698                infrared_brute_force_is_started
 *fill*         0x000056aa        0x2 
 .text.infrared_brute_force_stop
                0x000056ac       0x38 build/f7-firmware-D/lib/libinfrared.a(infrared_brute_force.o)
                0x000056ac                infrared_brute_force_stop
 .text.infrared_brute_force_start
                0x000056e4       0x98 build/f7-firmware-D/lib/libinfrared.a(infrared_brute_force.o)
                0x000056e4                infrared_brute_force_start
 .text.infrared_brute_force_send
                0x0000577c       0x42 build/f7-firmware-D/lib/libinfrared.a(infrared_brute_force.o)
                0x0000577c                infrared_brute_force_send
 .text.infrared_brute_force_add_record
                0x000057be      0x12a build/f7-firmware-D/lib/libinfrared.a(infrared_brute_force.o)
                0x000057be                infrared_brute_force_add_record
 .text.infrared_brute_force_reset
                0x000058e8       0x22 build/f7-firmware-D/lib/libinfrared.a(infrared_brute_force.o)
                0x000058e8                infrared_brute_force_reset
 *fill*         0x0000590a        0x2 
 .text.infrared_signal_is_message_valid
                0x0000590c       0x74 build/f7-firmware-D/lib/libinfrared.a(infrared_signal.o)
 .text.infrared_signal_clear_timings
                0x00005980       0x16 build/f7-firmware-D/lib/libinfrared.a(infrared_signal.o)
 .text.infrared_signal_alloc
                0x00005996       0x12 build/f7-firmware-D/lib/libinfrared.a(infrared_signal.o)
                0x00005996                infrared_signal_alloc
 .text.infrared_signal_free
                0x000059a8       0x12 build/f7-firmware-D/lib/libinfrared.a(infrared_signal.o)
                0x000059a8                infrared_signal_free
 .text.infrared_signal_is_raw
                0x000059ba        0x4 build/f7-firmware-D/lib/libinfrared.a(infrared_signal.o)
                0x000059ba                infrared_signal_is_raw
 *fill*         0x000059be        0x2 
 .text.infrared_signal_is_valid
                0x000059c0       0xa8 build/f7-firmware-D/lib/libinfrared.a(infrared_signal.o)
                0x000059c0                infrared_signal_is_valid
 .text.infrared_signal_set_raw_signal
                0x00005a68       0x3c build/f7-firmware-D/lib/libinfrared.a(infrared_signal.o)
                0x00005a68                infrared_signal_set_raw_signal
 .text.infrared_signal_get_raw_signal
                0x00005aa4        0x4 build/f7-firmware-D/lib/libinfrared.a(infrared_signal.o)
                0x00005aa4                infrared_signal_get_raw_signal
 .text.infrared_signal_set_message
                0x00005aa8       0x1a build/f7-firmware-D/lib/libinfrared.a(infrared_signal.o)
                0x00005aa8                infrared_signal_set_message
 *fill*         0x00005ac2        0x2 
 .text.infrared_signal_read_body
                0x00005ac4      0x194 build/f7-firmware-D/lib/libinfrared.a(infrared_signal.o)
                0x00005ac4                infrared_signal_read_body
 .text.infrared_signal_get_message
                0x00005c58        0x4 build/f7-firmware-D/lib/libinfrared.a(infrared_signal.o)
                0x00005c58                infrared_signal_get_message
 .text.infrared_signal_save
                0x00005c5c      0x114 build/f7-firmware-D/lib/libinfrared.a(infrared_signal.o)
                0x00005c5c                infrared_signal_save
 .text.infrared_signal_read_name
                0x00005d70       0x1c build/f7-firmware-D/lib/libinfrared.a(infrared_signal.o)
                0x00005d70                infrared_signal_read_name
 .text.infrared_signal_read
                0x00005d8c       0x20 build/f7-firmware-D/lib/libinfrared.a(infrared_signal.o)
                0x00005d8c                infrared_signal_read
 .text.infrared_signal_search_by_index_and_read
                0x00005dac       0x48 build/f7-firmware-D/lib/libinfrared.a(infrared_signal.o)
                0x00005dac                infrared_signal_search_by_index_and_read
 .text.infrared_signal_transmit
                0x00005df4       0x1c build/f7-firmware-D/lib/libinfrared.a(infrared_signal.o)
                0x00005df4                infrared_signal_transmit
 .text.infrared_get_raw_data_callback
                0x00005e10       0x54 build/f7-firmware-D/lib/libinfrared.a(infrared_transmit.o)
                0x00005e10                infrared_get_raw_data_callback
 .text.infrared_get_data_callback
                0x00005e64       0x44 build/f7-firmware-D/lib/libinfrared.a(infrared_transmit.o)
                0x00005e64                infrared_get_data_callback
 .text.infrared_send_raw_ext
                0x00005ea8       0x64 build/f7-firmware-D/lib/libinfrared.a(infrared_transmit.o)
                0x00005ea8                infrared_send_raw_ext
 .text.infrared_send
                0x00005f0c       0x8c build/f7-firmware-D/lib/libinfrared.a(infrared_transmit.o)
                0x00005f0c                infrared_send
 .text.infrared_worker_rx_callback
                0x00005f98       0x42 build/f7-firmware-D/lib/libinfrared.a(infrared_worker.o)
 .text.infrared_worker_furi_hal_data_isr_callback
                0x00005fda       0x52 build/f7-firmware-D/lib/libinfrared.a(infrared_worker.o)
 .text.infrared_worker_rx_thread
                0x0000602c      0x1a4 build/f7-firmware-D/lib/libinfrared.a(infrared_worker.o)
 .text.infrared_get_new_signal
                0x000061d0       0x90 build/f7-firmware-D/lib/libinfrared.a(infrared_worker.o)
 .text.infrared_worker_tx_fill_buffer
                0x00006260       0x94 build/f7-firmware-D/lib/libinfrared.a(infrared_worker.o)
 .text.infrared_worker_tx_thread
                0x000062f4      0x130 build/f7-firmware-D/lib/libinfrared.a(infrared_worker.o)
 .text.infrared_worker_rx_timeout_callback
                0x00006424       0x1c build/f7-firmware-D/lib/libinfrared.a(infrared_worker.o)
 .text.infrared_worker_furi_hal_message_sent_isr_callback
                0x00006440       0x1c build/f7-firmware-D/lib/libinfrared.a(infrared_worker.o)
 .text.infrared_worker_rx_set_received_signal_callback
                0x0000645c       0x16 build/f7-firmware-D/lib/libinfrared.a(infrared_worker.o)
                0x0000645c                infrared_worker_rx_set_received_signal_callback
 *fill*         0x00006472        0x2 
 .text.infrared_worker_alloc
                0x00006474       0x58 build/f7-firmware-D/lib/libinfrared.a(infrared_worker.o)
                0x00006474                infrared_worker_alloc
 .text.infrared_worker_free
                0x000064cc       0x44 build/f7-firmware-D/lib/libinfrared.a(infrared_worker.o)
                0x000064cc                infrared_worker_free
 .text.infrared_worker_rx_start
                0x00006510       0x64 build/f7-firmware-D/lib/libinfrared.a(infrared_worker.o)
                0x00006510                infrared_worker_rx_start
 .text.infrared_worker_rx_stop
                0x00006574       0x4c build/f7-firmware-D/lib/libinfrared.a(infrared_worker.o)
                0x00006574                infrared_worker_rx_stop
 .text.infrared_worker_signal_is_decoded
                0x000065c0       0x10 build/f7-firmware-D/lib/libinfrared.a(infrared_worker.o)
                0x000065c0                infrared_worker_signal_is_decoded
 .text.infrared_worker_get_raw_signal
                0x000065d0       0x20 build/f7-firmware-D/lib/libinfrared.a(infrared_worker.o)
                0x000065d0                infrared_worker_get_raw_signal
 .text.infrared_worker_get_decoded_signal
                0x000065f0       0x10 build/f7-firmware-D/lib/libinfrared.a(infrared_worker.o)
                0x000065f0                infrared_worker_get_decoded_signal
 .text.infrared_worker_rx_enable_blink_on_receiving
                0x00006600       0x16 build/f7-firmware-D/lib/libinfrared.a(infrared_worker.o)
                0x00006600                infrared_worker_rx_enable_blink_on_receiving
 *fill*         0x00006616        0x2 
 .text.infrared_worker_tx_start
                0x00006618       0x5c build/f7-firmware-D/lib/libinfrared.a(infrared_worker.o)
                0x00006618                infrared_worker_tx_start
 .text.infrared_worker_tx_set_get_signal_callback
                0x00006674       0x16 build/f7-firmware-D/lib/libinfrared.a(infrared_worker.o)
                0x00006674                infrared_worker_tx_set_get_signal_callback
 .text.infrared_worker_tx_stop
                0x0000668a       0x4c build/f7-firmware-D/lib/libinfrared.a(infrared_worker.o)
                0x0000668a                infrared_worker_tx_stop
 .text.infrared_worker_set_decoded_signal
                0x000066d6       0x20 build/f7-firmware-D/lib/libinfrared.a(infrared_worker.o)
                0x000066d6                infrared_worker_set_decoded_signal
 *fill*         0x000066f6        0x2 
 .text.infrared_worker_set_raw_signal
                0x000066f8       0x6c build/f7-firmware-D/lib/libinfrared.a(infrared_worker.o)
                0x000066f8                infrared_worker_set_raw_signal
 .text.infrared_worker_tx_get_signal_steady_callback
                0x00006764       0x1c build/f7-firmware-D/lib/libinfrared.a(infrared_worker.o)
                0x00006764                infrared_worker_tx_get_signal_steady_callback
 .text.infrared_decoder_kaseikyo_check_ready
                0x00006780        0x4 build/f7-firmware-D/lib/libinfrared.a(infrared_decoder_kaseikyo.o)
                0x00006780                infrared_decoder_kaseikyo_check_ready
 .text.infrared_decoder_kaseikyo_interpret
                0x00006784       0x6e build/f7-firmware-D/lib/libinfrared.a(infrared_decoder_kaseikyo.o)
                0x00006784                infrared_decoder_kaseikyo_interpret
 *fill*         0x000067f2        0x2 
 .text.infrared_decoder_kaseikyo_alloc
                0x000067f4        0xc build/f7-firmware-D/lib/libinfrared.a(infrared_decoder_kaseikyo.o)
                0x000067f4                infrared_decoder_kaseikyo_alloc
 .text.infrared_decoder_kaseikyo_decode
                0x00006800        0x4 build/f7-firmware-D/lib/libinfrared.a(infrared_decoder_kaseikyo.o)
                0x00006800                infrared_decoder_kaseikyo_decode
 .text.infrared_decoder_kaseikyo_free
                0x00006804        0x4 build/f7-firmware-D/lib/libinfrared.a(infrared_decoder_kaseikyo.o)
                0x00006804                infrared_decoder_kaseikyo_free
 .text.infrared_decoder_kaseikyo_reset
                0x00006808        0x4 build/f7-firmware-D/lib/libinfrared.a(infrared_decoder_kaseikyo.o)
                0x00006808                infrared_decoder_kaseikyo_reset
 .text.infrared_encoder_kaseikyo_reset
                0x0000680c       0x58 build/f7-firmware-D/lib/libinfrared.a(infrared_encoder_kaseikyo.o)
                0x0000680c                infrared_encoder_kaseikyo_reset
 .text.infrared_encoder_kaseikyo_alloc
                0x00006864        0xc build/f7-firmware-D/lib/libinfrared.a(infrared_encoder_kaseikyo.o)
                0x00006864                infrared_encoder_kaseikyo_alloc
 .text.infrared_encoder_kaseikyo_free
                0x00006870        0x4 build/f7-firmware-D/lib/libinfrared.a(infrared_encoder_kaseikyo.o)
                0x00006870                infrared_encoder_kaseikyo_free
 .text.infrared_encoder_kaseikyo_encode
                0x00006874        0x4 build/f7-firmware-D/lib/libinfrared.a(infrared_encoder_kaseikyo.o)
                0x00006874                infrared_encoder_kaseikyo_encode
 .text.infrared_protocol_kaseikyo_get_variant
                0x00006878       0x10 build/f7-firmware-D/lib/libinfrared.a(infrared_protocol_kaseikyo.o)
                0x00006878                infrared_protocol_kaseikyo_get_variant
 .text.infrared_decoder_nec_check_ready
                0x00006888        0x4 build/f7-firmware-D/lib/libinfrared.a(infrared_decoder_nec.o)
                0x00006888                infrared_decoder_nec_check_ready
 .text.infrared_decoder_nec_interpret
                0x0000688c       0x8e build/f7-firmware-D/lib/libinfrared.a(infrared_decoder_nec.o)
                0x0000688c                infrared_decoder_nec_interpret
 *fill*         0x0000691a        0x2 
 .text.infrared_decoder_nec_decode_repeat
                0x0000691c       0xa8 build/f7-firmware-D/lib/libinfrared.a(infrared_decoder_nec.o)
                0x0000691c                infrared_decoder_nec_decode_repeat
 .text.infrared_decoder_nec_alloc
                0x000069c4        0xc build/f7-firmware-D/lib/libinfrared.a(infrared_decoder_nec.o)
                0x000069c4                infrared_decoder_nec_alloc
 .text.infrared_decoder_nec_decode
                0x000069d0        0x4 build/f7-firmware-D/lib/libinfrared.a(infrared_decoder_nec.o)
                0x000069d0                infrared_decoder_nec_decode
 .text.infrared_decoder_nec_free
                0x000069d4        0x4 build/f7-firmware-D/lib/libinfrared.a(infrared_decoder_nec.o)
                0x000069d4                infrared_decoder_nec_free
 .text.infrared_decoder_nec_reset
                0x000069d8        0x4 build/f7-firmware-D/lib/libinfrared.a(infrared_decoder_nec.o)
                0x000069d8                infrared_decoder_nec_reset
 .text.infrared_encoder_nec_reset
                0x000069dc       0xa8 build/f7-firmware-D/lib/libinfrared.a(infrared_encoder_nec.o)
                0x000069dc                infrared_encoder_nec_reset
 .text.infrared_encoder_nec_encode_repeat
                0x00006a84       0x54 build/f7-firmware-D/lib/libinfrared.a(infrared_encoder_nec.o)
                0x00006a84                infrared_encoder_nec_encode_repeat
 .text.infrared_encoder_nec_alloc
                0x00006ad8        0xc build/f7-firmware-D/lib/libinfrared.a(infrared_encoder_nec.o)
                0x00006ad8                infrared_encoder_nec_alloc
 .text.infrared_encoder_nec_free
                0x00006ae4        0x4 build/f7-firmware-D/lib/libinfrared.a(infrared_encoder_nec.o)
                0x00006ae4                infrared_encoder_nec_free
 .text.infrared_encoder_nec_encode
                0x00006ae8        0x4 build/f7-firmware-D/lib/libinfrared.a(infrared_encoder_nec.o)
                0x00006ae8                infrared_encoder_nec_encode
 .text.infrared_protocol_nec_get_variant
                0x00006aec       0x14 build/f7-firmware-D/lib/libinfrared.a(infrared_protocol_nec.o)
                0x00006aec                infrared_protocol_nec_get_variant
 .text.infrared_decoder_pioneer_check_ready
                0x00006b00        0x4 build/f7-firmware-D/lib/libinfrared.a(infrared_decoder_pioneer.o)
                0x00006b00                infrared_decoder_pioneer_check_ready
 .text.infrared_decoder_pioneer_interpret
                0x00006b04       0x4c build/f7-firmware-D/lib/libinfrared.a(infrared_decoder_pioneer.o)
                0x00006b04                infrared_decoder_pioneer_interpret
 .text.infrared_decoder_pioneer_alloc
                0x00006b50        0xc build/f7-firmware-D/lib/libinfrared.a(infrared_decoder_pioneer.o)
                0x00006b50                infrared_decoder_pioneer_alloc
 .text.infrared_decoder_pioneer_decode
                0x00006b5c        0x4 build/f7-firmware-D/lib/libinfrared.a(infrared_decoder_pioneer.o)
                0x00006b5c                infrared_decoder_pioneer_decode
 .text.infrared_decoder_pioneer_free
                0x00006b60        0x4 build/f7-firmware-D/lib/libinfrared.a(infrared_decoder_pioneer.o)
                0x00006b60                infrared_decoder_pioneer_free
 .text.infrared_decoder_pioneer_reset
                0x00006b64        0x4 build/f7-firmware-D/lib/libinfrared.a(infrared_decoder_pioneer.o)
                0x00006b64                infrared_decoder_pioneer_reset
 .text.infrared_encoder_pioneer_reset
                0x00006b68       0x3a build/f7-firmware-D/lib/libinfrared.a(infrared_encoder_pioneer.o)
                0x00006b68                infrared_encoder_pioneer_reset
 *fill*         0x00006ba2        0x2 
 .text.infrared_encoder_pioneer_alloc
                0x00006ba4        0xc build/f7-firmware-D/lib/libinfrared.a(infrared_encoder_pioneer.o)
                0x00006ba4                infrared_encoder_pioneer_alloc
 .text.infrared_encoder_pioneer_free
                0x00006bb0        0x4 build/f7-firmware-D/lib/libinfrared.a(infrared_encoder_pioneer.o)
                0x00006bb0                infrared_encoder_pioneer_free
 .text.infrared_encoder_pioneer_encode_repeat
                0x00006bb4       0x18 build/f7-firmware-D/lib/libinfrared.a(infrared_encoder_pioneer.o)
                0x00006bb4                infrared_encoder_pioneer_encode_repeat
 .text.infrared_encoder_pioneer_encode
                0x00006bcc       0x1c build/f7-firmware-D/lib/libinfrared.a(infrared_encoder_pioneer.o)
                0x00006bcc                infrared_encoder_pioneer_encode
 .text.infrared_protocol_pioneer_get_variant
                0x00006be8       0x10 build/f7-firmware-D/lib/libinfrared.a(infrared_protocol_pioneer.o)
                0x00006be8                infrared_protocol_pioneer_get_variant
 .text.reverse  0x00006bf8       0x2a build/f7-firmware-D/lib/libinfrared.a(infrared_decoder_rc5.o)
 .text.infrared_decoder_rc5_check_ready
                0x00006c22        0x6 build/f7-firmware-D/lib/libinfrared.a(infrared_decoder_rc5.o)
                0x00006c22                infrared_decoder_rc5_check_ready
 .text.infrared_decoder_rc5_interpret
                0x00006c28       0x8e build/f7-firmware-D/lib/libinfrared.a(infrared_decoder_rc5.o)
                0x00006c28                infrared_decoder_rc5_interpret
 *fill*         0x00006cb6        0x2 
 .text.infrared_decoder_rc5_alloc
                0x00006cb8       0x20 build/f7-firmware-D/lib/libinfrared.a(infrared_decoder_rc5.o)
                0x00006cb8                infrared_decoder_rc5_alloc
 .text.infrared_decoder_rc5_decode
                0x00006cd8        0x6 build/f7-firmware-D/lib/libinfrared.a(infrared_decoder_rc5.o)
                0x00006cd8                infrared_decoder_rc5_decode
 .text.infrared_decoder_rc5_free
                0x00006cde       0x14 build/f7-firmware-D/lib/libinfrared.a(infrared_decoder_rc5.o)
                0x00006cde                infrared_decoder_rc5_free
 .text.infrared_decoder_rc5_reset
                0x00006cf2        0x6 build/f7-firmware-D/lib/libinfrared.a(infrared_decoder_rc5.o)
                0x00006cf2                infrared_decoder_rc5_reset
 .text.reverse  0x00006cf8       0x2a build/f7-firmware-D/lib/libinfrared.a(infrared_encoder_rc5.o)
 .text.infrared_encoder_rc5_reset
                0x00006d22       0x6a build/f7-firmware-D/lib/libinfrared.a(infrared_encoder_rc5.o)
                0x00006d22                infrared_encoder_rc5_reset
 .text.infrared_encoder_rc5_encode
                0x00006d8c        0x6 build/f7-firmware-D/lib/libinfrared.a(infrared_encoder_rc5.o)
                0x00006d8c                infrared_encoder_rc5_encode
 *fill*         0x00006d92        0x2 
 .text.infrared_encoder_rc5_alloc
                0x00006d94       0x20 build/f7-firmware-D/lib/libinfrared.a(infrared_encoder_rc5.o)
                0x00006d94                infrared_encoder_rc5_alloc
 .text.infrared_encoder_rc5_free
                0x00006db4       0x14 build/f7-firmware-D/lib/libinfrared.a(infrared_encoder_rc5.o)
                0x00006db4                infrared_encoder_rc5_free
 .text.infrared_protocol_rc5_get_variant
                0x00006dc8       0x1c build/f7-firmware-D/lib/libinfrared.a(infrared_protocol_rc5.o)
                0x00006dc8                infrared_protocol_rc5_get_variant
 .text.reverse  0x00006de4       0x2a build/f7-firmware-D/lib/libinfrared.a(infrared_decoder_rc6.o)
 .text.infrared_decoder_rc6_check_ready
                0x00006e0e        0x6 build/f7-firmware-D/lib/libinfrared.a(infrared_decoder_rc6.o)
                0x00006e0e                infrared_decoder_rc6_check_ready
 .text.infrared_decoder_rc6_interpret
                0x00006e14       0x76 build/f7-firmware-D/lib/libinfrared.a(infrared_decoder_rc6.o)
                0x00006e14                infrared_decoder_rc6_interpret
 .text.infrared_decoder_rc6_decode_manchester
                0x00006e8a       0xa0 build/f7-firmware-D/lib/libinfrared.a(infrared_decoder_rc6.o)
                0x00006e8a                infrared_decoder_rc6_decode_manchester
 *fill*         0x00006f2a        0x2 
 .text.infrared_decoder_rc6_alloc
                0x00006f2c       0x20 build/f7-firmware-D/lib/libinfrared.a(infrared_decoder_rc6.o)
                0x00006f2c                infrared_decoder_rc6_alloc
 .text.infrared_decoder_rc6_decode
                0x00006f4c        0x6 build/f7-firmware-D/lib/libinfrared.a(infrared_decoder_rc6.o)
                0x00006f4c                infrared_decoder_rc6_decode
 .text.infrared_decoder_rc6_free
                0x00006f52       0x14 build/f7-firmware-D/lib/libinfrared.a(infrared_decoder_rc6.o)
                0x00006f52                infrared_decoder_rc6_free
 .text.infrared_decoder_rc6_reset
                0x00006f66        0x6 build/f7-firmware-D/lib/libinfrared.a(infrared_decoder_rc6.o)
                0x00006f66                infrared_decoder_rc6_reset
 .text.reverse  0x00006f6c       0x2a build/f7-firmware-D/lib/libinfrared.a(infrared_encoder_rc6.o)
 .text.infrared_encoder_rc6_reset
                0x00006f96       0x4a build/f7-firmware-D/lib/libinfrared.a(infrared_encoder_rc6.o)
                0x00006f96                infrared_encoder_rc6_reset
 .text.infrared_encoder_rc6_encode
                0x00006fe0        0x6 build/f7-firmware-D/lib/libinfrared.a(infrared_encoder_rc6.o)
                0x00006fe0                infrared_encoder_rc6_encode
 *fill*         0x00006fe6        0x2 
 .text.infrared_encoder_rc6_alloc
                0x00006fe8       0x20 build/f7-firmware-D/lib/libinfrared.a(infrared_encoder_rc6.o)
                0x00006fe8                infrared_encoder_rc6_alloc
 .text.infrared_encoder_rc6_free
                0x00007008       0x14 build/f7-firmware-D/lib/libinfrared.a(infrared_encoder_rc6.o)
                0x00007008                infrared_encoder_rc6_free
 .text.infrared_encoder_rc6_encode_manchester
                0x0000701c       0x16 build/f7-firmware-D/lib/libinfrared.a(infrared_encoder_rc6.o)
                0x0000701c                infrared_encoder_rc6_encode_manchester
 *fill*         0x00007032        0x2 
 .text.infrared_protocol_rc6_get_variant
                0x00007034       0x10 build/f7-firmware-D/lib/libinfrared.a(infrared_protocol_rc6.o)
                0x00007034                infrared_protocol_rc6_get_variant
 .text.infrared_decoder_rca_check_ready
                0x00007044        0x4 build/f7-firmware-D/lib/libinfrared.a(infrared_decoder_rca.o)
                0x00007044                infrared_decoder_rca_check_ready
 .text.infrared_decoder_rca_interpret
                0x00007048       0x3a build/f7-firmware-D/lib/libinfrared.a(infrared_decoder_rca.o)
                0x00007048                infrared_decoder_rca_interpret
 *fill*         0x00007082        0x2 
 .text.infrared_decoder_rca_alloc
                0x00007084        0xc build/f7-firmware-D/lib/libinfrared.a(infrared_decoder_rca.o)
                0x00007084                infrared_decoder_rca_alloc
 .text.infrared_decoder_rca_decode
                0x00007090        0x4 build/f7-firmware-D/lib/libinfrared.a(infrared_decoder_rca.o)
                0x00007090                infrared_decoder_rca_decode
 .text.infrared_decoder_rca_free
                0x00007094        0x4 build/f7-firmware-D/lib/libinfrared.a(infrared_decoder_rca.o)
                0x00007094                infrared_decoder_rca_free
 .text.infrared_decoder_rca_reset
                0x00007098        0x4 build/f7-firmware-D/lib/libinfrared.a(infrared_decoder_rca.o)
                0x00007098                infrared_decoder_rca_reset
 .text.infrared_encoder_rca_reset
                0x0000709c       0x36 build/f7-firmware-D/lib/libinfrared.a(infrared_encoder_rca.o)
                0x0000709c                infrared_encoder_rca_reset
 *fill*         0x000070d2        0x2 
 .text.infrared_encoder_rca_alloc
                0x000070d4        0xc build/f7-firmware-D/lib/libinfrared.a(infrared_encoder_rca.o)
                0x000070d4                infrared_encoder_rca_alloc
 .text.infrared_encoder_rca_free
                0x000070e0        0x4 build/f7-firmware-D/lib/libinfrared.a(infrared_encoder_rca.o)
                0x000070e0                infrared_encoder_rca_free
 .text.infrared_encoder_rca_encode
                0x000070e4        0x4 build/f7-firmware-D/lib/libinfrared.a(infrared_encoder_rca.o)
                0x000070e4                infrared_encoder_rca_encode
 .text.infrared_protocol_rca_get_variant
                0x000070e8       0x10 build/f7-firmware-D/lib/libinfrared.a(infrared_protocol_rca.o)
                0x000070e8                infrared_protocol_rca_get_variant
 .text.infrared_decoder_samsung32_check_ready
                0x000070f8        0x4 build/f7-firmware-D/lib/libinfrared.a(infrared_decoder_samsung.o)
                0x000070f8                infrared_decoder_samsung32_check_ready
 .text.infrared_decoder_samsung32_interpret
                0x000070fc       0x34 build/f7-firmware-D/lib/libinfrared.a(infrared_decoder_samsung.o)
                0x000070fc                infrared_decoder_samsung32_interpret
 .text.infrared_decoder_samsung32_decode_repeat
                0x00007130       0xb0 build/f7-firmware-D/lib/libinfrared.a(infrared_decoder_samsung.o)
                0x00007130                infrared_decoder_samsung32_decode_repeat
 .text.infrared_decoder_samsung32_alloc
                0x000071e0        0xc build/f7-firmware-D/lib/libinfrared.a(infrared_decoder_samsung.o)
                0x000071e0                infrared_decoder_samsung32_alloc
 .text.infrared_decoder_samsung32_decode
                0x000071ec        0x4 build/f7-firmware-D/lib/libinfrared.a(infrared_decoder_samsung.o)
                0x000071ec                infrared_decoder_samsung32_decode
 .text.infrared_decoder_samsung32_free
                0x000071f0        0x4 build/f7-firmware-D/lib/libinfrared.a(infrared_decoder_samsung.o)
                0x000071f0                infrared_decoder_samsung32_free
 .text.infrared_decoder_samsung32_reset
                0x000071f4        0x4 build/f7-firmware-D/lib/libinfrared.a(infrared_decoder_samsung.o)
                0x000071f4                infrared_decoder_samsung32_reset
 .text.infrared_encoder_samsung32_reset
                0x000071f8       0x2e build/f7-firmware-D/lib/libinfrared.a(infrared_encoder_samsung.o)
                0x000071f8                infrared_encoder_samsung32_reset
 *fill*         0x00007226        0x2 
 .text.infrared_encoder_samsung32_encode_repeat
                0x00007228       0x58 build/f7-firmware-D/lib/libinfrared.a(infrared_encoder_samsung.o)
                0x00007228                infrared_encoder_samsung32_encode_repeat
 .text.infrared_encoder_samsung32_alloc
                0x00007280        0xc build/f7-firmware-D/lib/libinfrared.a(infrared_encoder_samsung.o)
                0x00007280                infrared_encoder_samsung32_alloc
 .text.infrared_encoder_samsung32_free
                0x0000728c        0x4 build/f7-firmware-D/lib/libinfrared.a(infrared_encoder_samsung.o)
                0x0000728c                infrared_encoder_samsung32_free
 .text.infrared_encoder_samsung32_encode
                0x00007290        0x4 build/f7-firmware-D/lib/libinfrared.a(infrared_encoder_samsung.o)
                0x00007290                infrared_encoder_samsung32_encode
 .text.infrared_protocol_samsung32_get_variant
                0x00007294       0x10 build/f7-firmware-D/lib/libinfrared.a(infrared_protocol_samsung.o)
                0x00007294                infrared_protocol_samsung32_get_variant
 .text.infrared_decoder_sirc_check_ready
                0x000072a4        0x4 build/f7-firmware-D/lib/libinfrared.a(infrared_decoder_sirc.o)
                0x000072a4                infrared_decoder_sirc_check_ready
 .text.infrared_decoder_sirc_interpret
                0x000072a8       0x52 build/f7-firmware-D/lib/libinfrared.a(infrared_decoder_sirc.o)
                0x000072a8                infrared_decoder_sirc_interpret
 *fill*         0x000072fa        0x2 
 .text.infrared_decoder_sirc_alloc
                0x000072fc        0xc build/f7-firmware-D/lib/libinfrared.a(infrared_decoder_sirc.o)
                0x000072fc                infrared_decoder_sirc_alloc
 .text.infrared_decoder_sirc_decode
                0x00007308        0x4 build/f7-firmware-D/lib/libinfrared.a(infrared_decoder_sirc.o)
                0x00007308                infrared_decoder_sirc_decode
 .text.infrared_decoder_sirc_free
                0x0000730c        0x4 build/f7-firmware-D/lib/libinfrared.a(infrared_decoder_sirc.o)
                0x0000730c                infrared_decoder_sirc_free
 .text.infrared_decoder_sirc_reset
                0x00007310        0x4 build/f7-firmware-D/lib/libinfrared.a(infrared_decoder_sirc.o)
                0x00007310                infrared_decoder_sirc_reset
 .text.infrared_encoder_sirc_reset
                0x00007314       0x6c build/f7-firmware-D/lib/libinfrared.a(infrared_encoder_sirc.o)
                0x00007314                infrared_encoder_sirc_reset
 .text.infrared_encoder_sirc_encode_repeat
                0x00007380       0x1c build/f7-firmware-D/lib/libinfrared.a(infrared_encoder_sirc.o)
                0x00007380                infrared_encoder_sirc_encode_repeat
 .text.infrared_encoder_sirc_alloc
                0x0000739c        0xc build/f7-firmware-D/lib/libinfrared.a(infrared_encoder_sirc.o)
                0x0000739c                infrared_encoder_sirc_alloc
 .text.infrared_encoder_sirc_free
                0x000073a8        0x4 build/f7-firmware-D/lib/libinfrared.a(infrared_encoder_sirc.o)
                0x000073a8                infrared_encoder_sirc_free
 .text.infrared_encoder_sirc_encode
                0x000073ac       0x1c build/f7-firmware-D/lib/libinfrared.a(infrared_encoder_sirc.o)
                0x000073ac                infrared_encoder_sirc_encode
 .text.infrared_protocol_sirc_get_variant
                0x000073c8       0x28 build/f7-firmware-D/lib/libinfrared.a(infrared_protocol_sirc.o)
                0x000073c8                infrared_protocol_sirc_get_variant
 .text.consume_samples
                0x000073f0       0x1e build/f7-firmware-D/lib/libinfrared.a(infrared_common_decoder.o)
 .text.accumulate_lsb
                0x0000740e       0x2a build/f7-firmware-D/lib/libinfrared.a(infrared_common_decoder.o)
 .text.infrared_common_decoder_reset_state
                0x00007438       0x30 build/f7-firmware-D/lib/libinfrared.a(infrared_common_decoder.o)
 .text.infrared_common_decode_pdwm
                0x00007468       0x5a build/f7-firmware-D/lib/libinfrared.a(infrared_common_decoder.o)
                0x00007468                infrared_common_decode_pdwm
 .text.infrared_common_decode_manchester
                0x000074c2       0xaa build/f7-firmware-D/lib/libinfrared.a(infrared_common_decoder.o)
                0x000074c2                infrared_common_decode_manchester
 .text.infrared_common_decoder_check_ready
                0x0000756c       0x46 build/f7-firmware-D/lib/libinfrared.a(infrared_common_decoder.o)
                0x0000756c                infrared_common_decoder_check_ready
 .text.infrared_common_decoder_alloc
                0x000075b2       0x24 build/f7-firmware-D/lib/libinfrared.a(infrared_common_decoder.o)
                0x000075b2                infrared_common_decoder_alloc
 .text.infrared_common_decoder_free
                0x000075d6        0x4 build/f7-firmware-D/lib/libinfrared.a(infrared_common_decoder.o)
                0x000075d6                infrared_common_decoder_free
 .text.infrared_common_decoder_reset
                0x000075da       0x10 build/f7-firmware-D/lib/libinfrared.a(infrared_common_decoder.o)
                0x000075da                infrared_common_decoder_reset
 .text.infrared_common_decode
                0x000075ea      0x1f4 build/f7-firmware-D/lib/libinfrared.a(infrared_common_decoder.o)
                0x000075ea                infrared_common_decode
 .text.infrared_common_encode_manchester
                0x000077de       0x44 build/f7-firmware-D/lib/libinfrared.a(infrared_common_encoder.o)
                0x000077de                infrared_common_encode_manchester
 .text.infrared_common_encode_pdwm
                0x00007822       0x54 build/f7-firmware-D/lib/libinfrared.a(infrared_common_encoder.o)
                0x00007822                infrared_common_encode_pdwm
 .text.infrared_common_encode
                0x00007876       0xae build/f7-firmware-D/lib/libinfrared.a(infrared_common_encoder.o)
                0x00007876                infrared_common_encode
 .text.infrared_common_encoder_alloc
                0x00007924       0x2c build/f7-firmware-D/lib/libinfrared.a(infrared_common_encoder.o)
                0x00007924                infrared_common_encoder_alloc
 .text.infrared_common_encoder_free
                0x00007950        0x4 build/f7-firmware-D/lib/libinfrared.a(infrared_common_encoder.o)
                0x00007950                infrared_common_encoder_free
 .text.infrared_common_encoder_reset
                0x00007954       0x40 build/f7-firmware-D/lib/libinfrared.a(infrared_common_encoder.o)
                0x00007954                infrared_common_encoder_reset
 *(.text.*)
 *(.text._*)
 *(.init)
 *(.fini)

.rodata         0x00007994     0x27bc
 *(.rodata)
 .rodata        0x00007994        0x8 build/f7-firmware-D/.extapps/infrared/scenes/infrared_scene_edit_delete.o
 .rodata        0x0000799c        0x8 build/f7-firmware-D/.extapps/infrared/scenes/infrared_scene_edit_move.o
 .rodata        0x000079a4        0x8 build/f7-firmware-D/.extapps/infrared/scenes/infrared_scene_edit_rename.o
 *(.rodata1)
 *(.rodata.*)
 .rodata.infrared_scene_handlers
                0x000079ac       0x10 build/f7-firmware-D/.extapps/infrared/scenes/infrared_scene.o
                0x000079ac                infrared_scene_handlers
 .rodata.infrared_on_exit_handlers
                0x000079bc       0x64 build/f7-firmware-D/.extapps/infrared/scenes/infrared_scene.o
                0x000079bc                infrared_on_exit_handlers
 .rodata.infrared_on_event_handlers
                0x00007a20       0x64 build/f7-firmware-D/.extapps/infrared/scenes/infrared_scene.o
                0x00007a20                infrared_on_event_handlers
 .rodata.infrared_on_enter_handlers
                0x00007a84       0x64 build/f7-firmware-D/.extapps/infrared/scenes/infrared_scene.o
                0x00007a84                infrared_on_enter_handlers
 .rodata.infrared_scene_ask_back_on_enter.str1.4
                0x00007ae8       0x5d build/f7-firmware-D/.extapps/infrared/scenes/infrared_scene_ask_back.o
 *fill*         0x00007b45        0x3 
 .rodata.infrared_scene_ask_retry_on_enter.str1.4
                0x00007b48       0x3d build/f7-firmware-D/.extapps/infrared/scenes/infrared_scene_ask_retry.o
 *fill*         0x00007b85        0x3 
 .rodata.infrared_scene_debug_on_enter.str1.4
                0x00007b88       0x22 build/f7-firmware-D/.extapps/infrared/scenes/infrared_scene_debug.o
 *fill*         0x00007baa        0x2 
 .rodata.infrared_scene_debug_on_event.str1.4
                0x00007bac       0x77 build/f7-firmware-D/.extapps/infrared/scenes/infrared_scene_debug.o
 *fill*         0x00007c23        0x1 
 .rodata.infrared_scene_edit_on_enter.str1.4
                0x00007c24       0x56 build/f7-firmware-D/.extapps/infrared/scenes/infrared_scene_edit.o
 *fill*         0x00007c7a        0x2 
 .rodata.infrared_scene_edit_button_select_on_enter.str1.4
                0x00007c7c       0x1f build/f7-firmware-D/.extapps/infrared/scenes/infrared_scene_edit_button_select.o
 *fill*         0x00007c9b        0x1 
 .rodata.infrared_scene_edit_delete_on_enter.str1.4
                0x00007c9c       0xc7 build/f7-firmware-D/.extapps/infrared/scenes/infrared_scene_edit_delete.o
 *fill*         0x00007d63        0x1 
 .rodata.infrared_scene_edit_delete_on_event.str1.4
                0x00007d64       0x24 build/f7-firmware-D/.extapps/infrared/scenes/infrared_scene_edit_delete.o
 .rodata.infrared_scene_edit_delete_done_on_enter.str1.4
                0x00007d88        0x8 build/f7-firmware-D/.extapps/infrared/scenes/infrared_scene_edit_delete_done.o
 .rodata.infrared_scene_edit_move_on_event.str1.4
                0x00007d90       0x50 build/f7-firmware-D/.extapps/infrared/scenes/infrared_scene_edit_move.o
 .rodata.infrared_scene_edit_rename_on_enter.str1.4
                0x00007de0       0x24 build/f7-firmware-D/.extapps/infrared/scenes/infrared_scene_edit_rename.o
 .rodata.infrared_scene_edit_rename_on_event.str1.4
                0x00007e04       0x60 build/f7-firmware-D/.extapps/infrared/scenes/infrared_scene_edit_rename.o
 .rodata.infrared_scene_edit_rename_done_on_enter.str1.4
                0x00007e64        0x6 build/f7-firmware-D/.extapps/infrared/scenes/infrared_scene_edit_rename_done.o
 *fill*         0x00007e6a        0x2 
 .rodata.infrared_scene_error_databases_on_enter.str1.4
                0x00007e6c       0x30 build/f7-firmware-D/.extapps/infrared/scenes/infrared_scene_error_databases.o
 .rodata.infrared_scene_gpio_settings_init.str1.4
                0x00007e9c       0x21 build/f7-firmware-D/.extapps/infrared/scenes/infrared_scene_gpio_settings.o
 *fill*         0x00007ebd        0x3 
 .rodata.str1.4
                0x00007ec0       0x1f build/f7-firmware-D/.extapps/infrared/scenes/infrared_scene_gpio_settings.o
 *fill*         0x00007edf        0x1 
 .rodata.infrared_scene_gpio_settings_otg_text
                0x00007ee0        0x8 build/f7-firmware-D/.extapps/infrared/scenes/infrared_scene_gpio_settings.o
 .rodata.infrared_scene_gpio_settings_pin_text
                0x00007ee8        0xc build/f7-firmware-D/.extapps/infrared/scenes/infrared_scene_gpio_settings.o
 .rodata.infrared_scene_learn_on_enter.str1.4
                0x00007ef4       0x30 build/f7-firmware-D/.extapps/infrared/scenes/infrared_scene_learn.o
 .rodata.infrared_scene_learn_done_on_enter.str1.4
                0x00007f24       0x12 build/f7-firmware-D/.extapps/infrared/scenes/infrared_scene_learn_done.o
 *fill*         0x00007f36        0x2 
 .rodata.infrared_scene_learn_enter_name_on_enter.str1.4
                0x00007f38       0x24 build/f7-firmware-D/.extapps/infrared/scenes/infrared_scene_learn_enter_name.o
 .rodata.infrared_scene_learn_enter_name_on_event.str1.4
                0x00007f5c       0x25 build/f7-firmware-D/.extapps/infrared/scenes/infrared_scene_learn_enter_name.o
 *fill*         0x00007f81        0x3 
 .rodata.infrared_scene_learn_success_on_enter.str1.4
                0x00007f84       0x45 build/f7-firmware-D/.extapps/infrared/scenes/infrared_scene_learn_success.o
 *fill*         0x00007fc9        0x3 
 .rodata.infrared_scene_remote_button_menu_callback.str1.4
                0x00007fcc       0x16 build/f7-firmware-D/.extapps/infrared/scenes/infrared_scene_remote.o
 *fill*         0x00007fe2        0x2 
 .rodata.infrared_scene_remote_on_enter.str1.4
                0x00007fe4        0x9 build/f7-firmware-D/.extapps/infrared/scenes/infrared_scene_remote.o
 *fill*         0x00007fed        0x3 
 .rodata.infrared_scene_remote_on_event.str1.4
                0x00007ff0       0x14 build/f7-firmware-D/.extapps/infrared/scenes/infrared_scene_remote.o
 .rodata.infrared_scene_remote_list_select_and_load.str1.4
                0x00008004       0x12 build/f7-firmware-D/.extapps/infrared/scenes/infrared_scene_remote_list.o
 *fill*         0x00008016        0x2 
 .rodata.infrared_scene_remote_list_on_event.str1.4
                0x00008018       0x44 build/f7-firmware-D/.extapps/infrared/scenes/infrared_scene_remote_list.o
 .rodata.infrared_scene_rpc_show.str1.4
                0x0000805c       0x15 build/f7-firmware-D/.extapps/infrared/scenes/infrared_scene_rpc.o
 *fill*         0x00008071        0x3 
 .rodata.infrared_scene_rpc_on_event.str1.4
                0x00008074       0x94 build/f7-firmware-D/.extapps/infrared/scenes/infrared_scene_rpc.o
 .rodata.infrared_scene_start_on_enter.str1.4
                0x00008108       0x4e build/f7-firmware-D/.extapps/infrared/scenes/infrared_scene_start.o
 *fill*         0x00008156        0x2 
 .rodata.infrared_scene_start_on_event.str1.4
                0x00008158        0xe build/f7-firmware-D/.extapps/infrared/scenes/infrared_scene_start.o
 *fill*         0x00008166        0x2 
 .rodata.infrared_scene_universal_on_enter.str1.4
                0x00008168       0x31 build/f7-firmware-D/.extapps/infrared/scenes/infrared_scene_universal.o
 *fill*         0x00008199        0x3 
 .rodata.infrared_scene_universal_ac_on_enter.str1.4
                0x0000819c       0x47 build/f7-firmware-D/.extapps/infrared/scenes/infrared_scene_universal_ac.o
 *fill*         0x000081e3        0x1 
 .rodata.infrared_scene_universal_audio_on_enter.str1.4
                0x000081e4       0x6d build/f7-firmware-D/.extapps/infrared/scenes/infrared_scene_universal_audio.o
 *fill*         0x00008251        0x3 
 .rodata.infrared_scene_universal_projector_on_enter.str1.4
                0x00008254       0x4e build/f7-firmware-D/.extapps/infrared/scenes/infrared_scene_universal_projector.o
 *fill*         0x000082a2        0x2 
 .rodata.infrared_scene_universal_tv_on_enter.str1.4
                0x000082a4       0x4f build/f7-firmware-D/.extapps/infrared/scenes/infrared_scene_universal_tv.o
 *fill*         0x000082f3        0x1 
 .rodata.infrared_debug_view_draw_callback.str1.4
                0x000082f4       0x12 build/f7-firmware-D/.extapps/infrared/views/infrared_debug_view.o
 *fill*         0x00008306        0x2 
 .rodata.infrared_move_view_draw_callback.str1.4
                0x00008308       0x18 build/f7-firmware-D/.extapps/infrared/views/infrared_move_view.o
 .rodata.infrared_progress_view_draw_callback.str1.4
                0x00008320       0x4b build/f7-firmware-D/.extapps/infrared/views/infrared_progress_view.o
 *fill*         0x0000836b        0x1 
 .rodata.infrared_find_vacant_remote_name.str1.4
                0x0000836c       0x20 build/f7-firmware-D/.extapps/infrared/infrared_app.o
 .rodata.infrared_alloc.str1.4
                0x0000838c       0x29 build/f7-firmware-D/.extapps/infrared/infrared_app.o
 *fill*         0x000083b5        0x3 
 .rodata.infrared_add_remote_with_button.str1.4
                0x000083b8       0x1e build/f7-firmware-D/.extapps/infrared/infrared_app.o
 *fill*         0x000083d6        0x2 
 .rodata.infrared_make_app_folder.str1.4
                0x000083d8       0x19 build/f7-firmware-D/.extapps/infrared/infrared_app.o
 *fill*         0x000083f1        0x3 
 .rodata.infrared_enable_otg.str1.4
                0x000083f4        0x6 build/f7-firmware-D/.extapps/infrared/infrared_app.o
 *fill*         0x000083fa        0x2 
 .rodata.infrared_save_settings.str1.4
                0x000083fc       0x3c build/f7-firmware-D/.extapps/infrared/infrared_app.o
 .rodata.infrared_load_settings.str1.4
                0x00008438       0x28 build/f7-firmware-D/.extapps/infrared/infrared_app.o
 .rodata.infrared_app.str1.4
                0x00008460       0x4c build/f7-firmware-D/.extapps/infrared/infrared_app.o
 .rodata.infrared_notification_sequences
                0x000084ac       0x20 build/f7-firmware-D/.extapps/infrared/infrared_app.o
 .rodata.infrared_remote_batch_start.str1.4
                0x000084cc       0x28 build/f7-firmware-D/.extapps/infrared/infrared_remote.o
 .rodata.infrared_remote_load_signal.str1.4
                0x000084f4       0x3b build/f7-firmware-D/.extapps/infrared/infrared_remote.o
 *fill*         0x0000852f        0x1 
 .rodata.infrared_remote_create.str1.4
                0x00008530       0x18 build/f7-firmware-D/.extapps/infrared/infrared_remote.o
 .rodata.infrared_remote_load.str1.4
                0x00008548       0x7b build/f7-firmware-D/.extapps/infrared/infrared_remote.o
 *fill*         0x000085c3        0x1 
 .rodata.I_SDQuestion_35x43
                0x000085c4        0xc build/f7-firmware-D/lib/libassets.a(assets_icons.o)
                0x000085c4                I_SDQuestion_35x43
 .rodata.I_RFIDDolphinSend_97x61
                0x000085d0        0xc build/f7-firmware-D/lib/libassets.a(assets_icons.o)
                0x000085d0                I_RFIDDolphinSend_97x61
 .rodata.I_Pin_back_arrow_10x8
                0x000085dc        0xc build/f7-firmware-D/lib/libassets.a(assets_icons.o)
                0x000085dc                I_Pin_back_arrow_10x8
 .rodata.I_volup_hover_24x21
                0x000085e8        0xc build/f7-firmware-D/lib/libassets.a(assets_icons.o)
                0x000085e8                I_volup_hover_24x21
 .rodata.I_volup_24x21
                0x000085f4        0xc build/f7-firmware-D/lib/libassets.a(assets_icons.o)
                0x000085f4                I_volup_24x21
 .rodata.I_voldown_hover_24x21
                0x00008600        0xc build/f7-firmware-D/lib/libassets.a(assets_icons.o)
                0x00008600                I_voldown_hover_24x21
 .rodata.I_voldown_24x21
                0x0000860c        0xc build/f7-firmware-D/lib/libassets.a(assets_icons.o)
                0x0000860c                I_voldown_24x21
 .rodata.I_vol_tv_text_29x34
                0x00008618        0xc build/f7-firmware-D/lib/libassets.a(assets_icons.o)
                0x00008618                I_vol_tv_text_29x34
 .rodata.I_vol_ac_text_30x30
                0x00008624        0xc build/f7-firmware-D/lib/libassets.a(assets_icons.o)
                0x00008624                I_vol_ac_text_30x30
 .rodata.I_prev_text_19x5
                0x00008630        0xc build/f7-firmware-D/lib/libassets.a(assets_icons.o)
                0x00008630                I_prev_text_19x5
 .rodata.I_prev_hover_19x20
                0x0000863c        0xc build/f7-firmware-D/lib/libassets.a(assets_icons.o)
                0x0000863c                I_prev_hover_19x20
 .rodata.I_prev_19x20
                0x00008648        0xc build/f7-firmware-D/lib/libassets.a(assets_icons.o)
                0x00008648                I_prev_19x20
 .rodata.I_power_text_24x5
                0x00008654        0xc build/f7-firmware-D/lib/libassets.a(assets_icons.o)
                0x00008654                I_power_text_24x5
 .rodata.I_power_hover_19x20
                0x00008660        0xc build/f7-firmware-D/lib/libassets.a(assets_icons.o)
                0x00008660                I_power_hover_19x20
 .rodata.I_power_19x20
                0x0000866c        0xc build/f7-firmware-D/lib/libassets.a(assets_icons.o)
                0x0000866c                I_power_19x20
 .rodata.I_play_text_19x5
                0x00008678        0xc build/f7-firmware-D/lib/libassets.a(assets_icons.o)
                0x00008678                I_play_text_19x5
 .rodata.I_play_hover_19x20
                0x00008684        0xc build/f7-firmware-D/lib/libassets.a(assets_icons.o)
                0x00008684                I_play_hover_19x20
 .rodata.I_play_19x20
                0x00008690        0xc build/f7-firmware-D/lib/libassets.a(assets_icons.o)
                0x00008690                I_play_19x20
 .rodata.I_pause_text_23x5
                0x0000869c        0xc build/f7-firmware-D/lib/libassets.a(assets_icons.o)
                0x0000869c                I_pause_text_23x5
 .rodata.I_pause_hover_19x20
                0x000086a8        0xc build/f7-firmware-D/lib/libassets.a(assets_icons.o)
                0x000086a8                I_pause_hover_19x20
 .rodata.I_pause_19x20
                0x000086b4        0xc build/f7-firmware-D/lib/libassets.a(assets_icons.o)
                0x000086b4                I_pause_19x20
 .rodata.I_off_text_12x5
                0x000086c0        0xc build/f7-firmware-D/lib/libassets.a(assets_icons.o)
                0x000086c0                I_off_text_12x5
 .rodata.I_off_hover_19x20