
Discarded input sections

 .text          0x00000000        0x0 build/f7-firmware-D/.extapps/js_notification/modules/js_notification.o
 .data          0x00000000        0x0 build/f7-firmware-D/.extapps/js_notification/modules/js_notification.o
 .bss           0x00000000        0x0 build/f7-firmware-D/.extapps/js_notification/modules/js_notification.o
 .comment       0x00000000       0x1c build/f7-firmware-D/.extapps/js_notification/modules/js_notification.o

Memory Configuration

Name             Origin             Length             Attributes
*default*        0x00000000         0xffffffff

Linker script and memory map

LOAD build/f7-firmware-D/.extapps/js_notification/modules/js_notification.o
LOAD /home/arjun/flipperzero-firmware/toolchain/x86_64-linux/bin/../lib/gcc/arm-none-eabi/12.3.1/../../../../arm-none-eabi/lib/thumb/v7e-m+fp/hard/libm.a
LOAD /home/arjun/flipperzero-firmware/toolchain/x86_64-linux/bin/../lib/gcc/arm-none-eabi/12.3.1/thumb/v7e-m+fp/hard/libgcc.a
LOAD /home/arjun/flipperzero-firmware/toolchain/x86_64-linux/bin/../lib/gcc/arm-none-eabi/12.3.1/../../../../arm-none-eabi/lib/thumb/v7e-m+fp/hard/libstdc++_nano.a
LOAD /home/arjun/flipperzero-firmware/toolchain/x86_64-linux/bin/../lib/gcc/arm-none-eabi/12.3.1/../../../../arm-none-eabi/lib/thumb/v7e-m+fp/hard/libsupc++_nano.a

.text           0x00000000      0x2d0
 *(.text)
 *(.stub)
 *(.text*)
 .text.js_notification_destroy
                0x00000000       0x14 build/f7-firmware-D/.extapps/js_notification/modules/js_notification.o
 .text.js_notification_create
                0x00000014       0xd8 build/f7-firmware-D/.extapps/js_notification/modules/js_notification.o
 .text.js_notify
                0x000000ec       0x58 build/f7-firmware-D/.extapps/js_notification/modules/js_notification.o
 .text.js_notify_blink
                0x00000144      0x134 build/f7-firmware-D/.extapps/js_notification/modules/js_notification.o
 .text.js_notify_error
                0x00000278       0x28 build/f7-firmware-D/.extapps/js_notification/modules/js_notification.o
 .text.js_notify_success
                0x000002a0       0x28 build/f7-firmware-D/.extapps/js_notification/modules/js_notification.o
 .text.js_notification_ep
                0x000002c8        0x8 build/f7-firmware-D/.extapps/js_notification/modules/js_notification.o
                0x000002c8                js_notification_ep
 *(.text.*)
 *(.text._*)
 *(.init)
 *(.fini)

.rodata         0x000002d0       0xd4
 *(.rodata)
 *(.rodata1)
 *(.rodata.*)
 .rodata.js_notification_destroy.str1.4
                0x000002d0        0xd build/f7-firmware-D/.extapps/js_notification/modules/js_notification.o
 *fill*         0x000002dd        0x3 
 .rodata.js_notification_create.str1.4
                0x000002e0       0x1a build/f7-firmware-D/.extapps/js_notification/modules/js_notification.o
 *fill*         0x000002fa        0x2 
 .rodata.js_notify_blink.str1.4
                0x000002fc       0x11 build/f7-firmware-D/.extapps/js_notification/modules/js_notification.o
 *fill*         0x0000030d        0x3 
 .rodata.str1.4
                0x00000310       0x30 build/f7-firmware-D/.extapps/js_notification/modules/js_notification.o
 .rodata.plugin_descriptor
                0x00000340        0xc build/f7-firmware-D/.extapps/js_notification/modules/js_notification.o
 .rodata.js_notification_desc
                0x0000034c       0x10 build/f7-firmware-D/.extapps/js_notification/modules/js_notification.o
 .rodata.led_sequences
                0x0000035c       0x48 build/f7-firmware-D/.extapps/js_notification/modules/js_notification.o

.data
 *(.data)
 *(.data1)
 *(.data.*)

.bss
 *(.bss)
 *(.bss*)
 *(.sbss)
 *(.sbss*)
 *(COMMON)

.stab
 *(.stab)

.stabstr
 *(.stabstr)

.stab.excl
 *(.stab.excl)

.stab.exclstr
 *(.stab.exclstr)

.stab.index
 *(.stab.index)

.stab.indexstr
 *(.stab.indexstr)

.gnu.build.attributes
 *(.gnu.build.attributes .gnu.build.attributes.*)

.debug
 *(.debug)

.line
 *(.line)

.debug_srcinfo
 *(.debug_srcinfo)

.debug_sfnames
 *(.debug_sfnames)

.debug_aranges  0x00000000       0x50
 *(.debug_aranges)
 .debug_aranges
                0x00000000       0x50 build/f7-firmware-D/.extapps/js_notification/modules/js_notification.o

.debug_pubnames
 *(.debug_pubnames)

.debug_info     0x00000000      0xe6d
 *(.debug_info .gnu.linkonce.wi.*)
 .debug_info    0x00000000      0xe6d build/f7-firmware-D/.extapps/js_notification/modules/js_notification.o

.debug_abbrev   0x00000000      0x2ec
 *(.debug_abbrev)
 .debug_abbrev  0x00000000      0x2ec build/f7-firmware-D/.extapps/js_notification/modules/js_notification.o

.debug_line     0x00000000      0x5d6
 *(.debug_line .debug_line.* .debug_line_end)
 .debug_line    0x00000000      0x3a9 build/f7-firmware-D/.extapps/js_notification/modules/js_notification.o
 .debug_line.text.js_notification_destroy
                0x000003a9       0x1e build/f7-firmware-D/.extapps/js_notification/modules/js_notification.o
 .debug_line.text.js_notification_create
                0x000003c7       0x41 build/f7-firmware-D/.extapps/js_notification/modules/js_notification.o
 .debug_line.text.js_notify
                0x00000408       0x5b build/f7-firmware-D/.extapps/js_notification/modules/js_notification.o
 .debug_line.text.js_notify_blink
                0x00000463      0x120 build/f7-firmware-D/.extapps/js_notification/modules/js_notification.o
 .debug_line.text.js_notify_error
                0x00000583       0x1d build/f7-firmware-D/.extapps/js_notification/modules/js_notification.o
 .debug_line.text.js_notify_success
                0x000005a0       0x1d build/f7-firmware-D/.extapps/js_notification/modules/js_notification.o
 .debug_line.text.js_notification_ep
                0x000005bd       0x19 build/f7-firmware-D/.extapps/js_notification/modules/js_notification.o
 .debug_line_end
                0x000005d6        0x0 build/f7-firmware-D/.extapps/js_notification/modules/js_notification.o

.debug_frame    0x00000000       0xe0
 *(.debug_frame)
 .debug_frame   0x00000000       0xe0 build/f7-firmware-D/.extapps/js_notification/modules/js_notification.o

.debug_str      0x00000000      0xca9
 *(.debug_str)
 .debug_str     0x00000000      0xca9 build/f7-firmware-D/.extapps/js_notification/modules/js_notification.o

.debug_loc
 *(.debug_loc)

.debug_macinfo
 *(.debug_macinfo)

.debug_weaknames
 *(.debug_weaknames)

.debug_funcnames
 *(.debug_funcnames)

.debug_typenames
 *(.debug_typenames)

.debug_varnames
 *(.debug_varnames)

.debug_pubtypes
 *(.debug_pubtypes)

.debug_ranges
 *(.debug_ranges)

.debug_addr
 *(.debug_addr)

.debug_line_str
 *(.debug_line_str)

.debug_loclists
                0x00000000      0x203
 *(.debug_loclists)
 .debug_loclists
                0x00000000      0x203 build/f7-firmware-D/.extapps/js_notification/modules/js_notification.o

.debug_macro
 *(.debug_macro)

.debug_names
 *(.debug_names)

.debug_rnglists
                0x00000000       0x4b
 *(.debug_rnglists)
 .debug_rnglists
                0x00000000       0x4b build/f7-firmware-D/.extapps/js_notification/modules/js_notification.o

.debug_str_offsets
 *(.debug_str_offsets)

.debug_sup
 *(.debug_sup)

.ARM.attributes
                0x00000000       0x34
 *(.ARM.attributes)
 .ARM.attributes
                0x00000000       0x34 build/f7-firmware-D/.extapps/js_notification/modules/js_notification.o
 *(.gnu.attributes)

.note.gnu.arm.ident
 *(.note.gnu.arm.ident)

/DISCARD/
 *(.note.GNU-stack)
 *(.gnu_debuglink)
 *(.gnu.lto_*)

/DISCARD/
 *(.comment)
 *(.comment.*)
 *(.llvmbc)
 *(.llvmcmd)
OUTPUT(build/f7-firmware-D/.extapps/js_notification_d.elf elf32-littlearm)
LOAD linker stubs
