
Discarded input sections

 .text          0x00000000        0x0 build/f7-firmware-D/.extapps/ndef_mfc_parser/plugins/supported_cards/ndef.o
 .data          0x00000000        0x0 build/f7-firmware-D/.extapps/ndef_mfc_parser/plugins/supported_cards/ndef.o
 .bss           0x00000000        0x0 build/f7-firmware-D/.extapps/ndef_mfc_parser/plugins/supported_cards/ndef.o
 .comment       0x00000000       0x1c build/f7-firmware-D/.extapps/ndef_mfc_parser/plugins/supported_cards/ndef.o

Memory Configuration

Name             Origin             Length             Attributes
*default*        0x00000000         0xffffffff

Linker script and memory map

LOAD build/f7-firmware-D/.extapps/ndef_mfc_parser/plugins/supported_cards/ndef.o
LOAD /home/arjun/flipperzero-firmware/toolchain/x86_64-linux/bin/../lib/gcc/arm-none-eabi/12.3.1/../../../../arm-none-eabi/lib/thumb/v7e-m+fp/hard/libm.a
LOAD /home/arjun/flipperzero-firmware/toolchain/x86_64-linux/bin/../lib/gcc/arm-none-eabi/12.3.1/thumb/v7e-m+fp/hard/libgcc.a
LOAD /home/arjun/flipperzero-firmware/toolchain/x86_64-linux/bin/../lib/gcc/arm-none-eabi/12.3.1/../../../../arm-none-eabi/lib/thumb/v7e-m+fp/hard/libstdc++_nano.a
LOAD /home/arjun/flipperzero-firmware/toolchain/x86_64-linux/bin/../lib/gcc/arm-none-eabi/12.3.1/../../../../arm-none-eabi/lib/thumb/v7e-m+fp/hard/libsupc++_nano.a

.text           0x00000000     0x107c
 *(.text)
 *(.stub)
 *(.text*)
 .text.is_text  0x00000000       0x4e build/f7-firmware-D/.extapps/ndef_mfc_parser/plugins/supported_cards/ndef.o
 .text.hex_to_int
                0x0000004e       0x2e build/f7-firmware-D/.extapps/ndef_mfc_parser/plugins/supported_cards/ndef.o
 .text.url_decode_char
                0x0000007c       0x1c build/f7-firmware-D/.extapps/ndef_mfc_parser/plugins/supported_cards/ndef.o
 .text.ndef_get
                0x00000098       0xc0 build/f7-firmware-D/.extapps/ndef_mfc_parser/plugins/supported_cards/ndef.o
 .text.ndef_parse_uri
                0x00000158      0x210 build/f7-firmware-D/.extapps/ndef_mfc_parser/plugins/supported_cards/ndef.o
 .text.ndef_print
                0x00000368       0x70 build/f7-firmware-D/.extapps/ndef_mfc_parser/plugins/supported_cards/ndef.o
 .text.ndef_dump
                0x000003d8      0x10c build/f7-firmware-D/.extapps/ndef_mfc_parser/plugins/supported_cards/ndef.o
 .text.ndef_parse_text
                0x000004e4       0x30 build/f7-firmware-D/.extapps/ndef_mfc_parser/plugins/supported_cards/ndef.o
 .text.ndef_parse_bt
                0x00000514       0x3c build/f7-firmware-D/.extapps/ndef_mfc_parser/plugins/supported_cards/ndef.o
 .text.ndef_parse_vcard
                0x00000550      0x120 build/f7-firmware-D/.extapps/ndef_mfc_parser/plugins/supported_cards/ndef.o
 .text.ndef_parse_wifi
                0x00000670      0x238 build/f7-firmware-D/.extapps/ndef_mfc_parser/plugins/supported_cards/ndef.o
 .text.ndef_parse_message
                0x000008a8      0x2cc build/f7-firmware-D/.extapps/ndef_mfc_parser/plugins/supported_cards/ndef.o
                0x000008a8                ndef_parse_message
 .text.ndef_parse_record
                0x00000b74      0x1e4 build/f7-firmware-D/.extapps/ndef_mfc_parser/plugins/supported_cards/ndef.o
                0x00000b74                ndef_parse_record
 .text.ndef_parse_tlv
                0x00000d58      0x100 build/f7-firmware-D/.extapps/ndef_mfc_parser/plugins/supported_cards/ndef.o
                0x00000d58                ndef_parse_tlv
 .text.ndef_mfc_parse
                0x00000e58      0x21c build/f7-firmware-D/.extapps/ndef_mfc_parser/plugins/supported_cards/ndef.o
 .text.ndef_plugin_ep
                0x00001074        0x8 build/f7-firmware-D/.extapps/ndef_mfc_parser/plugins/supported_cards/ndef.o
                0x00001074                ndef_plugin_ep
 *(.text.*)
 *(.text._*)
 *(.init)
 *(.fini)

.rodata         0x0000107c      0x600
 *(.rodata)
 .rodata        0x0000107c       0x10 build/f7-firmware-D/.extapps/ndef_mfc_parser/plugins/supported_cards/ndef.o
 *(.rodata1)
 *(.rodata.*)
 .rodata.ndef_parse_uri.str1.4
                0x0000108c       0x38 build/f7-firmware-D/.extapps/ndef_mfc_parser/plugins/supported_cards/ndef.o
 .rodata.ndef_print.str1.4
                0x000010c4       0x16 build/f7-firmware-D/.extapps/ndef_mfc_parser/plugins/supported_cards/ndef.o
 *fill*         0x000010da        0x2 
 .rodata.ndef_parse_text.str1.4
                0x000010dc        0x6 build/f7-firmware-D/.extapps/ndef_mfc_parser/plugins/supported_cards/ndef.o
 *fill*         0x000010e2        0x2 
 .rodata.ndef_parse_bt.str1.4
                0x000010e4        0x8 build/f7-firmware-D/.extapps/ndef_mfc_parser/plugins/supported_cards/ndef.o
 .rodata.ndef_parse_vcard.str1.4
                0x000010ec       0x2d build/f7-firmware-D/.extapps/ndef_mfc_parser/plugins/supported_cards/ndef.o
 *fill*         0x00001119        0x3 
 .rodata.ndef_parse_wifi.str1.4
                0x0000111c       0xcc build/f7-firmware-D/.extapps/ndef_mfc_parser/plugins/supported_cards/ndef.o
 .rodata.ndef_parse_message.str1.4
                0x000011e8      0x10a build/f7-firmware-D/.extapps/ndef_mfc_parser/plugins/supported_cards/ndef.o
 *fill*         0x000012f2        0x2 
 .rodata.ndef_parse_record.str1.4
                0x000012f4      0x105 build/f7-firmware-D/.extapps/ndef_mfc_parser/plugins/supported_cards/ndef.o
 *fill*         0x000013f9        0x3 
 .rodata.ndef_parse_tlv.str1.4
                0x000013fc        0xa build/f7-firmware-D/.extapps/ndef_mfc_parser/plugins/supported_cards/ndef.o
 *fill*         0x00001406        0x2 
 .rodata.ndef_mfc_parse.str1.4
                0x00001408       0x40 build/f7-firmware-D/.extapps/ndef_mfc_parser/plugins/supported_cards/ndef.o
 .rodata.str1.4
                0x00001448      0x181 build/f7-firmware-D/.extapps/ndef_mfc_parser/plugins/supported_cards/ndef.o
 *fill*         0x000015c9        0x3 
 .rodata.ndef_plugin_descriptor
                0x000015cc        0xc build/f7-firmware-D/.extapps/ndef_mfc_parser/plugins/supported_cards/ndef.o
 .rodata.ndef_plugin
                0x000015d8       0x10 build/f7-firmware-D/.extapps/ndef_mfc_parser/plugins/supported_cards/ndef.o
 .rodata.ndef_aid
                0x000015e8        0x2 build/f7-firmware-D/.extapps/ndef_mfc_parser/plugins/supported_cards/ndef.o
 *fill*         0x000015ea        0x2 
 .rodata.ndef_uri_prepends
                0x000015ec       0x90 build/f7-firmware-D/.extapps/ndef_mfc_parser/plugins/supported_cards/ndef.o

.data
 *(.data)
 *(.data1)
 *(.data.*)

.bss
 *(.bss)
 *(.bss*)
 *(.sbss)
 *(.sbss*)
 *(COMMON)

.stab
 *(.stab)

.stabstr
 *(.stabstr)

.stab.excl
 *(.stab.excl)

.stab.exclstr
 *(.stab.exclstr)

.stab.index
 *(.stab.index)

.stab.indexstr
 *(.stab.indexstr)

.gnu.build.attributes
 *(.gnu.build.attributes .gnu.build.attributes.*)

.debug
 *(.debug)

.line
 *(.line)

.debug_srcinfo
 *(.debug_srcinfo)

.debug_sfnames
 *(.debug_sfnames)

.debug_aranges  0x00000000       0x98
 *(.debug_aranges)
 .debug_aranges
                0x00000000       0x98 build/f7-firmware-D/.extapps/ndef_mfc_parser/plugins/supported_cards/ndef.o

.debug_pubnames
 *(.debug_pubnames)

.debug_info     0x00000000     0x292a
 *(.debug_info .gnu.linkonce.wi.*)
 .debug_info    0x00000000     0x292a build/f7-firmware-D/.extapps/ndef_mfc_parser/plugins/supported_cards/ndef.o

.debug_abbrev   0x00000000      0x44f
 *(.debug_abbrev)
 .debug_abbrev  0x00000000      0x44f build/f7-firmware-D/.extapps/ndef_mfc_parser/plugins/supported_cards/ndef.o

.debug_line     0x00000000     0x12aa
 *(.debug_line .debug_line.* .debug_line_end)
 .debug_line    0x00000000      0x39d build/f7-firmware-D/.extapps/ndef_mfc_parser/plugins/supported_cards/ndef.o
 .debug_line.text.is_text
                0x0000039d       0x7e build/f7-firmware-D/.extapps/ndef_mfc_parser/plugins/supported_cards/ndef.o
 .debug_line.text.hex_to_int
                0x0000041b       0x5c build/f7-firmware-D/.extapps/ndef_mfc_parser/plugins/supported_cards/ndef.o
 .debug_line.text.url_decode_char
                0x00000477       0x2a build/f7-firmware-D/.extapps/ndef_mfc_parser/plugins/supported_cards/ndef.o
 .debug_line.text.ndef_get
                0x000004a1      0x119 build/f7-firmware-D/.extapps/ndef_mfc_parser/plugins/supported_cards/ndef.o
 .debug_line.text.ndef_parse_uri
                0x000005ba      0x231 build/f7-firmware-D/.extapps/ndef_mfc_parser/plugins/supported_cards/ndef.o
 .debug_line.text.ndef_print
                0x000007eb       0x5f build/f7-firmware-D/.extapps/ndef_mfc_parser/plugins/supported_cards/ndef.o
 .debug_line.text.ndef_dump
                0x0000084a      0x11a build/f7-firmware-D/.extapps/ndef_mfc_parser/plugins/supported_cards/ndef.o
 .debug_line.text.ndef_parse_text
                0x00000964       0x26 build/f7-firmware-D/.extapps/ndef_mfc_parser/plugins/supported_cards/ndef.o
 .debug_line.text.ndef_parse_bt
                0x0000098a       0x31 build/f7-firmware-D/.extapps/ndef_mfc_parser/plugins/supported_cards/ndef.o
 .debug_line.text.ndef_parse_vcard
                0x000009bb      0x149 build/f7-firmware-D/.extapps/ndef_mfc_parser/plugins/supported_cards/ndef.o
 .debug_line.text.ndef_parse_wifi
                0x00000b04      0x18b build/f7-firmware-D/.extapps/ndef_mfc_parser/plugins/supported_cards/ndef.o
 .debug_line.text.ndef_parse_message
                0x00000c8f      0x1fb build/f7-firmware-D/.extapps/ndef_mfc_parser/plugins/supported_cards/ndef.o
 .debug_line.text.ndef_parse_record
                0x00000e8a       0xd1 build/f7-firmware-D/.extapps/ndef_mfc_parser/plugins/supported_cards/ndef.o
 .debug_line.text.ndef_parse_tlv
                0x00000f5b       0xde build/f7-firmware-D/.extapps/ndef_mfc_parser/plugins/supported_cards/ndef.o
 .debug_line.text.ndef_mfc_parse
                0x00001039      0x258 build/f7-firmware-D/.extapps/ndef_mfc_parser/plugins/supported_cards/ndef.o
 .debug_line.text.ndef_plugin_ep
                0x00001291       0x19 build/f7-firmware-D/.extapps/ndef_mfc_parser/plugins/supported_cards/ndef.o
 .debug_line_end
                0x000012aa        0x0 build/f7-firmware-D/.extapps/ndef_mfc_parser/plugins/supported_cards/ndef.o

.debug_frame    0x00000000      0x268
 *(.debug_frame)
 .debug_frame   0x00000000      0x268 build/f7-firmware-D/.extapps/ndef_mfc_parser/plugins/supported_cards/ndef.o

.debug_str      0x00000000      0xeb2
 *(.debug_str)
 .debug_str     0x00000000      0xeb2 build/f7-firmware-D/.extapps/ndef_mfc_parser/plugins/supported_cards/ndef.o

.debug_loc
 *(.debug_loc)

.debug_macinfo
 *(.debug_macinfo)

.debug_weaknames
 *(.debug_weaknames)

.debug_funcnames
 *(.debug_funcnames)

.debug_typenames
 *(.debug_typenames)

.debug_varnames
 *(.debug_varnames)

.debug_pubtypes
 *(.debug_pubtypes)

.debug_ranges
 *(.debug_ranges)

.debug_addr
 *(.debug_addr)

.debug_line_str
 *(.debug_line_str)

.debug_loclists
                0x00000000     0x1081
 *(.debug_loclists)
 .debug_loclists
                0x00000000     0x1081 build/f7-firmware-D/.extapps/ndef_mfc_parser/plugins/supported_cards/ndef.o

.debug_macro
 *(.debug_macro)

.debug_names
 *(.debug_names)

.debug_rnglists
                0x00000000      0x17e
 *(.debug_rnglists)
 .debug_rnglists
                0x00000000      0x17e build/f7-firmware-D/.extapps/ndef_mfc_parser/plugins/supported_cards/ndef.o

.debug_str_offsets
 *(.debug_str_offsets)

.debug_sup
 *(.debug_sup)

.ARM.attributes
                0x00000000       0x34
 *(.ARM.attributes)
 .ARM.attributes
                0x00000000       0x34 build/f7-firmware-D/.extapps/ndef_mfc_parser/plugins/supported_cards/ndef.o
 *(.gnu.attributes)

.note.gnu.arm.ident
 *(.note.gnu.arm.ident)

/DISCARD/
 *(.note.GNU-stack)
 *(.gnu_debuglink)
 *(.gnu.lto_*)

/DISCARD/
 *(.comment)
 *(.comment.*)
 *(.llvmbc)
 *(.llvmcmd)
OUTPUT(build/f7-firmware-D/.extapps/ndef_mfc_parser_d.elf elf32-littlearm)
LOAD linker stubs
